/src/gs25122/miniconda3/envs/mamba/lib/python3.10/site-packages/mamba_ssm/ops/selective_scan_interface.py:164: FutureWarning: `torch.cuda.amp.custom_fwd(args...)` is deprecated. Please use `torch.amp.custom_fwd(args..., device_type='cuda')` instead.
  def forward(ctx, xz, conv1d_weight, conv1d_bias, x_proj_weight, delta_proj_weight,
/src/gs25122/miniconda3/envs/mamba/lib/python3.10/site-packages/mamba_ssm/ops/selective_scan_interface.py:240: FutureWarning: `torch.cuda.amp.custom_bwd(args...)` is deprecated. Please use `torch.amp.custom_bwd(args..., device_type='cuda')` instead.
  def backward(ctx, dout):
/src/gs25122/miniconda3/envs/mamba/lib/python3.10/site-packages/mamba_ssm/ops/triton/layer_norm.py:986: FutureWarning: `torch.cuda.amp.custom_fwd(args...)` is deprecated. Please use `torch.amp.custom_fwd(args..., device_type='cuda')` instead.
  def forward(
/src/gs25122/miniconda3/envs/mamba/lib/python3.10/site-packages/mamba_ssm/ops/triton/layer_norm.py:1045: FutureWarning: `torch.cuda.amp.custom_bwd(args...)` is deprecated. Please use `torch.amp.custom_bwd(args..., device_type='cuda')` instead.
  def backward(ctx, dout, *args):
/src/gs25122/miniconda3/envs/mamba/lib/python3.10/site-packages/mamba_ssm/distributed/tensor_parallel.py:26: FutureWarning: `torch.cuda.amp.custom_fwd(args...)` is deprecated. Please use `torch.amp.custom_fwd(args..., device_type='cuda')` instead.
  def forward(ctx, x, weight, bias, process_group=None, sequence_parallel=True):
/src/gs25122/miniconda3/envs/mamba/lib/python3.10/site-packages/mamba_ssm/distributed/tensor_parallel.py:62: FutureWarning: `torch.cuda.amp.custom_bwd(args...)` is deprecated. Please use `torch.amp.custom_bwd(args..., device_type='cuda')` instead.
  def backward(ctx, grad_output):
/src/gs25122/miniconda3/envs/mamba/lib/python3.10/site-packages/mamba_ssm/ops/triton/ssd_combined.py:758: FutureWarning: `torch.cuda.amp.custom_fwd(args...)` is deprecated. Please use `torch.amp.custom_fwd(args..., device_type='cuda')` instead.
  def forward(ctx, zxbcdt, conv1d_weight, conv1d_bias, dt_bias, A, D, chunk_size, initial_states=None, seq_idx=None, dt_limit=(0.0, float("inf")), return_final_states=False, activation="silu",
/src/gs25122/miniconda3/envs/mamba/lib/python3.10/site-packages/mamba_ssm/ops/triton/ssd_combined.py:836: FutureWarning: `torch.cuda.amp.custom_bwd(args...)` is deprecated. Please use `torch.amp.custom_bwd(args..., device_type='cuda')` instead.
  def backward(ctx, dout, *args):
mode=full  dataset=euroc  seed=2  lr=2.58e-05  epochs=60  align=gravity yaw=185
  V1_02_medium         8350 samples    75.9 m  world-accel [+0.01 -0.00 +9.76]  body-accel [+0.27 -1.07 -9.77]
  V2_03_difficult     11484 samples    86.1 m  world-accel [+0.05 +0.08 +9.78]  body-accel [+0.09 -1.11 -9.80]
  MH_05_difficult     11105 samples    97.6 m  world-accel [+0.10 -0.03 +9.76]  body-accel [+0.32 -1.06 -9.70]
  MH_01_easy          18190 samples    80.6 m  world-accel [+0.01 +0.12 +9.76]  body-accel [+0.29 -0.96 -9.67]
  MH_02_easy          14996 samples    73.5 m  world-accel [+0.04 +0.12 +9.75]  body-accel [+0.55 -0.91 -9.61]
  MH_04_difficult      9875 samples    91.7 m  world-accel [+0.10 -0.05 +9.76]  body-accel [+0.31 -1.02 -9.71]
  V1_03_difficult     10465 samples    79.0 m  world-accel [+0.00 -0.05 +9.79]  body-accel [+0.26 -1.10 -9.89]
  V2_02_medium        11544 samples    83.2 m  world-accel [+0.04 +0.11 +9.78]  body-accel [+0.06 -1.07 -9.80]
  V1_01_easy          14470 samples    58.4 m  world-accel [+0.05 -0.08 +9.76]  body-accel [+0.22 -1.06 -9.71]
train sequences (4): V1_02_medium V2_03_difficult MH_05_difficult MH_01_easy
  windows euroc|gravity|185.0|V1_02_medium-V2_03_difficult-MH_05_difficult-MH_01_easy|train: 10165 (cache)
  windows euroc|gravity|185.0|V1_02_medium-V2_03_difficult-MH_05_difficult-MH_01_easy|val: 580 (cache)
trainable: 76,582 / 76,582 (100.0%)
Epoch   1/60 | loss 0.17300 | val ATE 7.5910 | best 7.5910 @1 | 843s
Epoch  10/60 | loss 0.04644 | val ATE 2.8181 | best 2.8181 @10 | 946s
Epoch  20/60 | loss 0.03994 | val ATE 2.7408 | best 2.7251 @15 | 964s
Epoch  30/60 | loss 0.03697 | val ATE 2.7872 | best 2.7168 @21 | 982s
Epoch  40/60 | loss 0.03591 | val ATE 2.7571 | best 2.7168 @21 | 1001s
Epoch  50/60 | loss 0.03504 | val ATE 2.7132 | best 2.7132 @50 | 1018s
Epoch  60/60 | loss 0.03434 | val ATE 2.7001 | best 2.7001 @60 | 1035s

best val ATE 2.7001 at epoch 60

==============================================
  FULL  euroc test
==============================================
trajectory           ATE [m]   TDE [%]
--------------------------------------
MH_02_easy             3.056     88.60
MH_04_difficult        2.888     97.05
V1_03_difficult        3.312     84.97
V2_02_medium           1.104     17.09
V1_01_easy             1.508    120.35
--------------------------------------
mean                   2.374     81.61

    FULL  ATE 2.3739  TDE 81.6118
wrote /src/gs25122/MARIO/runs/transfer_nm/euroc_full_n4_s2
