/src/gs25122/miniconda3/envs/mamba/lib/python3.10/site-packages/mamba_ssm/ops/selective_scan_interface.py:164: FutureWarning: `torch.cuda.amp.custom_fwd(args...)` is deprecated. Please use `torch.amp.custom_fwd(args..., device_type='cuda')` instead.
  def forward(ctx, xz, conv1d_weight, conv1d_bias, x_proj_weight, delta_proj_weight,
/src/gs25122/miniconda3/envs/mamba/lib/python3.10/site-packages/mamba_ssm/ops/selective_scan_interface.py:240: FutureWarning: `torch.cuda.amp.custom_bwd(args...)` is deprecated. Please use `torch.amp.custom_bwd(args..., device_type='cuda')` instead.
  def backward(ctx, dout):
/src/gs25122/miniconda3/envs/mamba/lib/python3.10/site-packages/mamba_ssm/ops/triton/layer_norm.py:986: FutureWarning: `torch.cuda.amp.custom_fwd(args...)` is deprecated. Please use `torch.amp.custom_fwd(args..., device_type='cuda')` instead.
  def forward(
/src/gs25122/miniconda3/envs/mamba/lib/python3.10/site-packages/mamba_ssm/ops/triton/layer_norm.py:1045: FutureWarning: `torch.cuda.amp.custom_bwd(args...)` is deprecated. Please use `torch.amp.custom_bwd(args..., device_type='cuda')` instead.
  def backward(ctx, dout, *args):
/src/gs25122/miniconda3/envs/mamba/lib/python3.10/site-packages/mamba_ssm/distributed/tensor_parallel.py:26: FutureWarning: `torch.cuda.amp.custom_fwd(args...)` is deprecated. Please use `torch.amp.custom_fwd(args..., device_type='cuda')` instead.
  def forward(ctx, x, weight, bias, process_group=None, sequence_parallel=True):
/src/gs25122/miniconda3/envs/mamba/lib/python3.10/site-packages/mamba_ssm/distributed/tensor_parallel.py:62: FutureWarning: `torch.cuda.amp.custom_bwd(args...)` is deprecated. Please use `torch.amp.custom_bwd(args..., device_type='cuda')` instead.
  def backward(ctx, grad_output):
/src/gs25122/miniconda3/envs/mamba/lib/python3.10/site-packages/mamba_ssm/ops/triton/ssd_combined.py:758: FutureWarning: `torch.cuda.amp.custom_fwd(args...)` is deprecated. Please use `torch.amp.custom_fwd(args..., device_type='cuda')` instead.
  def forward(ctx, zxbcdt, conv1d_weight, conv1d_bias, dt_bias, A, D, chunk_size, initial_states=None, seq_idx=None, dt_limit=(0.0, float("inf")), return_final_states=False, activation="silu",
/src/gs25122/miniconda3/envs/mamba/lib/python3.10/site-packages/mamba_ssm/ops/triton/ssd_combined.py:836: FutureWarning: `torch.cuda.amp.custom_bwd(args...)` is deprecated. Please use `torch.amp.custom_bwd(args..., device_type='cuda')` instead.
  def backward(ctx, dout, *args):
mode=head  dataset=euroc  seed=1  lr=2.58e-05  epochs=60  align=gravity yaw=185
  V1_02_medium         8350 samples    75.9 m  world-accel [+0.01 -0.00 +9.76]  body-accel [+0.27 -1.07 -9.77]
  V2_03_difficult     11484 samples    86.1 m  world-accel [+0.05 +0.08 +9.78]  body-accel [+0.09 -1.11 -9.80]
  MH_02_easy          14996 samples    73.5 m  world-accel [+0.04 +0.12 +9.75]  body-accel [+0.55 -0.91 -9.61]
  MH_04_difficult      9875 samples    91.7 m  world-accel [+0.10 -0.05 +9.76]  body-accel [+0.31 -1.02 -9.71]
  V1_03_difficult     10465 samples    79.0 m  world-accel [+0.00 -0.05 +9.79]  body-accel [+0.26 -1.10 -9.89]
  V2_02_medium        11544 samples    83.2 m  world-accel [+0.04 +0.11 +9.78]  body-accel [+0.06 -1.07 -9.80]
  V1_01_easy          14470 samples    58.4 m  world-accel [+0.05 -0.08 +9.76]  body-accel [+0.22 -1.06 -9.71]
train sequences (2): V1_02_medium V2_03_difficult
  windows euroc|gravity|185.0|V1_02_medium-V2_03_difficult|train: 3821 (cache)
  windows euroc|gravity|185.0|V1_02_medium-V2_03_difficult|val: 195 (cache)
trainable: 17,414 / 76,582 (22.7%)
Epoch   1/60 | loss 0.11673 | val ATE 2.3013 | best 2.3013 @1 | 693s
Epoch  10/60 | loss 0.06473 | val ATE 1.5681 | best 1.4305 @3 | 696s
Epoch  20/60 | loss 0.06214 | val ATE 1.6149 | best 1.4305 @3 | 700s
Epoch  30/60 | loss 0.06057 | val ATE 1.5869 | best 1.4305 @3 | 703s
Epoch  40/60 | loss 0.05949 | val ATE 1.5668 | best 1.4305 @3 | 707s
Epoch  50/60 | loss 0.05866 | val ATE 1.5419 | best 1.4305 @3 | 711s
Epoch  60/60 | loss 0.05800 | val ATE 1.5171 | best 1.4305 @3 | 715s

best val ATE 1.4305 at epoch 3

==============================================
  HEAD  euroc test
==============================================
trajectory           ATE [m]   TDE [%]
--------------------------------------
MH_02_easy             8.007    232.11
MH_04_difficult        3.524    118.41
V1_03_difficult        3.963    101.68
V2_02_medium           1.300     20.11
V1_01_easy             4.303    343.33
--------------------------------------
mean                   4.219    163.13

    HEAD  ATE 4.2194  TDE 163.1294
wrote /src/gs25122/MARIO/runs/transfer_nm/euroc_head_n2_s1
