/src/gs25122/miniconda3/envs/mamba/lib/python3.10/site-packages/mamba_ssm/ops/selective_scan_interface.py:164: FutureWarning: `torch.cuda.amp.custom_fwd(args...)` is deprecated. Please use `torch.amp.custom_fwd(args..., device_type='cuda')` instead.
  def forward(ctx, xz, conv1d_weight, conv1d_bias, x_proj_weight, delta_proj_weight,
/src/gs25122/miniconda3/envs/mamba/lib/python3.10/site-packages/mamba_ssm/ops/selective_scan_interface.py:240: FutureWarning: `torch.cuda.amp.custom_bwd(args...)` is deprecated. Please use `torch.amp.custom_bwd(args..., device_type='cuda')` instead.
  def backward(ctx, dout):
/src/gs25122/miniconda3/envs/mamba/lib/python3.10/site-packages/mamba_ssm/ops/triton/layer_norm.py:986: FutureWarning: `torch.cuda.amp.custom_fwd(args...)` is deprecated. Please use `torch.amp.custom_fwd(args..., device_type='cuda')` instead.
  def forward(
/src/gs25122/miniconda3/envs/mamba/lib/python3.10/site-packages/mamba_ssm/ops/triton/layer_norm.py:1045: FutureWarning: `torch.cuda.amp.custom_bwd(args...)` is deprecated. Please use `torch.amp.custom_bwd(args..., device_type='cuda')` instead.
  def backward(ctx, dout, *args):
/src/gs25122/miniconda3/envs/mamba/lib/python3.10/site-packages/mamba_ssm/distributed/tensor_parallel.py:26: FutureWarning: `torch.cuda.amp.custom_fwd(args...)` is deprecated. Please use `torch.amp.custom_fwd(args..., device_type='cuda')` instead.
  def forward(ctx, x, weight, bias, process_group=None, sequence_parallel=True):
/src/gs25122/miniconda3/envs/mamba/lib/python3.10/site-packages/mamba_ssm/distributed/tensor_parallel.py:62: FutureWarning: `torch.cuda.amp.custom_bwd(args...)` is deprecated. Please use `torch.amp.custom_bwd(args..., device_type='cuda')` instead.
  def backward(ctx, grad_output):
/src/gs25122/miniconda3/envs/mamba/lib/python3.10/site-packages/mamba_ssm/ops/triton/ssd_combined.py:758: FutureWarning: `torch.cuda.amp.custom_fwd(args...)` is deprecated. Please use `torch.amp.custom_fwd(args..., device_type='cuda')` instead.
  def forward(ctx, zxbcdt, conv1d_weight, conv1d_bias, dt_bias, A, D, chunk_size, initial_states=None, seq_idx=None, dt_limit=(0.0, float("inf")), return_final_states=False, activation="silu",
/src/gs25122/miniconda3/envs/mamba/lib/python3.10/site-packages/mamba_ssm/ops/triton/ssd_combined.py:836: FutureWarning: `torch.cuda.amp.custom_bwd(args...)` is deprecated. Please use `torch.amp.custom_bwd(args..., device_type='cuda')` instead.
  def backward(ctx, dout, *args):
  windows uzhfpv|yaw|310.0|indoor_forward_3|train: 586 (built)
  windows uzhfpv|yaw|310.0|indoor_forward_3|val: 0 (built)
n=1     1 seqs  0.82 min  train    586 windows  val     0  [19s]
  windows uzhfpv|yaw|310.0|indoor_forward_3-indoor_forward_5|train: 586 (built)
  windows uzhfpv|yaw|310.0|indoor_forward_3-indoor_forward_5|val: 0 (built)
n=2     2 seqs  1.15 min  train    586 windows  val     0  [19s]
  windows uzhfpv|yaw|310.0|indoor_forward_3-indoor_forward_5-indoor_forward_6-indoor_forward_7|train: 1701 (built)
  windows uzhfpv|yaw|310.0|indoor_forward_3-indoor_forward_5-indoor_forward_6-indoor_forward_7|val: 33 (built)
n=4     4 seqs  2.76 min  train   1701 windows  val    33  [54s]
  windows uzhfpv|yaw|310.0|indoor_forward_3-indoor_forward_5-indoor_forward_6-indoor_forward_7-indoor_forward_10-indoor_45_2-indoor_45_4-indoor_45_12-indoor_45_13-indoor_45_14-outdoor_forward_3-outdoor_forward_5|train: 5171 (built)
  windows uzhfpv|yaw|310.0|indoor_forward_3-indoor_forward_5-indoor_forward_6-indoor_forward_7-indoor_forward_10-indoor_45_2-indoor_45_4-indoor_45_12-indoor_45_13-indoor_45_14-outdoor_forward_3-outdoor_forward_5|val: 104 (built)
n=None 12 seqs  8.43 min  train   5171 windows  val   104  [163s]
