/src/gs25122/miniconda3/envs/mamba/lib/python3.10/site-packages/mamba_ssm/ops/selective_scan_interface.py:164: FutureWarning: `torch.cuda.amp.custom_fwd(args...)` is deprecated. Please use `torch.amp.custom_fwd(args..., device_type='cuda')` instead.
  def forward(ctx, xz, conv1d_weight, conv1d_bias, x_proj_weight, delta_proj_weight,
/src/gs25122/miniconda3/envs/mamba/lib/python3.10/site-packages/mamba_ssm/ops/selective_scan_interface.py:240: FutureWarning: `torch.cuda.amp.custom_bwd(args...)` is deprecated. Please use `torch.amp.custom_bwd(args..., device_type='cuda')` instead.
  def backward(ctx, dout):
/src/gs25122/miniconda3/envs/mamba/lib/python3.10/site-packages/mamba_ssm/ops/triton/layer_norm.py:986: FutureWarning: `torch.cuda.amp.custom_fwd(args...)` is deprecated. Please use `torch.amp.custom_fwd(args..., device_type='cuda')` instead.
  def forward(
/src/gs25122/miniconda3/envs/mamba/lib/python3.10/site-packages/mamba_ssm/ops/triton/layer_norm.py:1045: FutureWarning: `torch.cuda.amp.custom_bwd(args...)` is deprecated. Please use `torch.amp.custom_bwd(args..., device_type='cuda')` instead.
  def backward(ctx, dout, *args):
/src/gs25122/miniconda3/envs/mamba/lib/python3.10/site-packages/mamba_ssm/distributed/tensor_parallel.py:26: FutureWarning: `torch.cuda.amp.custom_fwd(args...)` is deprecated. Please use `torch.amp.custom_fwd(args..., device_type='cuda')` instead.
  def forward(ctx, x, weight, bias, process_group=None, sequence_parallel=True):
/src/gs25122/miniconda3/envs/mamba/lib/python3.10/site-packages/mamba_ssm/distributed/tensor_parallel.py:62: FutureWarning: `torch.cuda.amp.custom_bwd(args...)` is deprecated. Please use `torch.amp.custom_bwd(args..., device_type='cuda')` instead.
  def backward(ctx, grad_output):
/src/gs25122/miniconda3/envs/mamba/lib/python3.10/site-packages/mamba_ssm/ops/triton/ssd_combined.py:758: FutureWarning: `torch.cuda.amp.custom_fwd(args...)` is deprecated. Please use `torch.amp.custom_fwd(args..., device_type='cuda')` instead.
  def forward(ctx, zxbcdt, conv1d_weight, conv1d_bias, dt_bias, A, D, chunk_size, initial_states=None, seq_idx=None, dt_limit=(0.0, float("inf")), return_final_states=False, activation="silu",
/src/gs25122/miniconda3/envs/mamba/lib/python3.10/site-packages/mamba_ssm/ops/triton/ssd_combined.py:836: FutureWarning: `torch.cuda.amp.custom_bwd(args...)` is deprecated. Please use `torch.amp.custom_bwd(args..., device_type='cuda')` instead.
  def backward(ctx, dout, *args):
mode=scratch  dataset=uzhfpv  seed=2  lr=0.000258  epochs=60  align=yaw yaw=310
  outdoor_forward_3      8569 samples    85.7 s   676.6 m  mean 7.90 m/s  max 11.29  world-accel [+0.02 +0.06 +9.88]  body-accel [-1.08 +1.45 +11.47]  dropped 0.0 s
  indoor_forward_7       6669 samples    66.7 s   314.7 m  mean 4.72 m/s  max 12.10  world-accel [-0.07 +0.04 +9.79]  body-accel [-1.11 -0.22 +12.48]  dropped 0.0 s
  indoor_forward_3       4949 samples    49.5 s   278.2 m  mean 5.62 m/s  max 9.29  world-accel [-0.04 -0.10 +9.74]  body-accel [-0.42 +1.27 +11.25]  dropped 0.0 s
  indoor_45_2            4939 samples    49.4 s   207.6 m  mean 4.20 m/s  max 6.98  world-accel [-0.03 -0.04 +9.86]  body-accel [-0.24 +0.87 +10.36]  dropped 0.0 s
  indoor_forward_9       2879 samples    28.8 s   124.2 m  mean 4.32 m/s  max 7.86  world-accel [+0.17 +0.21 +9.66]  body-accel [-0.52 +0.48 +10.54]  dropped 0.0 s
  indoor_45_9            2139 samples    21.4 s   127.5 m  mean 5.96 m/s  max 10.36  world-accel [+0.01 -0.23 +9.93]  body-accel [-0.20 +1.25 +11.83]  dropped 0.0 s
  outdoor_forward_1      4259 samples    42.6 s   229.9 m  mean 5.40 m/s  max 8.40  world-accel [+0.02 +0.16 +9.83]  body-accel [-0.89 +0.74 +10.15]  dropped 0.0 s
  outdoor_45_1           1999 samples    20.0 s   131.1 m  mean 6.56 m/s  max 11.88  world-accel [-0.15 -0.23 +9.97]  body-accel [-0.93 +1.34 +11.32]  dropped 0.0 s
train sequences (4): outdoor_forward_3 indoor_forward_7 indoor_forward_3 indoor_45_2
  windows uzhfpv|yaw|310.0|600|outdoor_forward_3-indoor_forward_7-indoor_forward_3-indoor_45_2|train: 4564 (cache)
  windows uzhfpv|yaw|310.0|600|outdoor_forward_3-indoor_forward_7-indoor_forward_3-indoor_45_2|val: 104 (cache)
trainable: 76,582 / 76,582 (100.0%)
Epoch   1/60 | loss 0.37903 | val ATE 6.5041 | best 6.5041 @1 | 413s
Epoch  10/60 | loss 0.11457 | val ATE 2.6501 | best 2.6501 @10 | 424s
Epoch  20/60 | loss 0.08620 | val ATE 2.7005 | best 2.4098 @16 | 432s
Epoch  30/60 | loss 0.08082 | val ATE 2.8711 | best 2.4098 @16 | 441s
Epoch  40/60 | loss 0.07951 | val ATE 2.8071 | best 2.4098 @16 | 447s
Epoch  50/60 | loss 0.07843 | val ATE 2.9215 | best 2.4098 @16 | 454s
Epoch  60/60 | loss 0.07761 | val ATE 2.8654 | best 2.4098 @16 | 460s

best val ATE 2.4098 at epoch 16

==============================================
  SCRATCH  uzhfpv test
==============================================
trajectory           ATE [m]   TDE [%]
--------------------------------------
indoor_forward_9       3.874     13.41
indoor_45_9            2.352      4.55
outdoor_forward_1      2.368      6.93
outdoor_45_1           6.098     14.29
--------------------------------------
mean                   3.673      9.79

 SCRATCH  ATE 3.6731  TDE 9.7945
wrote /src/gs25122/MARIO/runs/transfer_uzhfpv/uzhfpv_scratch_n4_s2
