/src/gs25122/miniconda3/envs/mamba/lib/python3.10/site-packages/mamba_ssm/ops/selective_scan_interface.py:164: FutureWarning: `torch.cuda.amp.custom_fwd(args...)` is deprecated. Please use `torch.amp.custom_fwd(args..., device_type='cuda')` instead.
  def forward(ctx, xz, conv1d_weight, conv1d_bias, x_proj_weight, delta_proj_weight,
/src/gs25122/miniconda3/envs/mamba/lib/python3.10/site-packages/mamba_ssm/ops/selective_scan_interface.py:240: FutureWarning: `torch.cuda.amp.custom_bwd(args...)` is deprecated. Please use `torch.amp.custom_bwd(args..., device_type='cuda')` instead.
  def backward(ctx, dout):
/src/gs25122/miniconda3/envs/mamba/lib/python3.10/site-packages/mamba_ssm/ops/triton/layer_norm.py:986: FutureWarning: `torch.cuda.amp.custom_fwd(args...)` is deprecated. Please use `torch.amp.custom_fwd(args..., device_type='cuda')` instead.
  def forward(
/src/gs25122/miniconda3/envs/mamba/lib/python3.10/site-packages/mamba_ssm/ops/triton/layer_norm.py:1045: FutureWarning: `torch.cuda.amp.custom_bwd(args...)` is deprecated. Please use `torch.amp.custom_bwd(args..., device_type='cuda')` instead.
  def backward(ctx, dout, *args):
/src/gs25122/miniconda3/envs/mamba/lib/python3.10/site-packages/mamba_ssm/distributed/tensor_parallel.py:26: FutureWarning: `torch.cuda.amp.custom_fwd(args...)` is deprecated. Please use `torch.amp.custom_fwd(args..., device_type='cuda')` instead.
  def forward(ctx, x, weight, bias, process_group=None, sequence_parallel=True):
/src/gs25122/miniconda3/envs/mamba/lib/python3.10/site-packages/mamba_ssm/distributed/tensor_parallel.py:62: FutureWarning: `torch.cuda.amp.custom_bwd(args...)` is deprecated. Please use `torch.amp.custom_bwd(args..., device_type='cuda')` instead.
  def backward(ctx, grad_output):
/src/gs25122/miniconda3/envs/mamba/lib/python3.10/site-packages/mamba_ssm/ops/triton/ssd_combined.py:758: FutureWarning: `torch.cuda.amp.custom_fwd(args...)` is deprecated. Please use `torch.amp.custom_fwd(args..., device_type='cuda')` instead.
  def forward(ctx, zxbcdt, conv1d_weight, conv1d_bias, dt_bias, A, D, chunk_size, initial_states=None, seq_idx=None, dt_limit=(0.0, float("inf")), return_final_states=False, activation="silu",
/src/gs25122/miniconda3/envs/mamba/lib/python3.10/site-packages/mamba_ssm/ops/triton/ssd_combined.py:836: FutureWarning: `torch.cuda.amp.custom_bwd(args...)` is deprecated. Please use `torch.amp.custom_bwd(args..., device_type='cuda')` instead.
  def backward(ctx, dout, *args):
mode=full  dataset=uzhfpv  seed=42  lr=2.58e-05  epochs=60  align=yaw yaw=310
  outdoor_forward_3      8569 samples    85.7 s   676.6 m  mean 7.90 m/s  max 11.29  world-accel [+0.02 +0.06 +9.88]  body-accel [-1.08 +1.45 +11.47]  dropped 0.0 s
  indoor_forward_9       2879 samples    28.8 s   124.2 m  mean 4.32 m/s  max 7.86  world-accel [+0.17 +0.21 +9.66]  body-accel [-0.52 +0.48 +10.54]  dropped 0.0 s
  indoor_45_9            2139 samples    21.4 s   127.5 m  mean 5.96 m/s  max 10.36  world-accel [+0.01 -0.23 +9.93]  body-accel [-0.20 +1.25 +11.83]  dropped 0.0 s
  outdoor_forward_1      4259 samples    42.6 s   229.9 m  mean 5.40 m/s  max 8.40  world-accel [+0.02 +0.16 +9.83]  body-accel [-0.89 +0.74 +10.15]  dropped 0.0 s
  outdoor_45_1           1999 samples    20.0 s   131.1 m  mean 6.56 m/s  max 11.88  world-accel [-0.15 -0.23 +9.97]  body-accel [-0.93 +1.34 +11.32]  dropped 0.0 s
train sequences (1): outdoor_forward_3
  windows uzhfpv|yaw|310.0|600|outdoor_forward_3|train: 1751 (cache)
  windows uzhfpv|yaw|310.0|600|outdoor_forward_3|val: 71 (cache)
trainable: 76,582 / 76,582 (100.0%)
Epoch   1/60 | loss 0.55165 | val ATE 15.8539 | best 15.8539 @1 | 751s
Epoch  10/60 | loss 0.36023 | val ATE 8.3441 | best 8.3441 @10 | 754s
Epoch  20/60 | loss 0.18884 | val ATE 4.7487 | best 4.7487 @20 | 757s
Epoch  30/60 | loss 0.12623 | val ATE 3.0229 | best 2.9754 @29 | 760s
Epoch  40/60 | loss 0.11165 | val ATE 3.0315 | best 2.8669 @35 | 763s
Epoch  50/60 | loss 0.10713 | val ATE 3.1306 | best 2.8669 @35 | 766s
Epoch  60/60 | loss 0.10661 | val ATE 3.1876 | best 2.8669 @35 | 769s

best val ATE 2.8669 at epoch 35

==============================================
  FULL  uzhfpv test
==============================================
trajectory           ATE [m]   TDE [%]
--------------------------------------
indoor_forward_9       5.575     19.30
indoor_45_9            7.203     13.93
outdoor_forward_1      4.197     12.29
outdoor_45_1           7.821     18.33
--------------------------------------
mean                   6.199     15.96

    FULL  ATE 6.1993  TDE 15.9605
wrote /src/gs25122/MARIO/runs/transfer_uzhfpv/uzhfpv_full_n1_s42
