/src/gs25122/miniconda3/envs/mamba/lib/python3.10/site-packages/mamba_ssm/ops/selective_scan_interface.py:164: FutureWarning: `torch.cuda.amp.custom_fwd(args...)` is deprecated. Please use `torch.amp.custom_fwd(args..., device_type='cuda')` instead.
  def forward(ctx, xz, conv1d_weight, conv1d_bias, x_proj_weight, delta_proj_weight,
/src/gs25122/miniconda3/envs/mamba/lib/python3.10/site-packages/mamba_ssm/ops/selective_scan_interface.py:240: FutureWarning: `torch.cuda.amp.custom_bwd(args...)` is deprecated. Please use `torch.amp.custom_bwd(args..., device_type='cuda')` instead.
  def backward(ctx, dout):
/src/gs25122/miniconda3/envs/mamba/lib/python3.10/site-packages/mamba_ssm/ops/triton/layer_norm.py:986: FutureWarning: `torch.cuda.amp.custom_fwd(args...)` is deprecated. Please use `torch.amp.custom_fwd(args..., device_type='cuda')` instead.
  def forward(
/src/gs25122/miniconda3/envs/mamba/lib/python3.10/site-packages/mamba_ssm/ops/triton/layer_norm.py:1045: FutureWarning: `torch.cuda.amp.custom_bwd(args...)` is deprecated. Please use `torch.amp.custom_bwd(args..., device_type='cuda')` instead.
  def backward(ctx, dout, *args):
/src/gs25122/miniconda3/envs/mamba/lib/python3.10/site-packages/mamba_ssm/distributed/tensor_parallel.py:26: FutureWarning: `torch.cuda.amp.custom_fwd(args...)` is deprecated. Please use `torch.amp.custom_fwd(args..., device_type='cuda')` instead.
  def forward(ctx, x, weight, bias, process_group=None, sequence_parallel=True):
/src/gs25122/miniconda3/envs/mamba/lib/python3.10/site-packages/mamba_ssm/distributed/tensor_parallel.py:62: FutureWarning: `torch.cuda.amp.custom_bwd(args...)` is deprecated. Please use `torch.amp.custom_bwd(args..., device_type='cuda')` instead.
  def backward(ctx, grad_output):
/src/gs25122/miniconda3/envs/mamba/lib/python3.10/site-packages/mamba_ssm/ops/triton/ssd_combined.py:758: FutureWarning: `torch.cuda.amp.custom_fwd(args...)` is deprecated. Please use `torch.amp.custom_fwd(args..., device_type='cuda')` instead.
  def forward(ctx, zxbcdt, conv1d_weight, conv1d_bias, dt_bias, A, D, chunk_size, initial_states=None, seq_idx=None, dt_limit=(0.0, float("inf")), return_final_states=False, activation="silu",
/src/gs25122/miniconda3/envs/mamba/lib/python3.10/site-packages/mamba_ssm/ops/triton/ssd_combined.py:836: FutureWarning: `torch.cuda.amp.custom_bwd(args...)` is deprecated. Please use `torch.amp.custom_bwd(args..., device_type='cuda')` instead.
  def backward(ctx, dout, *args):
mode=head  dataset=uzhfpv  seed=2  lr=2.58e-05  epochs=60  align=yaw yaw=310
  outdoor_forward_3      8569 samples    85.7 s   676.6 m  mean 7.90 m/s  max 11.29  world-accel [+0.02 +0.06 +9.88]  body-accel [-1.08 +1.45 +11.47]  dropped 0.0 s
  indoor_forward_7       6669 samples    66.7 s   314.7 m  mean 4.72 m/s  max 12.10  world-accel [-0.07 +0.04 +9.79]  body-accel [-1.11 -0.22 +12.48]  dropped 0.0 s
  indoor_forward_3       4949 samples    49.5 s   278.2 m  mean 5.62 m/s  max 9.29  world-accel [-0.04 -0.10 +9.74]  body-accel [-0.42 +1.27 +11.25]  dropped 0.0 s
  indoor_45_2            4939 samples    49.4 s   207.6 m  mean 4.20 m/s  max 6.98  world-accel [-0.03 -0.04 +9.86]  body-accel [-0.24 +0.87 +10.36]  dropped 0.0 s
  indoor_45_4            4319 samples    43.2 s   164.8 m  mean 3.82 m/s  max 5.89  world-accel [+0.02 +0.00 +9.81]  body-accel [-0.20 +0.79 +10.17]  dropped 0.0 s
  indoor_45_12           4029 samples    40.3 s   110.7 m  mean 2.75 m/s  max 4.10  world-accel [-0.07 -0.04 +9.92]  body-accel [-0.12 +0.52 +10.03]  dropped 0.0 s
  indoor_45_13           3739 samples    37.4 s   160.9 m  mean 4.30 m/s  max 7.72  world-accel [+0.04 -0.08 +9.89]  body-accel [-0.18 +0.94 +10.47]  dropped 0.0 s
  indoor_45_14           3699 samples    37.0 s   215.8 m  mean 5.83 m/s  max 11.70  world-accel [-0.00 +0.03 +9.94]  body-accel [-0.12 +1.41 +11.81]  dropped 0.0 s
  indoor_forward_6       3019 samples    30.2 s   208.5 m  mean 6.91 m/s  max 11.76  world-accel [+0.15 +0.04 +9.86]  body-accel [-0.44 +1.70 +12.96]  dropped 0.0 s
  indoor_forward_10      2989 samples    29.9 s   130.0 m  mean 4.35 m/s  max 8.47  world-accel [+0.05 -0.19 +9.84]  body-accel [-0.68 +0.54 +10.74]  dropped 0.0 s
  indoor_forward_5       1929 samples    19.3 s    53.0 m  mean 2.75 m/s  max 4.69  world-accel [-0.03 -0.07 +9.69]  body-accel [-0.34 +0.40 +9.79]  dropped 0.0 s
  outdoor_forward_5      1759 samples    17.6 s   140.6 m  mean 8.00 m/s  max 20.35  world-accel [-0.19 -1.07 +9.96]  body-accel [-0.90 +1.79 +10.51]  dropped 0.0 s
  indoor_forward_9       2879 samples    28.8 s   124.2 m  mean 4.32 m/s  max 7.86  world-accel [+0.17 +0.21 +9.66]  body-accel [-0.52 +0.48 +10.54]  dropped 0.0 s
  indoor_45_9            2139 samples    21.4 s   127.5 m  mean 5.96 m/s  max 10.36  world-accel [+0.01 -0.23 +9.93]  body-accel [-0.20 +1.25 +11.83]  dropped 0.0 s
  outdoor_forward_1      4259 samples    42.6 s   229.9 m  mean 5.40 m/s  max 8.40  world-accel [+0.02 +0.16 +9.83]  body-accel [-0.89 +0.74 +10.15]  dropped 0.0 s
  outdoor_45_1           1999 samples    20.0 s   131.1 m  mean 6.56 m/s  max 11.88  world-accel [-0.15 -0.23 +9.97]  body-accel [-0.93 +1.34 +11.32]  dropped 0.0 s
train sequences (12): outdoor_forward_3 indoor_forward_7 indoor_forward_3 indoor_45_2 indoor_45_4 indoor_45_12 indoor_45_13 indoor_45_14 indoor_forward_6 indoor_forward_10 indoor_forward_5 outdoor_forward_5
  windows uzhfpv|yaw|310.0|600|outdoor_forward_3-indoor_forward_7-indoor_forward_3-indoor_45_2-indoor_45_4-indoor_45_12-indoor_45_13-indoor_45_14-indoor_forward_6-indoor_forward_10-indoor_forward_5-outdoor_forward_5|train: 7171 (cache)
  windows uzhfpv|yaw|310.0|600|outdoor_forward_3-indoor_forward_7-indoor_forward_3-indoor_45_2-indoor_45_4-indoor_45_12-indoor_45_13-indoor_45_14-indoor_forward_6-indoor_forward_10-indoor_forward_5-outdoor_forward_5|val: 104 (cache)
trainable: 17,414 / 76,582 (22.7%)
Epoch   1/60 | loss 0.29509 | val ATE 8.4798 | best 8.4798 @1 | 511s
Epoch  10/60 | loss 0.16666 | val ATE 5.2114 | best 5.2114 @10 | 516s
Epoch  20/60 | loss 0.15745 | val ATE 4.5628 | best 4.5628 @20 | 521s
Epoch  30/60 | loss 0.15201 | val ATE 4.3218 | best 4.3218 @30 | 526s
Epoch  40/60 | loss 0.15079 | val ATE 4.2132 | best 4.2132 @40 | 531s
Epoch  50/60 | loss 0.14946 | val ATE 4.1678 | best 4.1451 @49 | 537s
Epoch  60/60 | loss 0.14856 | val ATE 4.1045 | best 4.0985 @58 | 542s

best val ATE 4.0985 at epoch 58

==============================================
  HEAD  uzhfpv test
==============================================
trajectory           ATE [m]   TDE [%]
--------------------------------------
indoor_forward_9       4.744     16.42
indoor_45_9            3.106      6.01
outdoor_forward_1      6.657     19.49
outdoor_45_1           5.213     12.22
--------------------------------------
mean                   4.930     13.53

    HEAD  ATE 4.9301  TDE 13.5320
wrote /src/gs25122/MARIO/runs/transfer_uzhfpv/uzhfpv_head_s2
