/src/gs25122/miniconda3/envs/mamba/lib/python3.10/site-packages/mamba_ssm/ops/selective_scan_interface.py:164: FutureWarning: `torch.cuda.amp.custom_fwd(args...)` is deprecated. Please use `torch.amp.custom_fwd(args..., device_type='cuda')` instead.
  def forward(ctx, xz, conv1d_weight, conv1d_bias, x_proj_weight, delta_proj_weight,
/src/gs25122/miniconda3/envs/mamba/lib/python3.10/site-packages/mamba_ssm/ops/selective_scan_interface.py:240: FutureWarning: `torch.cuda.amp.custom_bwd(args...)` is deprecated. Please use `torch.amp.custom_bwd(args..., device_type='cuda')` instead.
  def backward(ctx, dout):
/src/gs25122/miniconda3/envs/mamba/lib/python3.10/site-packages/mamba_ssm/ops/triton/layer_norm.py:986: FutureWarning: `torch.cuda.amp.custom_fwd(args...)` is deprecated. Please use `torch.amp.custom_fwd(args..., device_type='cuda')` instead.
  def forward(
/src/gs25122/miniconda3/envs/mamba/lib/python3.10/site-packages/mamba_ssm/ops/triton/layer_norm.py:1045: FutureWarning: `torch.cuda.amp.custom_bwd(args...)` is deprecated. Please use `torch.amp.custom_bwd(args..., device_type='cuda')` instead.
  def backward(ctx, dout, *args):
/src/gs25122/miniconda3/envs/mamba/lib/python3.10/site-packages/mamba_ssm/distributed/tensor_parallel.py:26: FutureWarning: `torch.cuda.amp.custom_fwd(args...)` is deprecated. Please use `torch.amp.custom_fwd(args..., device_type='cuda')` instead.
  def forward(ctx, x, weight, bias, process_group=None, sequence_parallel=True):
/src/gs25122/miniconda3/envs/mamba/lib/python3.10/site-packages/mamba_ssm/distributed/tensor_parallel.py:62: FutureWarning: `torch.cuda.amp.custom_bwd(args...)` is deprecated. Please use `torch.amp.custom_bwd(args..., device_type='cuda')` instead.
  def backward(ctx, grad_output):
/src/gs25122/miniconda3/envs/mamba/lib/python3.10/site-packages/mamba_ssm/ops/triton/ssd_combined.py:758: FutureWarning: `torch.cuda.amp.custom_fwd(args...)` is deprecated. Please use `torch.amp.custom_fwd(args..., device_type='cuda')` instead.
  def forward(ctx, zxbcdt, conv1d_weight, conv1d_bias, dt_bias, A, D, chunk_size, initial_states=None, seq_idx=None, dt_limit=(0.0, float("inf")), return_final_states=False, activation="silu",
/src/gs25122/miniconda3/envs/mamba/lib/python3.10/site-packages/mamba_ssm/ops/triton/ssd_combined.py:836: FutureWarning: `torch.cuda.amp.custom_bwd(args...)` is deprecated. Please use `torch.amp.custom_bwd(args..., device_type='cuda')` instead.
  def backward(ctx, dout, *args):
  train_nomotor: 11360 windows (cache)
  test_nomotor: 955 windows (cache)
arch: control  seed: 42  params: 76,582
Epoch   1/100 | loss 0.13673 | test RMSE 0.12519 | best 0.12519 | 3s
Epoch  10/100 | loss 0.03087 | test RMSE 0.02847 | best 0.02847 | 21s
Epoch  20/100 | loss 0.02591 | test RMSE 0.02473 | best 0.02357 | 42s
Epoch  30/100 | loss 0.02532 | test RMSE 0.02247 | best 0.02070 | 62s
Epoch  40/100 | loss 0.02275 | test RMSE 0.02226 | best 0.02070 | 84s
Epoch  50/100 | loss 0.02246 | test RMSE 0.02283 | best 0.02070 | 106s
Epoch  60/100 | loss 0.02249 | test RMSE 0.02273 | best 0.02070 | 129s
Epoch  70/100 | loss 0.02260 | test RMSE 0.02328 | best 0.02070 | 151s
Epoch  80/100 | loss 0.02254 | test RMSE 0.02354 | best 0.02070 | 173s
Epoch  90/100 | loss 0.02239 | test RMSE 0.02336 | best 0.02070 | 196s
Epoch 100/100 | loss 0.02223 | test RMSE 0.02433 | best 0.02070 | 218s

Training finished in 3.6 min — best test RMSE 0.02070
Checkpoint: /src/gs25122/MARIO/runs/gated/control_s42/best.pt

==============================================
  SEEN
==============================================
trajectory           ATE [m]   TDE [%]
--------------------------------------
clover                 0.614      2.43
halfMoon               0.387      1.32
star                   0.577      1.61
egg                    0.446      0.81
winter                 0.192      0.72
--------------------------------------
mean                   0.443      1.38

==============================================
  UNSEEN
==============================================
trajectory           ATE [m]   TDE [%]
--------------------------------------
ampersand              1.583     15.51
sid                    0.434      1.73
oval                   0.636      1.96
sphinx                 1.431      4.42
bentDice               0.901      3.72
--------------------------------------
mean                   0.997      5.47
control s42: seen ATE 0.4434  unseen ATE 0.9971  (226s)
