/src/gs25122/miniconda3/envs/mamba/lib/python3.10/site-packages/mamba_ssm/ops/selective_scan_interface.py:164: FutureWarning: `torch.cuda.amp.custom_fwd(args...)` is deprecated. Please use `torch.amp.custom_fwd(args..., device_type='cuda')` instead.
  def forward(ctx, xz, conv1d_weight, conv1d_bias, x_proj_weight, delta_proj_weight,
/src/gs25122/miniconda3/envs/mamba/lib/python3.10/site-packages/mamba_ssm/ops/selective_scan_interface.py:240: FutureWarning: `torch.cuda.amp.custom_bwd(args...)` is deprecated. Please use `torch.amp.custom_bwd(args..., device_type='cuda')` instead.
  def backward(ctx, dout):
/src/gs25122/miniconda3/envs/mamba/lib/python3.10/site-packages/mamba_ssm/ops/triton/layer_norm.py:986: FutureWarning: `torch.cuda.amp.custom_fwd(args...)` is deprecated. Please use `torch.amp.custom_fwd(args..., device_type='cuda')` instead.
  def forward(
/src/gs25122/miniconda3/envs/mamba/lib/python3.10/site-packages/mamba_ssm/ops/triton/layer_norm.py:1045: FutureWarning: `torch.cuda.amp.custom_bwd(args...)` is deprecated. Please use `torch.amp.custom_bwd(args..., device_type='cuda')` instead.
  def backward(ctx, dout, *args):
/src/gs25122/miniconda3/envs/mamba/lib/python3.10/site-packages/mamba_ssm/distributed/tensor_parallel.py:26: FutureWarning: `torch.cuda.amp.custom_fwd(args...)` is deprecated. Please use `torch.amp.custom_fwd(args..., device_type='cuda')` instead.
  def forward(ctx, x, weight, bias, process_group=None, sequence_parallel=True):
/src/gs25122/miniconda3/envs/mamba/lib/python3.10/site-packages/mamba_ssm/distributed/tensor_parallel.py:62: FutureWarning: `torch.cuda.amp.custom_bwd(args...)` is deprecated. Please use `torch.amp.custom_bwd(args..., device_type='cuda')` instead.
  def backward(ctx, grad_output):
/src/gs25122/miniconda3/envs/mamba/lib/python3.10/site-packages/mamba_ssm/ops/triton/ssd_combined.py:758: FutureWarning: `torch.cuda.amp.custom_fwd(args...)` is deprecated. Please use `torch.amp.custom_fwd(args..., device_type='cuda')` instead.
  def forward(ctx, zxbcdt, conv1d_weight, conv1d_bias, dt_bias, A, D, chunk_size, initial_states=None, seq_idx=None, dt_limit=(0.0, float("inf")), return_final_states=False, activation="silu",
/src/gs25122/miniconda3/envs/mamba/lib/python3.10/site-packages/mamba_ssm/ops/triton/ssd_combined.py:836: FutureWarning: `torch.cuda.amp.custom_bwd(args...)` is deprecated. Please use `torch.amp.custom_bwd(args..., device_type='cuda')` instead.
  def backward(ctx, dout, *args):
  train_nomotor: 11360 windows (cache)
  test_nomotor: 955 windows (cache)
arch: control  seed: 2  params: 76,582
Epoch   1/100 | loss 0.12131 | test RMSE 0.10014 | best 0.10014 | 3s
Epoch  10/100 | loss 0.03056 | test RMSE 0.03050 | best 0.02969 | 21s
Epoch  20/100 | loss 0.02620 | test RMSE 0.02550 | best 0.02166 | 42s
Epoch  30/100 | loss 0.02451 | test RMSE 0.02237 | best 0.02151 | 63s
Epoch  40/100 | loss 0.02394 | test RMSE 0.02185 | best 0.02078 | 84s
Epoch  50/100 | loss 0.02369 | test RMSE 0.02258 | best 0.02078 | 105s
Epoch  60/100 | loss 0.02375 | test RMSE 0.02118 | best 0.02078 | 126s
Epoch  70/100 | loss 0.02367 | test RMSE 0.02198 | best 0.02078 | 147s
Epoch  80/100 | loss 0.02372 | test RMSE 0.02253 | best 0.02078 | 168s
Epoch  90/100 | loss 0.02359 | test RMSE 0.02409 | best 0.02078 | 186s
Epoch 100/100 | loss 0.02359 | test RMSE 0.02299 | best 0.02078 | 207s

Training finished in 3.4 min — best test RMSE 0.02078
Checkpoint: /src/gs25122/MARIO/runs/gated/control_s2/best.pt

==============================================
  SEEN
==============================================
trajectory           ATE [m]   TDE [%]
--------------------------------------
clover                 0.428      1.69
halfMoon               0.433      1.48
star                   0.484      1.35
egg                    0.517      0.94
winter                 0.191      0.71
--------------------------------------
mean                   0.410      1.23

==============================================
  UNSEEN
==============================================
trajectory           ATE [m]   TDE [%]
--------------------------------------
ampersand              1.848     18.11
sid                    0.504      2.01
oval                   0.692      2.14
sphinx                 1.452      4.49
bentDice               0.968      4.00
--------------------------------------
mean                   1.093      6.15
control s2: seen ATE 0.4105  unseen ATE 1.0929  (215s)
