/src/gs25122/miniconda3/envs/mamba/lib/python3.10/site-packages/mamba_ssm/ops/selective_scan_interface.py:164: FutureWarning: `torch.cuda.amp.custom_fwd(args...)` is deprecated. Please use `torch.amp.custom_fwd(args..., device_type='cuda')` instead.
  def forward(ctx, xz, conv1d_weight, conv1d_bias, x_proj_weight, delta_proj_weight,
/src/gs25122/miniconda3/envs/mamba/lib/python3.10/site-packages/mamba_ssm/ops/selective_scan_interface.py:240: FutureWarning: `torch.cuda.amp.custom_bwd(args...)` is deprecated. Please use `torch.amp.custom_bwd(args..., device_type='cuda')` instead.
  def backward(ctx, dout):
/src/gs25122/miniconda3/envs/mamba/lib/python3.10/site-packages/mamba_ssm/ops/triton/layer_norm.py:986: FutureWarning: `torch.cuda.amp.custom_fwd(args...)` is deprecated. Please use `torch.amp.custom_fwd(args..., device_type='cuda')` instead.
  def forward(
/src/gs25122/miniconda3/envs/mamba/lib/python3.10/site-packages/mamba_ssm/ops/triton/layer_norm.py:1045: FutureWarning: `torch.cuda.amp.custom_bwd(args...)` is deprecated. Please use `torch.amp.custom_bwd(args..., device_type='cuda')` instead.
  def backward(ctx, dout, *args):
/src/gs25122/miniconda3/envs/mamba/lib/python3.10/site-packages/mamba_ssm/distributed/tensor_parallel.py:26: FutureWarning: `torch.cuda.amp.custom_fwd(args...)` is deprecated. Please use `torch.amp.custom_fwd(args..., device_type='cuda')` instead.
  def forward(ctx, x, weight, bias, process_group=None, sequence_parallel=True):
/src/gs25122/miniconda3/envs/mamba/lib/python3.10/site-packages/mamba_ssm/distributed/tensor_parallel.py:62: FutureWarning: `torch.cuda.amp.custom_bwd(args...)` is deprecated. Please use `torch.amp.custom_bwd(args..., device_type='cuda')` instead.
  def backward(ctx, grad_output):
/src/gs25122/miniconda3/envs/mamba/lib/python3.10/site-packages/mamba_ssm/ops/triton/ssd_combined.py:758: FutureWarning: `torch.cuda.amp.custom_fwd(args...)` is deprecated. Please use `torch.amp.custom_fwd(args..., device_type='cuda')` instead.
  def forward(ctx, zxbcdt, conv1d_weight, conv1d_bias, dt_bias, A, D, chunk_size, initial_states=None, seq_idx=None, dt_limit=(0.0, float("inf")), return_final_states=False, activation="silu",
/src/gs25122/miniconda3/envs/mamba/lib/python3.10/site-packages/mamba_ssm/ops/triton/ssd_combined.py:836: FutureWarning: `torch.cuda.amp.custom_bwd(args...)` is deprecated. Please use `torch.amp.custom_bwd(args..., device_type='cuda')` instead.
  def backward(ctx, dout, *args):
  train_nomotor: 11360 windows (cache)
  test_nomotor: 955 windows (cache)
arch: control  seed: 3  params: 76,582
Epoch   1/100 | loss 0.12774 | test RMSE 0.08765 | best 0.08765 | 3s
Epoch  10/100 | loss 0.02978 | test RMSE 0.02968 | best 0.02968 | 24s
Epoch  20/100 | loss 0.02554 | test RMSE 0.02482 | best 0.02260 | 48s
Epoch  30/100 | loss 0.02376 | test RMSE 0.02323 | best 0.02203 | 71s
Epoch  40/100 | loss 0.02379 | test RMSE 0.02367 | best 0.02203 | 94s
Epoch  50/100 | loss 0.02372 | test RMSE 0.02297 | best 0.02203 | 117s
Epoch  60/100 | loss 0.02380 | test RMSE 0.02470 | best 0.02203 | 140s
Epoch  70/100 | loss 0.02376 | test RMSE 0.02359 | best 0.02203 | 161s
Epoch  80/100 | loss 0.02377 | test RMSE 0.02449 | best 0.02203 | 181s
Epoch  90/100 | loss 0.02360 | test RMSE 0.02393 | best 0.02203 | 202s
Epoch 100/100 | loss 0.02338 | test RMSE 0.02466 | best 0.02203 | 224s

Training finished in 3.7 min — best test RMSE 0.02203
Checkpoint: /src/gs25122/MARIO/runs/gated/control_s3/best.pt

==============================================
  SEEN
==============================================
trajectory           ATE [m]   TDE [%]
--------------------------------------
clover                 0.406      1.60
halfMoon               0.241      0.82
star                   0.583      1.62
egg                    0.509      0.93
winter                 0.197      0.73
--------------------------------------
mean                   0.387      1.14

==============================================
  UNSEEN
==============================================
trajectory           ATE [m]   TDE [%]
--------------------------------------
ampersand              1.776     17.40
sid                    0.573      2.28
oval                   1.157      3.57
sphinx                 0.955      2.95
bentDice               1.073      4.43
--------------------------------------
mean                   1.107      6.13
control s3: seen ATE 0.3871  unseen ATE 1.1066  (232s)
