/src/gs25122/miniconda3/envs/mamba/lib/python3.10/site-packages/mamba_ssm/ops/selective_scan_interface.py:164: FutureWarning: `torch.cuda.amp.custom_fwd(args...)` is deprecated. Please use `torch.amp.custom_fwd(args..., device_type='cuda')` instead.
  def forward(ctx, xz, conv1d_weight, conv1d_bias, x_proj_weight, delta_proj_weight,
/src/gs25122/miniconda3/envs/mamba/lib/python3.10/site-packages/mamba_ssm/ops/selective_scan_interface.py:240: FutureWarning: `torch.cuda.amp.custom_bwd(args...)` is deprecated. Please use `torch.amp.custom_bwd(args..., device_type='cuda')` instead.
  def backward(ctx, dout):
/src/gs25122/miniconda3/envs/mamba/lib/python3.10/site-packages/mamba_ssm/ops/triton/layer_norm.py:986: FutureWarning: `torch.cuda.amp.custom_fwd(args...)` is deprecated. Please use `torch.amp.custom_fwd(args..., device_type='cuda')` instead.
  def forward(
/src/gs25122/miniconda3/envs/mamba/lib/python3.10/site-packages/mamba_ssm/ops/triton/layer_norm.py:1045: FutureWarning: `torch.cuda.amp.custom_bwd(args...)` is deprecated. Please use `torch.amp.custom_bwd(args..., device_type='cuda')` instead.
  def backward(ctx, dout, *args):
/src/gs25122/miniconda3/envs/mamba/lib/python3.10/site-packages/mamba_ssm/distributed/tensor_parallel.py:26: FutureWarning: `torch.cuda.amp.custom_fwd(args...)` is deprecated. Please use `torch.amp.custom_fwd(args..., device_type='cuda')` instead.
  def forward(ctx, x, weight, bias, process_group=None, sequence_parallel=True):
/src/gs25122/miniconda3/envs/mamba/lib/python3.10/site-packages/mamba_ssm/distributed/tensor_parallel.py:62: FutureWarning: `torch.cuda.amp.custom_bwd(args...)` is deprecated. Please use `torch.amp.custom_bwd(args..., device_type='cuda')` instead.
  def backward(ctx, grad_output):
/src/gs25122/miniconda3/envs/mamba/lib/python3.10/site-packages/mamba_ssm/ops/triton/ssd_combined.py:758: FutureWarning: `torch.cuda.amp.custom_fwd(args...)` is deprecated. Please use `torch.amp.custom_fwd(args..., device_type='cuda')` instead.
  def forward(ctx, zxbcdt, conv1d_weight, conv1d_bias, dt_bias, A, D, chunk_size, initial_states=None, seq_idx=None, dt_limit=(0.0, float("inf")), return_final_states=False, activation="silu",
/src/gs25122/miniconda3/envs/mamba/lib/python3.10/site-packages/mamba_ssm/ops/triton/ssd_combined.py:836: FutureWarning: `torch.cuda.amp.custom_bwd(args...)` is deprecated. Please use `torch.amp.custom_bwd(args..., device_type='cuda')` instead.
  def backward(ctx, dout, *args):
  train_nomotor: 11360 windows (cache)
  test_nomotor: 955 windows (cache)
arch: gated  seed: 1  params: 76,582
Epoch   1/100 | loss 0.15561 | test RMSE 0.11085 | best 0.11085 | 3s
Epoch  10/100 | loss 0.03314 | test RMSE 0.04571 | best 0.04504 | 23s
Epoch  20/100 | loss 0.02886 | test RMSE 0.04075 | best 0.03870 | 44s
Epoch  30/100 | loss 0.02765 | test RMSE 0.03722 | best 0.03609 | 64s
Epoch  40/100 | loss 0.02818 | test RMSE 0.03222 | best 0.03082 | 76s
Epoch  50/100 | loss 0.02749 | test RMSE 0.02948 | best 0.02948 | 97s
Epoch  60/100 | loss 0.02742 | test RMSE 0.02823 | best 0.02823 | 119s
Epoch  70/100 | loss 0.02717 | test RMSE 0.02873 | best 0.02788 | 141s
Epoch  80/100 | loss 0.02741 | test RMSE 0.02789 | best 0.02763 | 162s
Epoch  90/100 | loss 0.02710 | test RMSE 0.02784 | best 0.02720 | 181s
Epoch 100/100 | loss 0.02741 | test RMSE 0.02767 | best 0.02716 | 203s

Training finished in 3.4 min — best test RMSE 0.02716
Checkpoint: /src/gs25122/MARIO/runs/gated/gated_s1/best.pt

==============================================
  SEEN
==============================================
trajectory           ATE [m]   TDE [%]
--------------------------------------
clover                 0.574      2.27
halfMoon               0.591      2.02
star                   0.424      1.18
egg                    0.803      1.46
winter                 0.236      0.88
--------------------------------------
mean                   0.525      1.56

==============================================
  UNSEEN
==============================================
trajectory           ATE [m]   TDE [%]
--------------------------------------
ampersand              1.473     14.43
sid                    0.448      1.79
oval                   0.966      2.99
sphinx                 1.481      4.58
bentDice               1.010      4.17
--------------------------------------
mean                   1.076      5.59
gated s1: seen ATE 0.5254  unseen ATE 1.0759  (211s)
