/src/gs25122/miniconda3/envs/mamba/lib/python3.10/site-packages/mamba_ssm/ops/selective_scan_interface.py:164: FutureWarning: `torch.cuda.amp.custom_fwd(args...)` is deprecated. Please use `torch.amp.custom_fwd(args..., device_type='cuda')` instead.
  def forward(ctx, xz, conv1d_weight, conv1d_bias, x_proj_weight, delta_proj_weight,
/src/gs25122/miniconda3/envs/mamba/lib/python3.10/site-packages/mamba_ssm/ops/selective_scan_interface.py:240: FutureWarning: `torch.cuda.amp.custom_bwd(args...)` is deprecated. Please use `torch.amp.custom_bwd(args..., device_type='cuda')` instead.
  def backward(ctx, dout):
/src/gs25122/miniconda3/envs/mamba/lib/python3.10/site-packages/mamba_ssm/ops/triton/layer_norm.py:986: FutureWarning: `torch.cuda.amp.custom_fwd(args...)` is deprecated. Please use `torch.amp.custom_fwd(args..., device_type='cuda')` instead.
  def forward(
/src/gs25122/miniconda3/envs/mamba/lib/python3.10/site-packages/mamba_ssm/ops/triton/layer_norm.py:1045: FutureWarning: `torch.cuda.amp.custom_bwd(args...)` is deprecated. Please use `torch.amp.custom_bwd(args..., device_type='cuda')` instead.
  def backward(ctx, dout, *args):
/src/gs25122/miniconda3/envs/mamba/lib/python3.10/site-packages/mamba_ssm/distributed/tensor_parallel.py:26: FutureWarning: `torch.cuda.amp.custom_fwd(args...)` is deprecated. Please use `torch.amp.custom_fwd(args..., device_type='cuda')` instead.
  def forward(ctx, x, weight, bias, process_group=None, sequence_parallel=True):
/src/gs25122/miniconda3/envs/mamba/lib/python3.10/site-packages/mamba_ssm/distributed/tensor_parallel.py:62: FutureWarning: `torch.cuda.amp.custom_bwd(args...)` is deprecated. Please use `torch.amp.custom_bwd(args..., device_type='cuda')` instead.
  def backward(ctx, grad_output):
/src/gs25122/miniconda3/envs/mamba/lib/python3.10/site-packages/mamba_ssm/ops/triton/ssd_combined.py:758: FutureWarning: `torch.cuda.amp.custom_fwd(args...)` is deprecated. Please use `torch.amp.custom_fwd(args..., device_type='cuda')` instead.
  def forward(ctx, zxbcdt, conv1d_weight, conv1d_bias, dt_bias, A, D, chunk_size, initial_states=None, seq_idx=None, dt_limit=(0.0, float("inf")), return_final_states=False, activation="silu",
/src/gs25122/miniconda3/envs/mamba/lib/python3.10/site-packages/mamba_ssm/ops/triton/ssd_combined.py:836: FutureWarning: `torch.cuda.amp.custom_bwd(args...)` is deprecated. Please use `torch.amp.custom_bwd(args..., device_type='cuda')` instead.
  def backward(ctx, dout, *args):
  train_nomotor: 11360 windows (cache)
  test_nomotor: 955 windows (cache)
arch: gated  seed: 42  params: 76,582
Epoch   1/100 | loss 0.17460 | test RMSE 0.17093 | best 0.17093 | 3s
Epoch  10/100 | loss 0.03477 | test RMSE 0.05295 | best 0.05295 | 23s
Epoch  20/100 | loss 0.02867 | test RMSE 0.04436 | best 0.04436 | 45s
Epoch  30/100 | loss 0.02853 | test RMSE 0.03699 | best 0.03699 | 67s
Epoch  40/100 | loss 0.02832 | test RMSE 0.03381 | best 0.03300 | 89s
Epoch  50/100 | loss 0.02816 | test RMSE 0.03081 | best 0.03001 | 108s
Epoch  60/100 | loss 0.02752 | test RMSE 0.02852 | best 0.02852 | 132s
Epoch  70/100 | loss 0.02760 | test RMSE 0.02920 | best 0.02825 | 153s
Epoch  80/100 | loss 0.02755 | test RMSE 0.02905 | best 0.02765 | 170s
Epoch  90/100 | loss 0.02750 | test RMSE 0.02808 | best 0.02732 | 187s
Epoch 100/100 | loss 0.02729 | test RMSE 0.02928 | best 0.02713 | 205s

Training finished in 3.4 min — best test RMSE 0.02713
Checkpoint: /src/gs25122/MARIO/runs/gated/gated_s42/best.pt

==============================================
  SEEN
==============================================
trajectory           ATE [m]   TDE [%]
--------------------------------------
clover                 0.495      1.96
halfMoon               0.517      1.77
star                   0.325      0.90
egg                    0.739      1.35
winter                 0.187      0.69
--------------------------------------
mean                   0.453      1.33

==============================================
  UNSEEN
==============================================
trajectory           ATE [m]   TDE [%]
--------------------------------------
ampersand              1.238     12.13
sid                    0.550      2.19
oval                   0.901      2.78
sphinx                 1.041      3.22
bentDice               0.943      3.90
--------------------------------------
mean                   0.935      4.84
gated s42: seen ATE 0.4527  unseen ATE 0.9346  (213s)
