failed now: euroc_full_s3 euroc_head_s1 euroc_trunk_s2
22:36 retry euroc_full_s3 on gpu 9 (pid 282285)
22:36 retry euroc_head_s1 on gpu 2 (pid 287099)
22:37 retry euroc_trunk_s2 on gpu 9 (pid 291948)
23:01 waiting for run_transfer_nm.sh
failed after matrix: euroc_full_n1_s1 euroc_full_n2_s1 euroc_full_n4_s1 euroc_full_s3.failed euroc_head_n1_s3 euroc_head_n2_s3 euroc_head_n4_s3 euroc_head_s1.failed euroc_trunk_s2.failed
02:21 retry euroc_full_n1_s1 on gpu 9 (pid 3619459)
02:22 retry euroc_full_n2_s1 on gpu 2 (pid 3623841)
02:22 retry euroc_full_n4_s1 on gpu 9 (pid 3629960)
skip euroc_full_s3.failed
02:22 retry euroc_head_n1_s3 on gpu 2 (pid 3634141)
02:23 retry euroc_head_n2_s3 on gpu 9 (pid 3638009)
02:23 retry euroc_head_n4_s3 on gpu 2 (pid 3641859)
skip euroc_head_s1.failed
skip euroc_trunk_s2.failed
runs with results: 46 / 52
STILL FAILED: euroc_full_n1_s1.failed
STILL FAILED: euroc_full_n1_s1
STILL FAILED: euroc_full_n2_s1.failed
STILL FAILED: euroc_full_n2_s1
STILL FAILED: euroc_full_n4_s1.failed
STILL FAILED: euroc_full_n4_s1
STILL FAILED: euroc_full_s3.failed
STILL FAILED: euroc_head_n1_s3.failed
STILL FAILED: euroc_head_n1_s3
STILL FAILED: euroc_head_n2_s3.failed
STILL FAILED: euroc_head_n2_s3
STILL FAILED: euroc_head_n4_s3.failed
STILL FAILED: euroc_head_n4_s3
STILL FAILED: euroc_head_s1.failed
STILL FAILED: euroc_trunk_s2.failed
=== windowed summary ===
Traceback (most recent call last):
  File "/src/gs25122/MARIO/mario_sitl/scripts/summarise_transfer.py", line 58, in <module>
    raise SystemExit(main())
  File "/src/gs25122/MARIO/mario_sitl/scripts/summarise_transfer.py", line 30, in main
    r = json.loads(path.read_text())
  File "/src/gs25122/miniconda3/envs/mamba/lib/python3.10/json/__init__.py", line 346, in loads
    return _default_decoder.decode(s)
  File "/src/gs25122/miniconda3/envs/mamba/lib/python3.10/json/decoder.py", line 337, in decode
    obj, end = self.raw_decode(s, idx=_w(s, 0).end())
  File "/src/gs25122/miniconda3/envs/mamba/lib/python3.10/json/decoder.py", line 355, in raw_decode
    raise JSONDecodeError("Expecting value", s, err.value) from None
json.decoder.JSONDecodeError: Expecting value: line 1 column 1 (char 0)
=== full-trajectory rescore ===
/src/gs25122/miniconda3/envs/mamba/lib/python3.10/site-packages/mamba_ssm/ops/selective_scan_interface.py:164: FutureWarning: `torch.cuda.amp.custom_fwd(args...)` is deprecated. Please use `torch.amp.custom_fwd(args..., device_type='cuda')` instead.
  def forward(ctx, xz, conv1d_weight, conv1d_bias, x_proj_weight, delta_proj_weight,
/src/gs25122/miniconda3/envs/mamba/lib/python3.10/site-packages/mamba_ssm/ops/selective_scan_interface.py:240: FutureWarning: `torch.cuda.amp.custom_bwd(args...)` is deprecated. Please use `torch.amp.custom_bwd(args..., device_type='cuda')` instead.
  def backward(ctx, dout):
/src/gs25122/miniconda3/envs/mamba/lib/python3.10/site-packages/mamba_ssm/ops/triton/layer_norm.py:986: FutureWarning: `torch.cuda.amp.custom_fwd(args...)` is deprecated. Please use `torch.amp.custom_fwd(args..., device_type='cuda')` instead.
  def forward(
/src/gs25122/miniconda3/envs/mamba/lib/python3.10/site-packages/mamba_ssm/ops/triton/layer_norm.py:1045: FutureWarning: `torch.cuda.amp.custom_bwd(args...)` is deprecated. Please use `torch.amp.custom_bwd(args..., device_type='cuda')` instead.
  def backward(ctx, dout, *args):
/src/gs25122/miniconda3/envs/mamba/lib/python3.10/site-packages/mamba_ssm/distributed/tensor_parallel.py:26: FutureWarning: `torch.cuda.amp.custom_fwd(args...)` is deprecated. Please use `torch.amp.custom_fwd(args..., device_type='cuda')` instead.
  def forward(ctx, x, weight, bias, process_group=None, sequence_parallel=True):
/src/gs25122/miniconda3/envs/mamba/lib/python3.10/site-packages/mamba_ssm/distributed/tensor_parallel.py:62: FutureWarning: `torch.cuda.amp.custom_bwd(args...)` is deprecated. Please use `torch.amp.custom_bwd(args..., device_type='cuda')` instead.
  def backward(ctx, grad_output):
/src/gs25122/miniconda3/envs/mamba/lib/python3.10/site-packages/mamba_ssm/ops/triton/ssd_combined.py:758: FutureWarning: `torch.cuda.amp.custom_fwd(args...)` is deprecated. Please use `torch.amp.custom_fwd(args..., device_type='cuda')` instead.
  def forward(ctx, zxbcdt, conv1d_weight, conv1d_bias, dt_bias, A, D, chunk_size, initial_states=None, seq_idx=None, dt_limit=(0.0, float("inf")), return_final_states=False, activation="silu",
/src/gs25122/miniconda3/envs/mamba/lib/python3.10/site-packages/mamba_ssm/ops/triton/ssd_combined.py:836: FutureWarning: `torch.cuda.amp.custom_bwd(args...)` is deprecated. Please use `torch.amp.custom_bwd(args..., device_type='cuda')` instead.
  def backward(ctx, dout, *args):
[ 1/46] euroc_full_n1_s2             windowed   6.526 -> full   69.700
[ 2/46] euroc_full_n1_s3             windowed   6.536 -> full   68.630
[ 3/46] euroc_full_n1_s42            windowed   6.634 -> full   70.303
[ 4/46] euroc_full_n2_s2             windowed   4.050 -> full   25.720
[ 5/46] euroc_full_n2_s3             windowed   4.012 -> full   24.119
[ 6/46] euroc_full_n2_s42            windowed   4.040 -> full   25.922
[ 7/46] euroc_full_n4_s2             windowed   2.374 -> full    9.667
[ 8/46] euroc_full_n4_s3             windowed   2.936 -> full   10.459
[ 9/46] euroc_full_n4_s42            windowed   3.064 -> full   10.783
[10/46] euroc_full_s1                windowed   2.317 -> full    7.866
[11/46] euroc_full_s2                windowed   2.701 -> full    8.534
[12/46] euroc_full_s3                windowed   2.225 -> full    7.495
[13/46] euroc_full_s42               windowed   2.409 -> full    7.058
[14/46] euroc_head_n1_s1             windowed   4.134 -> full   23.907
[15/46] euroc_head_n1_s2             windowed   4.126 -> full   23.876
[16/46] euroc_head_n1_s42            windowed   4.129 -> full   23.876
[17/46] euroc_head_n2_s1             windowed   4.219 -> full   27.404
[18/46] euroc_head_n2_s2             windowed   5.069 -> full   32.852
[19/46] euroc_head_n2_s42            windowed   5.081 -> full   32.872
[20/46] euroc_head_n4_s1             windowed   2.194 -> full    6.507
[21/46] euroc_head_n4_s2             windowed   2.196 -> full    6.585
[22/46] euroc_head_n4_s42            windowed   2.172 -> full    6.487
[23/46] euroc_head_s1                windowed   2.364 -> full    7.332
[24/46] euroc_head_s2                windowed   2.359 -> full    7.030
[25/46] euroc_head_s3                windowed   2.377 -> full    7.186
[26/46] euroc_head_s42               windowed   2.340 -> full    7.218
[27/46] euroc_scratch_n1_s1          windowed   3.403 -> full   14.599
[28/46] euroc_scratch_n1_s2          windowed   3.607 -> full   14.223
[29/46] euroc_scratch_n1_s3          windowed   3.516 -> full   13.479
[30/46] euroc_scratch_n1_s42         windowed   3.488 -> full   12.152
[31/46] euroc_scratch_n2_s1          windowed   4.347 -> full   20.669
[32/46] euroc_scratch_n2_s2          windowed   3.310 -> full   16.402
[33/46] euroc_scratch_n2_s3          windowed   2.933 -> full   14.881
[34/46] euroc_scratch_n2_s42         windowed   3.624 -> full   19.172
[35/46] euroc_scratch_n4_s1          windowed   0.842 -> full    6.659
[36/46] euroc_scratch_n4_s2          windowed   1.177 -> full    5.543
Traceback (most recent call last):
  File "/src/gs25122/MARIO/mario_sitl/scripts/reeval_transfer_full.py", line 129, in <module>
    raise SystemExit(main())
  File "/src/gs25122/MARIO/mario_sitl/scripts/reeval_transfer_full.py", line 54, in main
    r = json.loads(p.read_text())
  File "/src/gs25122/miniconda3/envs/mamba/lib/python3.10/json/__init__.py", line 346, in loads
    return _default_decoder.decode(s)
  File "/src/gs25122/miniconda3/envs/mamba/lib/python3.10/json/decoder.py", line 337, in decode
    obj, end = self.raw_decode(s, idx=_w(s, 0).end())
  File "/src/gs25122/miniconda3/envs/mamba/lib/python3.10/json/decoder.py", line 355, in raw_decode
    raise JSONDecodeError("Expecting value", s, err.value) from None
json.decoder.JSONDecodeError: Expecting value: line 1 column 1 (char 0)
RETRY DONE
