/src/gs25122/miniconda3/envs/mamba/lib/python3.10/site-packages/mamba_ssm/ops/selective_scan_interface.py:164: FutureWarning: `torch.cuda.amp.custom_fwd(args...)` is deprecated. Please use `torch.amp.custom_fwd(args..., device_type='cuda')` instead.
  def forward(ctx, xz, conv1d_weight, conv1d_bias, x_proj_weight, delta_proj_weight,
/src/gs25122/miniconda3/envs/mamba/lib/python3.10/site-packages/mamba_ssm/ops/selective_scan_interface.py:240: FutureWarning: `torch.cuda.amp.custom_bwd(args...)` is deprecated. Please use `torch.amp.custom_bwd(args..., device_type='cuda')` instead.
  def backward(ctx, dout):
/src/gs25122/miniconda3/envs/mamba/lib/python3.10/site-packages/mamba_ssm/ops/triton/layer_norm.py:986: FutureWarning: `torch.cuda.amp.custom_fwd(args...)` is deprecated. Please use `torch.amp.custom_fwd(args..., device_type='cuda')` instead.
  def forward(
/src/gs25122/miniconda3/envs/mamba/lib/python3.10/site-packages/mamba_ssm/ops/triton/layer_norm.py:1045: FutureWarning: `torch.cuda.amp.custom_bwd(args...)` is deprecated. Please use `torch.amp.custom_bwd(args..., device_type='cuda')` instead.
  def backward(ctx, dout, *args):
/src/gs25122/miniconda3/envs/mamba/lib/python3.10/site-packages/mamba_ssm/distributed/tensor_parallel.py:26: FutureWarning: `torch.cuda.amp.custom_fwd(args...)` is deprecated. Please use `torch.amp.custom_fwd(args..., device_type='cuda')` instead.
  def forward(ctx, x, weight, bias, process_group=None, sequence_parallel=True):
/src/gs25122/miniconda3/envs/mamba/lib/python3.10/site-packages/mamba_ssm/distributed/tensor_parallel.py:62: FutureWarning: `torch.cuda.amp.custom_bwd(args...)` is deprecated. Please use `torch.amp.custom_bwd(args..., device_type='cuda')` instead.
  def backward(ctx, grad_output):
/src/gs25122/miniconda3/envs/mamba/lib/python3.10/site-packages/mamba_ssm/ops/triton/ssd_combined.py:758: FutureWarning: `torch.cuda.amp.custom_fwd(args...)` is deprecated. Please use `torch.amp.custom_fwd(args..., device_type='cuda')` instead.
  def forward(ctx, zxbcdt, conv1d_weight, conv1d_bias, dt_bias, A, D, chunk_size, initial_states=None, seq_idx=None, dt_limit=(0.0, float("inf")), return_final_states=False, activation="silu",
/src/gs25122/miniconda3/envs/mamba/lib/python3.10/site-packages/mamba_ssm/ops/triton/ssd_combined.py:836: FutureWarning: `torch.cuda.amp.custom_bwd(args...)` is deprecated. Please use `torch.amp.custom_bwd(args..., device_type='cuda')` instead.
  def backward(ctx, dout, *args):
motor channel: per-flight max (baseline)
  train_perflight: 11360 windows (cache)
  test_perflight: 955 windows (cache)
Epoch   1/100 | loss 0.12045 | test RMSE 0.10617 | best 0.10617 | 3s
Epoch  10/100 | loss 0.02850 | test RMSE 0.02729 | best 0.02729 | 21s
Epoch  20/100 | loss 0.02408 | test RMSE 0.02355 | best 0.02183 | 43s
Epoch  30/100 | loss 0.02325 | test RMSE 0.02334 | best 0.02063 | 64s
Epoch  40/100 | loss 0.02189 | test RMSE 0.02066 | best 0.02045 | 84s
Epoch  50/100 | loss 0.02153 | test RMSE 0.02190 | best 0.02045 | 105s
Epoch  60/100 | loss 0.02163 | test RMSE 0.02148 | best 0.02045 | 125s
Epoch  70/100 | loss 0.02134 | test RMSE 0.02133 | best 0.02045 | 147s
Epoch  80/100 | loss 0.02142 | test RMSE 0.02149 | best 0.02045 | 169s
Epoch  90/100 | loss 0.02131 | test RMSE 0.02234 | best 0.02045 | 191s
Epoch 100/100 | loss 0.02142 | test RMSE 0.02213 | best 0.02045 | 214s

Training finished in 3.6 min — best test RMSE 0.02045
Checkpoint: runs/b1_control_1e-4/best.pt

==============================================
  SEEN
==============================================
trajectory           ATE [m]   TDE [%]
--------------------------------------
clover                 0.588      2.33
halfMoon               0.551      1.88
star                   0.455      1.26
egg                    0.696      1.27
winter                 0.106      0.40
--------------------------------------
mean                   0.479      1.43

==============================================
  UNSEEN
==============================================
trajectory           ATE [m]   TDE [%]
--------------------------------------
ampersand              1.880     19.38
sid                    1.311      4.85
oval                   0.648      2.00
sphinx                 2.611      8.20
bentDice               1.336      5.55
--------------------------------------
mean                   1.557      8.00
   SEEN  ATE 0.4791  TDE 1.4270
 UNSEEN  ATE 1.5572  TDE 7.9960
wrote runs/b1_control_1e-4
