@@@@@ uncertainty_weight = 0.01
trajectory           ATE [m]   TDE [%]
--------------------------------------
ampersand              1.789     18.44
sid                    1.046      3.87
oval                   0.686      2.12
sphinx                 2.598      8.16
bentDice               1.008      4.19
--------------------------------------
mean                   1.425      7.35
   SEEN  ATE 0.3892  TDE 1.2411
 UNSEEN  ATE 1.4254  TDE 7.3549
wrote runs/b1_uw0.01
@@@@@ end 0.01
@@@@@ uncertainty_weight = 0.1
trajectory           ATE [m]   TDE [%]
--------------------------------------
ampersand              1.617     16.66
sid                    1.141      4.22
oval                   0.780      2.41
sphinx                 3.432     10.78
bentDice               1.443      5.99
--------------------------------------
mean                   1.683      8.01
   SEEN  ATE 0.4010  TDE 1.2710
 UNSEEN  ATE 1.6826  TDE 8.0131
wrote runs/b1_uw0.1
@@@@@ end 0.1
@@@@@ uncertainty_weight = 1.0
trajectory           ATE [m]   TDE [%]
--------------------------------------
ampersand              2.549     26.27
sid                    1.673      6.19
oval                   0.991      3.06
sphinx                 3.128      9.82
bentDice               1.408      5.85
--------------------------------------
mean                   1.950     10.24
   SEEN  ATE 0.5365  TDE 1.6929
 UNSEEN  ATE 1.9500  TDE 10.2400
wrote runs/b1_uw1.0
@@@@@ end 1.0
@@@@@ uncertainty_weight = 10.0
trajectory           ATE [m]   TDE [%]
--------------------------------------
ampersand              3.550     36.58
sid                    2.661      9.85
oval                   1.154      3.56
sphinx                 4.844     15.21
bentDice               2.607     10.83
--------------------------------------
mean                   2.963     15.21
   SEEN  ATE 1.0011  TDE 3.0593
 UNSEEN  ATE 2.9634  TDE 15.2078
wrote runs/b1_uw10.0
@@@@@ end 10.0
