/src/gs25122/miniconda3/envs/mamba/lib/python3.10/site-packages/mamba_ssm/ops/selective_scan_interface.py:164: FutureWarning: `torch.cuda.amp.custom_fwd(args...)` is deprecated. Please use `torch.amp.custom_fwd(args..., device_type='cuda')` instead.
  def forward(ctx, xz, conv1d_weight, conv1d_bias, x_proj_weight, delta_proj_weight,
/src/gs25122/miniconda3/envs/mamba/lib/python3.10/site-packages/mamba_ssm/ops/selective_scan_interface.py:240: FutureWarning: `torch.cuda.amp.custom_bwd(args...)` is deprecated. Please use `torch.amp.custom_bwd(args..., device_type='cuda')` instead.
  def backward(ctx, dout):
/src/gs25122/miniconda3/envs/mamba/lib/python3.10/site-packages/mamba_ssm/ops/triton/layer_norm.py:986: FutureWarning: `torch.cuda.amp.custom_fwd(args...)` is deprecated. Please use `torch.amp.custom_fwd(args..., device_type='cuda')` instead.
  def forward(
/src/gs25122/miniconda3/envs/mamba/lib/python3.10/site-packages/mamba_ssm/ops/triton/layer_norm.py:1045: FutureWarning: `torch.cuda.amp.custom_bwd(args...)` is deprecated. Please use `torch.amp.custom_bwd(args..., device_type='cuda')` instead.
  def backward(ctx, dout, *args):
/src/gs25122/miniconda3/envs/mamba/lib/python3.10/site-packages/mamba_ssm/distributed/tensor_parallel.py:26: FutureWarning: `torch.cuda.amp.custom_fwd(args...)` is deprecated. Please use `torch.amp.custom_fwd(args..., device_type='cuda')` instead.
  def forward(ctx, x, weight, bias, process_group=None, sequence_parallel=True):
/src/gs25122/miniconda3/envs/mamba/lib/python3.10/site-packages/mamba_ssm/distributed/tensor_parallel.py:62: FutureWarning: `torch.cuda.amp.custom_bwd(args...)` is deprecated. Please use `torch.amp.custom_bwd(args..., device_type='cuda')` instead.
  def backward(ctx, grad_output):
/src/gs25122/miniconda3/envs/mamba/lib/python3.10/site-packages/mamba_ssm/ops/triton/ssd_combined.py:758: FutureWarning: `torch.cuda.amp.custom_fwd(args...)` is deprecated. Please use `torch.amp.custom_fwd(args..., device_type='cuda')` instead.
  def forward(ctx, zxbcdt, conv1d_weight, conv1d_bias, dt_bias, A, D, chunk_size, initial_states=None, seq_idx=None, dt_limit=(0.0, float("inf")), return_final_states=False, activation="silu",
/src/gs25122/miniconda3/envs/mamba/lib/python3.10/site-packages/mamba_ssm/ops/triton/ssd_combined.py:836: FutureWarning: `torch.cuda.amp.custom_bwd(args...)` is deprecated. Please use `torch.amp.custom_bwd(args..., device_type='cuda')` instead.
  def backward(ctx, dout, *args):
motor channel: FIXED scale /9.8066
  train/clover: peak=[0.0, 0.0, 13.008] -> mean [0.0, 0.0, -1.121]
  train/halfMoon: peak=[0.0, 0.0, 13.454] -> mean [0.0, 0.0, -1.214]
  train/star: peak=[0.0, 0.0, 15.772] -> mean [0.0, 0.0, -1.206]
  train/egg: peak=[0.0, 0.0, 14.031] -> mean [0.0, 0.0, -1.119]
  train/winter: peak=[0.0, 0.0, 12.393] -> mean [0.0, 0.0, -1.087]
  test/clover: peak=[0.0, 0.0, 13.532] -> mean [0.0, 0.0, -1.124]
  test/halfMoon: peak=[0.0, 0.0, 13.334] -> mean [0.0, 0.0, -1.212]
  test/star: peak=[0.0, 0.0, 15.894] -> mean [0.0, 0.0, -1.207]
  test/egg: peak=[0.0, 0.0, 14.135] -> mean [0.0, 0.0, -1.123]
  test/winter: peak=[0.0, 0.0, 12.455] -> mean [0.0, 0.0, -1.088]
  train_fixed9.8066: 11360 windows (built, cached)
  test_fixed9.8066: 955 windows (built, cached)
Epoch   1/100 | loss 0.08252 | test RMSE 0.10544 | best 0.10544 | 4s
Epoch  10/100 | loss -0.04026 | test RMSE 0.02758 | best 0.02758 | 25s
Epoch  20/100 | loss -0.04741 | test RMSE 0.02159 | best 0.02066 | 46s
Epoch  30/100 | loss -0.05041 | test RMSE 0.01872 | best 0.01798 | 70s
Epoch  40/100 | loss -0.05107 | test RMSE 0.01849 | best 0.01798 | 94s
Epoch  50/100 | loss -0.05123 | test RMSE 0.01930 | best 0.01798 | 116s
Epoch  60/100 | loss -0.05113 | test RMSE 0.01884 | best 0.01777 | 139s
Epoch  70/100 | loss -0.05160 | test RMSE 0.01859 | best 0.01777 | 161s
Epoch  80/100 | loss -0.05153 | test RMSE 0.01783 | best 0.01777 | 184s
Epoch  90/100 | loss -0.05173 | test RMSE 0.01903 | best 0.01777 | 207s
Epoch 100/100 | loss -0.05160 | test RMSE 0.01839 | best 0.01777 | 230s

Training finished in 3.8 min — best test RMSE 0.01777
Checkpoint: runs/b2_fixedscale_uw0.01/best.pt

==============================================
  SEEN
==============================================
trajectory           ATE [m]   TDE [%]
--------------------------------------
clover                 0.470      1.86
halfMoon               0.210      0.72
star                   0.513      1.43
egg                    0.426      0.78
winter                 0.184      0.69
--------------------------------------
mean                   0.361      1.09

==============================================
  UNSEEN
==============================================
trajectory           ATE [m]   TDE [%]
--------------------------------------
ampersand              1.804     18.59
sid                    0.827      3.06
oval                   0.389      1.20
sphinx                 2.909      9.14
bentDice               1.368      5.68
--------------------------------------
mean                   1.459      7.53
   SEEN  ATE 0.3609  TDE 1.0937
 UNSEEN  ATE 1.4593  TDE 7.5341
wrote runs/b2_fixedscale_uw0.01
