/src/gs25122/miniconda3/envs/mamba/lib/python3.10/site-packages/mamba_ssm/ops/selective_scan_interface.py:164: FutureWarning: `torch.cuda.amp.custom_fwd(args...)` is deprecated. Please use `torch.amp.custom_fwd(args..., device_type='cuda')` instead.
  def forward(ctx, xz, conv1d_weight, conv1d_bias, x_proj_weight, delta_proj_weight,
/src/gs25122/miniconda3/envs/mamba/lib/python3.10/site-packages/mamba_ssm/ops/selective_scan_interface.py:240: FutureWarning: `torch.cuda.amp.custom_bwd(args...)` is deprecated. Please use `torch.amp.custom_bwd(args..., device_type='cuda')` instead.
  def backward(ctx, dout):
/src/gs25122/miniconda3/envs/mamba/lib/python3.10/site-packages/mamba_ssm/ops/triton/layer_norm.py:986: FutureWarning: `torch.cuda.amp.custom_fwd(args...)` is deprecated. Please use `torch.amp.custom_fwd(args..., device_type='cuda')` instead.
  def forward(
/src/gs25122/miniconda3/envs/mamba/lib/python3.10/site-packages/mamba_ssm/ops/triton/layer_norm.py:1045: FutureWarning: `torch.cuda.amp.custom_bwd(args...)` is deprecated. Please use `torch.amp.custom_bwd(args..., device_type='cuda')` instead.
  def backward(ctx, dout, *args):
/src/gs25122/miniconda3/envs/mamba/lib/python3.10/site-packages/mamba_ssm/distributed/tensor_parallel.py:26: FutureWarning: `torch.cuda.amp.custom_fwd(args...)` is deprecated. Please use `torch.amp.custom_fwd(args..., device_type='cuda')` instead.
  def forward(ctx, x, weight, bias, process_group=None, sequence_parallel=True):
/src/gs25122/miniconda3/envs/mamba/lib/python3.10/site-packages/mamba_ssm/distributed/tensor_parallel.py:62: FutureWarning: `torch.cuda.amp.custom_bwd(args...)` is deprecated. Please use `torch.amp.custom_bwd(args..., device_type='cuda')` instead.
  def backward(ctx, grad_output):
/src/gs25122/miniconda3/envs/mamba/lib/python3.10/site-packages/mamba_ssm/ops/triton/ssd_combined.py:758: FutureWarning: `torch.cuda.amp.custom_fwd(args...)` is deprecated. Please use `torch.amp.custom_fwd(args..., device_type='cuda')` instead.
  def forward(ctx, zxbcdt, conv1d_weight, conv1d_bias, dt_bias, A, D, chunk_size, initial_states=None, seq_idx=None, dt_limit=(0.0, float("inf")), return_final_states=False, activation="silu",
/src/gs25122/miniconda3/envs/mamba/lib/python3.10/site-packages/mamba_ssm/ops/triton/ssd_combined.py:836: FutureWarning: `torch.cuda.amp.custom_bwd(args...)` is deprecated. Please use `torch.amp.custom_bwd(args..., device_type='cuda')` instead.
  def backward(ctx, dout, *args):
motor channel: FIXED scale /9.8066
  train/clover: peak=[0.0, 0.0, 13.008] -> mean [0.0, 0.0, -1.121]
  train/halfMoon: peak=[0.0, 0.0, 13.454] -> mean [0.0, 0.0, -1.214]
  train/star: peak=[0.0, 0.0, 15.772] -> mean [0.0, 0.0, -1.206]
  train/egg: peak=[0.0, 0.0, 14.031] -> mean [0.0, 0.0, -1.119]
  train/winter: peak=[0.0, 0.0, 12.393] -> mean [0.0, 0.0, -1.087]
  train_fixed9.8066: 11360 windows (cache)
  test/clover: peak=[0.0, 0.0, 13.532] -> mean [0.0, 0.0, -1.124]
  test/halfMoon: peak=[0.0, 0.0, 13.334] -> mean [0.0, 0.0, -1.212]
  test/star: peak=[0.0, 0.0, 15.894] -> mean [0.0, 0.0, -1.207]
  test/egg: peak=[0.0, 0.0, 14.135] -> mean [0.0, 0.0, -1.123]
  test/winter: peak=[0.0, 0.0, 12.455] -> mean [0.0, 0.0, -1.088]
  test_fixed9.8066: 955 windows (cache)
rot-aug: on (11360 training windows, random yaw per window)
arch: causal  params: 95,974
Epoch   1/100 | loss 0.12710 | test RMSE 0.07131 | best 0.07131 | 8s
Epoch  10/100 | loss 0.00178 | test RMSE 0.03900 | best 0.03854 | 74s
Epoch  20/100 | loss -0.00599 | test RMSE 0.03743 | best 0.03391 | 146s
Epoch  30/100 | loss -0.01163 | test RMSE 0.03296 | best 0.03166 | 217s
Epoch  40/100 | loss -0.01373 | test RMSE 0.03044 | best 0.03044 | 287s
Epoch  50/100 | loss -0.01469 | test RMSE 0.02979 | best 0.02964 | 358s
Epoch  60/100 | loss -0.01421 | test RMSE 0.03197 | best 0.02960 | 430s
Epoch  70/100 | loss -0.01509 | test RMSE 0.03359 | best 0.02960 | 501s
Epoch  80/100 | loss -0.01573 | test RMSE 0.03256 | best 0.02960 | 574s
Epoch  90/100 | loss -0.01558 | test RMSE 0.03110 | best 0.02945 | 645s
Epoch 100/100 | loss -0.01453 | test RMSE 0.03201 | best 0.02934 | 717s

Training finished in 12.0 min — best test RMSE 0.02934
Checkpoint: runs/b8_rot_s1/best.pt

==============================================
  SEEN
==============================================
trajectory           ATE [m]   TDE [%]
--------------------------------------
clover                 0.551      2.18
halfMoon               0.499      1.71
star                   0.527      1.47
egg                    0.829      1.51
winter                 0.354      1.32
--------------------------------------
mean                   0.552      1.64

==============================================
  UNSEEN
==============================================
trajectory           ATE [m]   TDE [%]
--------------------------------------
ampersand              2.540     26.18
sid                    0.813      3.01
oval                   0.437      1.35
sphinx                 2.553      8.02
bentDice               1.492      6.20
--------------------------------------
mean                   1.567      8.95
   SEEN  ATE 0.5521  TDE 1.6359
 UNSEEN  ATE 1.5670  TDE 8.9497
wrote runs/b8_rot_s1
