/src/gs25122/miniconda3/envs/mamba/lib/python3.10/site-packages/mamba_ssm/ops/selective_scan_interface.py:164: FutureWarning: `torch.cuda.amp.custom_fwd(args...)` is deprecated. Please use `torch.amp.custom_fwd(args..., device_type='cuda')` instead.
  def forward(ctx, xz, conv1d_weight, conv1d_bias, x_proj_weight, delta_proj_weight,
/src/gs25122/miniconda3/envs/mamba/lib/python3.10/site-packages/mamba_ssm/ops/selective_scan_interface.py:240: FutureWarning: `torch.cuda.amp.custom_bwd(args...)` is deprecated. Please use `torch.amp.custom_bwd(args..., device_type='cuda')` instead.
  def backward(ctx, dout):
/src/gs25122/miniconda3/envs/mamba/lib/python3.10/site-packages/mamba_ssm/ops/triton/layer_norm.py:986: FutureWarning: `torch.cuda.amp.custom_fwd(args...)` is deprecated. Please use `torch.amp.custom_fwd(args..., device_type='cuda')` instead.
  def forward(
/src/gs25122/miniconda3/envs/mamba/lib/python3.10/site-packages/mamba_ssm/ops/triton/layer_norm.py:1045: FutureWarning: `torch.cuda.amp.custom_bwd(args...)` is deprecated. Please use `torch.amp.custom_bwd(args..., device_type='cuda')` instead.
  def backward(ctx, dout, *args):
/src/gs25122/miniconda3/envs/mamba/lib/python3.10/site-packages/mamba_ssm/distributed/tensor_parallel.py:26: FutureWarning: `torch.cuda.amp.custom_fwd(args...)` is deprecated. Please use `torch.amp.custom_fwd(args..., device_type='cuda')` instead.
  def forward(ctx, x, weight, bias, process_group=None, sequence_parallel=True):
/src/gs25122/miniconda3/envs/mamba/lib/python3.10/site-packages/mamba_ssm/distributed/tensor_parallel.py:62: FutureWarning: `torch.cuda.amp.custom_bwd(args...)` is deprecated. Please use `torch.amp.custom_bwd(args..., device_type='cuda')` instead.
  def backward(ctx, grad_output):
/src/gs25122/miniconda3/envs/mamba/lib/python3.10/site-packages/mamba_ssm/ops/triton/ssd_combined.py:758: FutureWarning: `torch.cuda.amp.custom_fwd(args...)` is deprecated. Please use `torch.amp.custom_fwd(args..., device_type='cuda')` instead.
  def forward(ctx, zxbcdt, conv1d_weight, conv1d_bias, dt_bias, A, D, chunk_size, initial_states=None, seq_idx=None, dt_limit=(0.0, float("inf")), return_final_states=False, activation="silu",
/src/gs25122/miniconda3/envs/mamba/lib/python3.10/site-packages/mamba_ssm/ops/triton/ssd_combined.py:836: FutureWarning: `torch.cuda.amp.custom_bwd(args...)` is deprecated. Please use `torch.amp.custom_bwd(args..., device_type='cuda')` instead.
  def backward(ctx, dout, *args):
motor channel: FIXED scale /9.8066
  train/clover: peak=[0.0, 0.0, 13.008] -> mean [0.0, 0.0, -1.121]
  train/halfMoon: peak=[0.0, 0.0, 13.454] -> mean [0.0, 0.0, -1.214]
  train/star: peak=[0.0, 0.0, 15.772] -> mean [0.0, 0.0, -1.206]
  train/egg: peak=[0.0, 0.0, 14.031] -> mean [0.0, 0.0, -1.119]
  train/winter: peak=[0.0, 0.0, 12.393] -> mean [0.0, 0.0, -1.087]
  train_fixed9.8066: 11360 windows (cache)
  test/clover: peak=[0.0, 0.0, 13.532] -> mean [0.0, 0.0, -1.124]
  test/halfMoon: peak=[0.0, 0.0, 13.334] -> mean [0.0, 0.0, -1.212]
  test/star: peak=[0.0, 0.0, 15.894] -> mean [0.0, 0.0, -1.207]
  test/egg: peak=[0.0, 0.0, 14.135] -> mean [0.0, 0.0, -1.123]
  test/winter: peak=[0.0, 0.0, 12.455] -> mean [0.0, 0.0, -1.088]
  test_fixed9.8066: 955 windows (cache)
rot-aug: on (11360 training windows, random yaw per window)
arch: causal  params: 95,974
Epoch   1/100 | loss 0.10888 | test RMSE 0.07598 | best 0.07598 | 8s
Epoch  10/100 | loss 0.00107 | test RMSE 0.03815 | best 0.03815 | 74s
Epoch  20/100 | loss -0.00581 | test RMSE 0.05394 | best 0.03704 | 145s
Epoch  30/100 | loss -0.01057 | test RMSE 0.04105 | best 0.03632 | 214s
Epoch  40/100 | loss -0.01287 | test RMSE 0.03331 | best 0.03142 | 285s
Epoch  50/100 | loss -0.01272 | test RMSE 0.03297 | best 0.03085 | 355s
Epoch  60/100 | loss -0.01259 | test RMSE 0.03211 | best 0.03085 | 426s
Epoch  70/100 | loss -0.01411 | test RMSE 0.03541 | best 0.03085 | 496s
Epoch  80/100 | loss -0.01400 | test RMSE 0.03371 | best 0.03085 | 568s
Epoch  90/100 | loss -0.01215 | test RMSE 0.03283 | best 0.03085 | 639s
Epoch 100/100 | loss -0.01412 | test RMSE 0.03240 | best 0.03085 | 711s

Training finished in 11.8 min — best test RMSE 0.03085
Checkpoint: runs/b8_rot_s2/best.pt

==============================================
  SEEN
==============================================
trajectory           ATE [m]   TDE [%]
--------------------------------------
clover                 0.770      3.05
halfMoon               0.247      0.84
star                   0.529      1.47
egg                    0.737      1.34
winter                 0.422      1.57
--------------------------------------
mean                   0.541      1.66

==============================================
  UNSEEN
==============================================
trajectory           ATE [m]   TDE [%]
--------------------------------------
ampersand              2.248     23.17
sid                    0.853      3.16
oval                   0.616      1.90
sphinx                 2.695      8.46
bentDice               1.481      6.15
--------------------------------------
mean                   1.578      8.57
   SEEN  ATE 0.5412  TDE 1.6552
 UNSEEN  ATE 1.5785  TDE 8.5679
wrote runs/b8_rot_s2
