/src/gs25122/miniconda3/envs/mamba/lib/python3.10/site-packages/mamba_ssm/ops/selective_scan_interface.py:164: FutureWarning: `torch.cuda.amp.custom_fwd(args...)` is deprecated. Please use `torch.amp.custom_fwd(args..., device_type='cuda')` instead.
  def forward(ctx, xz, conv1d_weight, conv1d_bias, x_proj_weight, delta_proj_weight,
/src/gs25122/miniconda3/envs/mamba/lib/python3.10/site-packages/mamba_ssm/ops/selective_scan_interface.py:240: FutureWarning: `torch.cuda.amp.custom_bwd(args...)` is deprecated. Please use `torch.amp.custom_bwd(args..., device_type='cuda')` instead.
  def backward(ctx, dout):
/src/gs25122/miniconda3/envs/mamba/lib/python3.10/site-packages/mamba_ssm/ops/triton/layer_norm.py:986: FutureWarning: `torch.cuda.amp.custom_fwd(args...)` is deprecated. Please use `torch.amp.custom_fwd(args..., device_type='cuda')` instead.
  def forward(
/src/gs25122/miniconda3/envs/mamba/lib/python3.10/site-packages/mamba_ssm/ops/triton/layer_norm.py:1045: FutureWarning: `torch.cuda.amp.custom_bwd(args...)` is deprecated. Please use `torch.amp.custom_bwd(args..., device_type='cuda')` instead.
  def backward(ctx, dout, *args):
/src/gs25122/miniconda3/envs/mamba/lib/python3.10/site-packages/mamba_ssm/distributed/tensor_parallel.py:26: FutureWarning: `torch.cuda.amp.custom_fwd(args...)` is deprecated. Please use `torch.amp.custom_fwd(args..., device_type='cuda')` instead.
  def forward(ctx, x, weight, bias, process_group=None, sequence_parallel=True):
/src/gs25122/miniconda3/envs/mamba/lib/python3.10/site-packages/mamba_ssm/distributed/tensor_parallel.py:62: FutureWarning: `torch.cuda.amp.custom_bwd(args...)` is deprecated. Please use `torch.amp.custom_bwd(args..., device_type='cuda')` instead.
  def backward(ctx, grad_output):
/src/gs25122/miniconda3/envs/mamba/lib/python3.10/site-packages/mamba_ssm/ops/triton/ssd_combined.py:758: FutureWarning: `torch.cuda.amp.custom_fwd(args...)` is deprecated. Please use `torch.amp.custom_fwd(args..., device_type='cuda')` instead.
  def forward(ctx, zxbcdt, conv1d_weight, conv1d_bias, dt_bias, A, D, chunk_size, initial_states=None, seq_idx=None, dt_limit=(0.0, float("inf")), return_final_states=False, activation="silu",
/src/gs25122/miniconda3/envs/mamba/lib/python3.10/site-packages/mamba_ssm/ops/triton/ssd_combined.py:836: FutureWarning: `torch.cuda.amp.custom_bwd(args...)` is deprecated. Please use `torch.amp.custom_bwd(args..., device_type='cuda')` instead.
  def backward(ctx, dout, *args):
motor channel: FIXED scale /9.8066
  train/clover: peak=[0.0, 0.0, 13.008] -> mean [0.0, 0.0, -1.121]
  train/halfMoon: peak=[0.0, 0.0, 13.454] -> mean [0.0, 0.0, -1.214]
  train/star: peak=[0.0, 0.0, 15.772] -> mean [0.0, 0.0, -1.206]
  train/egg: peak=[0.0, 0.0, 14.031] -> mean [0.0, 0.0, -1.119]
  train/winter: peak=[0.0, 0.0, 12.393] -> mean [0.0, 0.0, -1.087]
  train_fixed9.8066: 11360 windows (cache)
  test/clover: peak=[0.0, 0.0, 13.532] -> mean [0.0, 0.0, -1.124]
  test/halfMoon: peak=[0.0, 0.0, 13.334] -> mean [0.0, 0.0, -1.212]
  test/star: peak=[0.0, 0.0, 15.894] -> mean [0.0, 0.0, -1.207]
  test/egg: peak=[0.0, 0.0, 14.135] -> mean [0.0, 0.0, -1.123]
  test/winter: peak=[0.0, 0.0, 12.455] -> mean [0.0, 0.0, -1.088]
  test_fixed9.8066: 955 windows (cache)
arch: causal  params: 169,958
Epoch   1/100 | loss 0.06226 | test RMSE 0.07746 | best 0.07746 | 3s
Epoch  10/100 | loss -0.04882 | test RMSE 0.02221 | best 0.02221 | 20s
Epoch  20/100 | loss -0.05610 | test RMSE 0.02071 | best 0.01994 | 38s
Epoch  30/100 | loss -0.05977 | test RMSE 0.01891 | best 0.01851 | 57s
Epoch  40/100 | loss -0.06011 | test RMSE 0.01924 | best 0.01849 | 76s
Epoch  50/100 | loss -0.06063 | test RMSE 0.01911 | best 0.01849 | 94s
Epoch  60/100 | loss -0.06047 | test RMSE 0.01952 | best 0.01849 | 112s
Epoch  70/100 | loss -0.06126 | test RMSE 0.01938 | best 0.01849 | 130s
Epoch  80/100 | loss -0.06101 | test RMSE 0.02031 | best 0.01849 | 148s
Epoch  90/100 | loss -0.06124 | test RMSE 0.01992 | best 0.01849 | 167s
Epoch 100/100 | loss -0.06155 | test RMSE 0.01958 | best 0.01849 | 184s

Training finished in 3.1 min — best test RMSE 0.01849
Checkpoint: runs/c1_s42/best.pt

==============================================
  SEEN
==============================================
trajectory           ATE [m]   TDE [%]
--------------------------------------
clover                 0.498      1.97
halfMoon               0.235      0.80
star                   0.711      1.98
egg                    0.382      0.70
winter                 0.262      0.98
--------------------------------------
mean                   0.418      1.28

==============================================
  UNSEEN
==============================================
trajectory           ATE [m]   TDE [%]
--------------------------------------
ampersand              1.867     19.24
sid                    1.206      4.46
oval                   0.583      1.80
sphinx                 3.699     11.62
bentDice               1.464      6.08
--------------------------------------
mean                   1.764      8.64
   SEEN  ATE 0.4176  TDE 1.2842
 UNSEEN  ATE 1.7638  TDE 8.6401
wrote runs/c1_s42
