/src/gs25122/miniconda3/envs/mamba/lib/python3.10/site-packages/mamba_ssm/ops/selective_scan_interface.py:164: FutureWarning: `torch.cuda.amp.custom_fwd(args...)` is deprecated. Please use `torch.amp.custom_fwd(args..., device_type='cuda')` instead.
  def forward(ctx, xz, conv1d_weight, conv1d_bias, x_proj_weight, delta_proj_weight,
/src/gs25122/miniconda3/envs/mamba/lib/python3.10/site-packages/mamba_ssm/ops/selective_scan_interface.py:240: FutureWarning: `torch.cuda.amp.custom_bwd(args...)` is deprecated. Please use `torch.amp.custom_bwd(args..., device_type='cuda')` instead.
  def backward(ctx, dout):
/src/gs25122/miniconda3/envs/mamba/lib/python3.10/site-packages/mamba_ssm/ops/triton/layer_norm.py:986: FutureWarning: `torch.cuda.amp.custom_fwd(args...)` is deprecated. Please use `torch.amp.custom_fwd(args..., device_type='cuda')` instead.
  def forward(
/src/gs25122/miniconda3/envs/mamba/lib/python3.10/site-packages/mamba_ssm/ops/triton/layer_norm.py:1045: FutureWarning: `torch.cuda.amp.custom_bwd(args...)` is deprecated. Please use `torch.amp.custom_bwd(args..., device_type='cuda')` instead.
  def backward(ctx, dout, *args):
/src/gs25122/miniconda3/envs/mamba/lib/python3.10/site-packages/mamba_ssm/distributed/tensor_parallel.py:26: FutureWarning: `torch.cuda.amp.custom_fwd(args...)` is deprecated. Please use `torch.amp.custom_fwd(args..., device_type='cuda')` instead.
  def forward(ctx, x, weight, bias, process_group=None, sequence_parallel=True):
/src/gs25122/miniconda3/envs/mamba/lib/python3.10/site-packages/mamba_ssm/distributed/tensor_parallel.py:62: FutureWarning: `torch.cuda.amp.custom_bwd(args...)` is deprecated. Please use `torch.amp.custom_bwd(args..., device_type='cuda')` instead.
  def backward(ctx, grad_output):
/src/gs25122/miniconda3/envs/mamba/lib/python3.10/site-packages/mamba_ssm/ops/triton/ssd_combined.py:758: FutureWarning: `torch.cuda.amp.custom_fwd(args...)` is deprecated. Please use `torch.amp.custom_fwd(args..., device_type='cuda')` instead.
  def forward(ctx, zxbcdt, conv1d_weight, conv1d_bias, dt_bias, A, D, chunk_size, initial_states=None, seq_idx=None, dt_limit=(0.0, float("inf")), return_final_states=False, activation="silu",
/src/gs25122/miniconda3/envs/mamba/lib/python3.10/site-packages/mamba_ssm/ops/triton/ssd_combined.py:836: FutureWarning: `torch.cuda.amp.custom_bwd(args...)` is deprecated. Please use `torch.amp.custom_bwd(args..., device_type='cuda')` instead.
  def backward(ctx, dout, *args):
motor channel: FIXED scale /9.8066
  train/clover: peak=[0.0, 0.0, 13.008] -> mean [0.0, 0.0, -1.121]
  train/halfMoon: peak=[0.0, 0.0, 13.454] -> mean [0.0, 0.0, -1.214]
  train/star: peak=[0.0, 0.0, 15.772] -> mean [0.0, 0.0, -1.206]
  train/egg: peak=[0.0, 0.0, 14.031] -> mean [0.0, 0.0, -1.119]
  train/winter: peak=[0.0, 0.0, 12.393] -> mean [0.0, 0.0, -1.087]
  train_fixed9.8066: 11360 windows (cache)
  test/clover: peak=[0.0, 0.0, 13.532] -> mean [0.0, 0.0, -1.124]
  test/halfMoon: peak=[0.0, 0.0, 13.334] -> mean [0.0, 0.0, -1.212]
  test/star: peak=[0.0, 0.0, 15.894] -> mean [0.0, 0.0, -1.207]
  test/egg: peak=[0.0, 0.0, 14.135] -> mean [0.0, 0.0, -1.123]
  test/winter: peak=[0.0, 0.0, 12.455] -> mean [0.0, 0.0, -1.088]
  test_fixed9.8066: 955 windows (cache)
arch: causal  params: 95,974
Epoch   1/100 | loss 1.84957 | test RMSE 0.09008 | best 0.09008 | 3s
Epoch  10/100 | loss 0.07687 | test RMSE 0.02588 | best 0.02312 | 20s
Epoch  20/100 | loss 0.02358 | test RMSE 0.02168 | best 0.02112 | 39s
Epoch  30/100 | loss -0.00176 | test RMSE 0.01819 | best 0.01819 | 58s
Epoch  40/100 | loss -0.00983 | test RMSE 0.01778 | best 0.01721 | 78s
Epoch  50/100 | loss -0.01077 | test RMSE 0.01771 | best 0.01721 | 97s
Epoch  60/100 | loss -0.01065 | test RMSE 0.01731 | best 0.01721 | 116s
Epoch  70/100 | loss -0.01313 | test RMSE 0.01727 | best 0.01721 | 134s
Epoch  80/100 | loss -0.01322 | test RMSE 0.01722 | best 0.01719 | 151s
Epoch  90/100 | loss -0.01415 | test RMSE 0.01758 | best 0.01693 | 171s
Epoch 100/100 | loss -0.01396 | test RMSE 0.01745 | best 0.01693 | 190s

Training finished in 3.2 min — best test RMSE 0.01693
Checkpoint: runs/h_s42/best.pt

==============================================
  SEEN
==============================================
trajectory           ATE [m]   TDE [%]
--------------------------------------
clover                 0.599      2.37
halfMoon               0.148      0.51
star                   0.514      1.43
egg                    0.295      0.54
winter                 0.241      0.90
--------------------------------------
mean                   0.359      1.15

==============================================
  UNSEEN
==============================================
trajectory           ATE [m]   TDE [%]
--------------------------------------
ampersand              1.926     19.85
sid                    0.931      3.44
oval                   0.692      2.14
sphinx                 4.520     14.19
bentDice               1.784      7.41
--------------------------------------
mean                   1.970      9.41
   SEEN  ATE 0.3594  TDE 1.1479
 UNSEEN  ATE 1.9704  TDE 9.4071
wrote runs/h_s42
