/src/gs25122/miniconda3/envs/mamba/lib/python3.10/site-packages/mamba_ssm/ops/selective_scan_interface.py:164: FutureWarning: `torch.cuda.amp.custom_fwd(args...)` is deprecated. Please use `torch.amp.custom_fwd(args..., device_type='cuda')` instead.
  def forward(ctx, xz, conv1d_weight, conv1d_bias, x_proj_weight, delta_proj_weight,
/src/gs25122/miniconda3/envs/mamba/lib/python3.10/site-packages/mamba_ssm/ops/selective_scan_interface.py:240: FutureWarning: `torch.cuda.amp.custom_bwd(args...)` is deprecated. Please use `torch.amp.custom_bwd(args..., device_type='cuda')` instead.
  def backward(ctx, dout):
/src/gs25122/miniconda3/envs/mamba/lib/python3.10/site-packages/mamba_ssm/ops/triton/layer_norm.py:986: FutureWarning: `torch.cuda.amp.custom_fwd(args...)` is deprecated. Please use `torch.amp.custom_fwd(args..., device_type='cuda')` instead.
  def forward(
/src/gs25122/miniconda3/envs/mamba/lib/python3.10/site-packages/mamba_ssm/ops/triton/layer_norm.py:1045: FutureWarning: `torch.cuda.amp.custom_bwd(args...)` is deprecated. Please use `torch.amp.custom_bwd(args..., device_type='cuda')` instead.
  def backward(ctx, dout, *args):
/src/gs25122/miniconda3/envs/mamba/lib/python3.10/site-packages/mamba_ssm/distributed/tensor_parallel.py:26: FutureWarning: `torch.cuda.amp.custom_fwd(args...)` is deprecated. Please use `torch.amp.custom_fwd(args..., device_type='cuda')` instead.
  def forward(ctx, x, weight, bias, process_group=None, sequence_parallel=True):
/src/gs25122/miniconda3/envs/mamba/lib/python3.10/site-packages/mamba_ssm/distributed/tensor_parallel.py:62: FutureWarning: `torch.cuda.amp.custom_bwd(args...)` is deprecated. Please use `torch.amp.custom_bwd(args..., device_type='cuda')` instead.
  def backward(ctx, grad_output):
/src/gs25122/miniconda3/envs/mamba/lib/python3.10/site-packages/mamba_ssm/ops/triton/ssd_combined.py:758: FutureWarning: `torch.cuda.amp.custom_fwd(args...)` is deprecated. Please use `torch.amp.custom_fwd(args..., device_type='cuda')` instead.
  def forward(ctx, zxbcdt, conv1d_weight, conv1d_bias, dt_bias, A, D, chunk_size, initial_states=None, seq_idx=None, dt_limit=(0.0, float("inf")), return_final_states=False, activation="silu",
/src/gs25122/miniconda3/envs/mamba/lib/python3.10/site-packages/mamba_ssm/ops/triton/ssd_combined.py:836: FutureWarning: `torch.cuda.amp.custom_bwd(args...)` is deprecated. Please use `torch.amp.custom_bwd(args..., device_type='cuda')` instead.
  def backward(ctx, dout, *args):
motor channel: FIXED scale /9.8066
  train_nomotor: 11360 windows (cache)
  test_nomotor: 955 windows (cache)
arch: causal  params: 95,974
Epoch   1/100 | loss 0.08994 | test RMSE 0.27883 | best 0.27883 | 3s
Epoch  10/100 | loss -0.03841 | test RMSE 0.02972 | best 0.02882 | 20s
Epoch  20/100 | loss -0.04377 | test RMSE 0.02257 | best 0.02090 | 37s
Epoch  30/100 | loss -0.04684 | test RMSE 0.02244 | best 0.02016 | 55s
Epoch  40/100 | loss -0.04813 | test RMSE 0.02143 | best 0.02016 | 73s
Epoch  50/100 | loss -0.04807 | test RMSE 0.02113 | best 0.02016 | 91s
Epoch  60/100 | loss -0.04799 | test RMSE 0.02184 | best 0.02016 | 109s
Epoch  70/100 | loss -0.04815 | test RMSE 0.02163 | best 0.02016 | 127s
Epoch  80/100 | loss -0.04822 | test RMSE 0.02179 | best 0.02016 | 145s
Epoch  90/100 | loss -0.04797 | test RMSE 0.02154 | best 0.02016 | 163s
Epoch 100/100 | loss -0.04850 | test RMSE 0.02207 | best 0.02016 | 181s

Training finished in 3.0 min — best test RMSE 0.02016
Checkpoint: runs/m_s1/best.pt

==============================================
  SEEN
==============================================
trajectory           ATE [m]   TDE [%]
--------------------------------------
clover                 0.626      2.47
halfMoon               0.430      1.47
star                   0.441      1.23
egg                    0.615      1.12
winter                 0.306      1.14
--------------------------------------
mean                   0.484      1.49

==============================================
  UNSEEN
==============================================
trajectory           ATE [m]   TDE [%]
--------------------------------------
ampersand              1.550     15.98
sid                    0.946      3.50
oval                   0.856      2.64
sphinx                 0.751      2.36
bentDice               1.187      4.93
--------------------------------------
mean                   1.058      5.88
   SEEN  ATE 0.4836  TDE 1.4861
 UNSEEN  ATE 1.0581  TDE 5.8822
wrote runs/m_s1
