/src/gs25122/miniconda3/envs/mamba/lib/python3.10/site-packages/mamba_ssm/ops/selective_scan_interface.py:164: FutureWarning: `torch.cuda.amp.custom_fwd(args...)` is deprecated. Please use `torch.amp.custom_fwd(args..., device_type='cuda')` instead.
  def forward(ctx, xz, conv1d_weight, conv1d_bias, x_proj_weight, delta_proj_weight,
/src/gs25122/miniconda3/envs/mamba/lib/python3.10/site-packages/mamba_ssm/ops/selective_scan_interface.py:240: FutureWarning: `torch.cuda.amp.custom_bwd(args...)` is deprecated. Please use `torch.amp.custom_bwd(args..., device_type='cuda')` instead.
  def backward(ctx, dout):
/src/gs25122/miniconda3/envs/mamba/lib/python3.10/site-packages/mamba_ssm/ops/triton/layer_norm.py:986: FutureWarning: `torch.cuda.amp.custom_fwd(args...)` is deprecated. Please use `torch.amp.custom_fwd(args..., device_type='cuda')` instead.
  def forward(
/src/gs25122/miniconda3/envs/mamba/lib/python3.10/site-packages/mamba_ssm/ops/triton/layer_norm.py:1045: FutureWarning: `torch.cuda.amp.custom_bwd(args...)` is deprecated. Please use `torch.amp.custom_bwd(args..., device_type='cuda')` instead.
  def backward(ctx, dout, *args):
/src/gs25122/miniconda3/envs/mamba/lib/python3.10/site-packages/mamba_ssm/distributed/tensor_parallel.py:26: FutureWarning: `torch.cuda.amp.custom_fwd(args...)` is deprecated. Please use `torch.amp.custom_fwd(args..., device_type='cuda')` instead.
  def forward(ctx, x, weight, bias, process_group=None, sequence_parallel=True):
/src/gs25122/miniconda3/envs/mamba/lib/python3.10/site-packages/mamba_ssm/distributed/tensor_parallel.py:62: FutureWarning: `torch.cuda.amp.custom_bwd(args...)` is deprecated. Please use `torch.amp.custom_bwd(args..., device_type='cuda')` instead.
  def backward(ctx, grad_output):
/src/gs25122/miniconda3/envs/mamba/lib/python3.10/site-packages/mamba_ssm/ops/triton/ssd_combined.py:758: FutureWarning: `torch.cuda.amp.custom_fwd(args...)` is deprecated. Please use `torch.amp.custom_fwd(args..., device_type='cuda')` instead.
  def forward(ctx, zxbcdt, conv1d_weight, conv1d_bias, dt_bias, A, D, chunk_size, initial_states=None, seq_idx=None, dt_limit=(0.0, float("inf")), return_final_states=False, activation="silu",
/src/gs25122/miniconda3/envs/mamba/lib/python3.10/site-packages/mamba_ssm/ops/triton/ssd_combined.py:836: FutureWarning: `torch.cuda.amp.custom_bwd(args...)` is deprecated. Please use `torch.amp.custom_bwd(args..., device_type='cuda')` instead.
  def backward(ctx, dout, *args):
motor channel: FIXED scale /9.8066
  train_nomotor: 11360 windows (cache)
  test_nomotor: 955 windows (cache)
arch: causal  params: 95,974
Epoch   1/100 | loss 0.09545 | test RMSE 0.13530 | best 0.13530 | 3s
Epoch  10/100 | loss -0.03658 | test RMSE 0.02853 | best 0.02643 | 19s
Epoch  20/100 | loss -0.04584 | test RMSE 0.02122 | best 0.02066 | 38s
Epoch  30/100 | loss -0.04832 | test RMSE 0.02225 | best 0.02044 | 56s
Epoch  40/100 | loss -0.05095 | test RMSE 0.02077 | best 0.02044 | 75s
Epoch  50/100 | loss -0.05029 | test RMSE 0.02103 | best 0.02044 | 93s
Epoch  60/100 | loss -0.05090 | test RMSE 0.02100 | best 0.02044 | 111s
Epoch  70/100 | loss -0.05089 | test RMSE 0.02115 | best 0.02044 | 128s
Epoch  80/100 | loss -0.05137 | test RMSE 0.02161 | best 0.02044 | 146s
Epoch  90/100 | loss -0.05137 | test RMSE 0.02137 | best 0.02044 | 164s
Epoch 100/100 | loss -0.05143 | test RMSE 0.02257 | best 0.02044 | 182s

Training finished in 3.0 min — best test RMSE 0.02044
Checkpoint: runs/m_s3/best.pt

==============================================
  SEEN
==============================================
trajectory           ATE [m]   TDE [%]
--------------------------------------
clover                 0.712      2.82
halfMoon               0.338      1.15
star                   0.560      1.56
egg                    0.342      0.62
winter                 0.261      0.97
--------------------------------------
mean                   0.443      1.42

==============================================
  UNSEEN
==============================================
trajectory           ATE [m]   TDE [%]
--------------------------------------
ampersand              1.578     16.26
sid                    0.959      3.55
oval                   0.705      2.18
sphinx                 0.773      2.43
bentDice               0.956      3.97
--------------------------------------
mean                   0.994      5.68
   SEEN  ATE 0.4426  TDE 1.4248
 UNSEEN  ATE 0.9938  TDE 5.6757
wrote runs/m_s3
