/src/gs25122/miniconda3/envs/mamba/lib/python3.10/site-packages/mamba_ssm/ops/selective_scan_interface.py:164: FutureWarning: `torch.cuda.amp.custom_fwd(args...)` is deprecated. Please use `torch.amp.custom_fwd(args..., device_type='cuda')` instead.
  def forward(ctx, xz, conv1d_weight, conv1d_bias, x_proj_weight, delta_proj_weight,
/src/gs25122/miniconda3/envs/mamba/lib/python3.10/site-packages/mamba_ssm/ops/selective_scan_interface.py:240: FutureWarning: `torch.cuda.amp.custom_bwd(args...)` is deprecated. Please use `torch.amp.custom_bwd(args..., device_type='cuda')` instead.
  def backward(ctx, dout):
/src/gs25122/miniconda3/envs/mamba/lib/python3.10/site-packages/mamba_ssm/ops/triton/layer_norm.py:986: FutureWarning: `torch.cuda.amp.custom_fwd(args...)` is deprecated. Please use `torch.amp.custom_fwd(args..., device_type='cuda')` instead.
  def forward(
/src/gs25122/miniconda3/envs/mamba/lib/python3.10/site-packages/mamba_ssm/ops/triton/layer_norm.py:1045: FutureWarning: `torch.cuda.amp.custom_bwd(args...)` is deprecated. Please use `torch.amp.custom_bwd(args..., device_type='cuda')` instead.
  def backward(ctx, dout, *args):
/src/gs25122/miniconda3/envs/mamba/lib/python3.10/site-packages/mamba_ssm/distributed/tensor_parallel.py:26: FutureWarning: `torch.cuda.amp.custom_fwd(args...)` is deprecated. Please use `torch.amp.custom_fwd(args..., device_type='cuda')` instead.
  def forward(ctx, x, weight, bias, process_group=None, sequence_parallel=True):
/src/gs25122/miniconda3/envs/mamba/lib/python3.10/site-packages/mamba_ssm/distributed/tensor_parallel.py:62: FutureWarning: `torch.cuda.amp.custom_bwd(args...)` is deprecated. Please use `torch.amp.custom_bwd(args..., device_type='cuda')` instead.
  def backward(ctx, grad_output):
/src/gs25122/miniconda3/envs/mamba/lib/python3.10/site-packages/mamba_ssm/ops/triton/ssd_combined.py:758: FutureWarning: `torch.cuda.amp.custom_fwd(args...)` is deprecated. Please use `torch.amp.custom_fwd(args..., device_type='cuda')` instead.
  def forward(ctx, zxbcdt, conv1d_weight, conv1d_bias, dt_bias, A, D, chunk_size, initial_states=None, seq_idx=None, dt_limit=(0.0, float("inf")), return_final_states=False, activation="silu",
/src/gs25122/miniconda3/envs/mamba/lib/python3.10/site-packages/mamba_ssm/ops/triton/ssd_combined.py:836: FutureWarning: `torch.cuda.amp.custom_bwd(args...)` is deprecated. Please use `torch.amp.custom_bwd(args..., device_type='cuda')` instead.
  def backward(ctx, dout, *args):
motor channel: FIXED scale /9.8066
  train_nomotor: 11360 windows (cache)
  test_nomotor: 955 windows (cache)
arch: bi  params: 131,878
Epoch   1/100 | loss 0.07754 | test RMSE 0.22975 | best 0.22975 | 3s
Epoch  10/100 | loss -0.03881 | test RMSE 0.02671 | best 0.02671 | 25s
Epoch  20/100 | loss -0.04371 | test RMSE 0.02495 | best 0.02195 | 49s
Epoch  30/100 | loss -0.04767 | test RMSE 0.02049 | best 0.01944 | 72s
Epoch  40/100 | loss -0.04857 | test RMSE 0.01972 | best 0.01935 | 94s
Epoch  50/100 | loss -0.04867 | test RMSE 0.01987 | best 0.01909 | 117s
Epoch  60/100 | loss -0.04874 | test RMSE 0.01952 | best 0.01909 | 139s
Epoch  70/100 | loss -0.04871 | test RMSE 0.01921 | best 0.01909 | 162s
Epoch  80/100 | loss -0.04889 | test RMSE 0.01975 | best 0.01908 | 184s
Epoch  90/100 | loss -0.04911 | test RMSE 0.01931 | best 0.01908 | 206s
Epoch 100/100 | loss -0.04909 | test RMSE 0.01969 | best 0.01908 | 228s

Training finished in 3.8 min — best test RMSE 0.01908
Checkpoint: runs/mb_s42/best.pt

==============================================
  SEEN
==============================================
trajectory           ATE [m]   TDE [%]
--------------------------------------
clover                 0.493      1.95
halfMoon               0.179      0.61
star                   0.486      1.35
egg                    0.599      1.09
winter                 0.176      0.65
--------------------------------------
mean                   0.387      1.13

==============================================
  UNSEEN
==============================================
trajectory           ATE [m]   TDE [%]
--------------------------------------
ampersand              1.575     16.23
sid                    0.910      3.37
oval                   0.471      1.45
sphinx                 0.658      2.07
bentDice               0.864      3.59
--------------------------------------
mean                   0.896      5.34
   SEEN  ATE 0.3865  TDE 1.1317
 UNSEEN  ATE 0.8955  TDE 5.3417
wrote runs/mb_s42
