/src/gs25122/miniconda3/envs/mamba/lib/python3.10/site-packages/mamba_ssm/ops/selective_scan_interface.py:164: FutureWarning: `torch.cuda.amp.custom_fwd(args...)` is deprecated. Please use `torch.amp.custom_fwd(args..., device_type='cuda')` instead.
  def forward(ctx, xz, conv1d_weight, conv1d_bias, x_proj_weight, delta_proj_weight,
/src/gs25122/miniconda3/envs/mamba/lib/python3.10/site-packages/mamba_ssm/ops/selective_scan_interface.py:240: FutureWarning: `torch.cuda.amp.custom_bwd(args...)` is deprecated. Please use `torch.amp.custom_bwd(args..., device_type='cuda')` instead.
  def backward(ctx, dout):
/src/gs25122/miniconda3/envs/mamba/lib/python3.10/site-packages/mamba_ssm/ops/triton/layer_norm.py:986: FutureWarning: `torch.cuda.amp.custom_fwd(args...)` is deprecated. Please use `torch.amp.custom_fwd(args..., device_type='cuda')` instead.
  def forward(
/src/gs25122/miniconda3/envs/mamba/lib/python3.10/site-packages/mamba_ssm/ops/triton/layer_norm.py:1045: FutureWarning: `torch.cuda.amp.custom_bwd(args...)` is deprecated. Please use `torch.amp.custom_bwd(args..., device_type='cuda')` instead.
  def backward(ctx, dout, *args):
/src/gs25122/miniconda3/envs/mamba/lib/python3.10/site-packages/mamba_ssm/distributed/tensor_parallel.py:26: FutureWarning: `torch.cuda.amp.custom_fwd(args...)` is deprecated. Please use `torch.amp.custom_fwd(args..., device_type='cuda')` instead.
  def forward(ctx, x, weight, bias, process_group=None, sequence_parallel=True):
/src/gs25122/miniconda3/envs/mamba/lib/python3.10/site-packages/mamba_ssm/distributed/tensor_parallel.py:62: FutureWarning: `torch.cuda.amp.custom_bwd(args...)` is deprecated. Please use `torch.amp.custom_bwd(args..., device_type='cuda')` instead.
  def backward(ctx, grad_output):
/src/gs25122/miniconda3/envs/mamba/lib/python3.10/site-packages/mamba_ssm/ops/triton/ssd_combined.py:758: FutureWarning: `torch.cuda.amp.custom_fwd(args...)` is deprecated. Please use `torch.amp.custom_fwd(args..., device_type='cuda')` instead.
  def forward(ctx, zxbcdt, conv1d_weight, conv1d_bias, dt_bias, A, D, chunk_size, initial_states=None, seq_idx=None, dt_limit=(0.0, float("inf")), return_final_states=False, activation="silu",
/src/gs25122/miniconda3/envs/mamba/lib/python3.10/site-packages/mamba_ssm/ops/triton/ssd_combined.py:836: FutureWarning: `torch.cuda.amp.custom_bwd(args...)` is deprecated. Please use `torch.amp.custom_bwd(args..., device_type='cuda')` instead.
  def backward(ctx, dout, *args):
motor channel: FIXED scale /9.8066
  train_nomotor: 11360 windows (cache)
  test_nomotor: 955 windows (cache)
arch: bi  params: 131,878
Epoch   1/100 | loss 0.06617 | test RMSE 0.10903 | best 0.10903 | 3s
Epoch  10/100 | loss -0.03909 | test RMSE 0.02676 | best 0.02487 | 24s
Epoch  20/100 | loss -0.04479 | test RMSE 0.02016 | best 0.02016 | 48s
Epoch  30/100 | loss -0.04849 | test RMSE 0.01967 | best 0.01904 | 72s
Epoch  40/100 | loss -0.04929 | test RMSE 0.01917 | best 0.01894 | 97s
Epoch  50/100 | loss -0.04953 | test RMSE 0.01945 | best 0.01885 | 119s
Epoch  60/100 | loss -0.04973 | test RMSE 0.01947 | best 0.01885 | 139s
Epoch  70/100 | loss -0.04941 | test RMSE 0.01929 | best 0.01885 | 161s
Epoch  80/100 | loss -0.04991 | test RMSE 0.01947 | best 0.01885 | 183s
Epoch  90/100 | loss -0.04997 | test RMSE 0.01958 | best 0.01885 | 204s
Epoch 100/100 | loss -0.04990 | test RMSE 0.02035 | best 0.01885 | 226s

Training finished in 3.8 min — best test RMSE 0.01885
Checkpoint: runs/mb_s3/best.pt

==============================================
  SEEN
==============================================
trajectory           ATE [m]   TDE [%]
--------------------------------------
clover                 0.463      1.83
halfMoon               0.262      0.89
star                   0.531      1.48
egg                    0.396      0.72
winter                 0.126      0.47
--------------------------------------
mean                   0.355      1.08

==============================================
  UNSEEN
==============================================
trajectory           ATE [m]   TDE [%]
--------------------------------------
ampersand              1.762     18.16
sid                    0.893      3.30
oval                   0.674      2.08
sphinx                 0.450      1.41
bentDice               1.077      4.47
--------------------------------------
mean                   0.971      5.89
   SEEN  ATE 0.3554  TDE 1.0780
 UNSEEN  ATE 0.9713  TDE 5.8872
wrote runs/mb_s3
