/src/gs25122/miniconda3/envs/mamba/lib/python3.10/site-packages/mamba_ssm/ops/selective_scan_interface.py:164: FutureWarning: `torch.cuda.amp.custom_fwd(args...)` is deprecated. Please use `torch.amp.custom_fwd(args..., device_type='cuda')` instead.
  def forward(ctx, xz, conv1d_weight, conv1d_bias, x_proj_weight, delta_proj_weight,
/src/gs25122/miniconda3/envs/mamba/lib/python3.10/site-packages/mamba_ssm/ops/selective_scan_interface.py:240: FutureWarning: `torch.cuda.amp.custom_bwd(args...)` is deprecated. Please use `torch.amp.custom_bwd(args..., device_type='cuda')` instead.
  def backward(ctx, dout):
/src/gs25122/miniconda3/envs/mamba/lib/python3.10/site-packages/mamba_ssm/ops/triton/layer_norm.py:986: FutureWarning: `torch.cuda.amp.custom_fwd(args...)` is deprecated. Please use `torch.amp.custom_fwd(args..., device_type='cuda')` instead.
  def forward(
/src/gs25122/miniconda3/envs/mamba/lib/python3.10/site-packages/mamba_ssm/ops/triton/layer_norm.py:1045: FutureWarning: `torch.cuda.amp.custom_bwd(args...)` is deprecated. Please use `torch.amp.custom_bwd(args..., device_type='cuda')` instead.
  def backward(ctx, dout, *args):
/src/gs25122/miniconda3/envs/mamba/lib/python3.10/site-packages/mamba_ssm/distributed/tensor_parallel.py:26: FutureWarning: `torch.cuda.amp.custom_fwd(args...)` is deprecated. Please use `torch.amp.custom_fwd(args..., device_type='cuda')` instead.
  def forward(ctx, x, weight, bias, process_group=None, sequence_parallel=True):
/src/gs25122/miniconda3/envs/mamba/lib/python3.10/site-packages/mamba_ssm/distributed/tensor_parallel.py:62: FutureWarning: `torch.cuda.amp.custom_bwd(args...)` is deprecated. Please use `torch.amp.custom_bwd(args..., device_type='cuda')` instead.
  def backward(ctx, grad_output):
/src/gs25122/miniconda3/envs/mamba/lib/python3.10/site-packages/mamba_ssm/ops/triton/ssd_combined.py:758: FutureWarning: `torch.cuda.amp.custom_fwd(args...)` is deprecated. Please use `torch.amp.custom_fwd(args..., device_type='cuda')` instead.
  def forward(ctx, zxbcdt, conv1d_weight, conv1d_bias, dt_bias, A, D, chunk_size, initial_states=None, seq_idx=None, dt_limit=(0.0, float("inf")), return_final_states=False, activation="silu",
/src/gs25122/miniconda3/envs/mamba/lib/python3.10/site-packages/mamba_ssm/ops/triton/ssd_combined.py:836: FutureWarning: `torch.cuda.amp.custom_bwd(args...)` is deprecated. Please use `torch.amp.custom_bwd(args..., device_type='cuda')` instead.
  def backward(ctx, dout, *args):
motor channel: FIXED scale /9.8066
  train_nomotor: 11360 windows (cache)
  test_nomotor: 955 windows (cache)
arch: bi  params: 131,878
Epoch   1/100 | loss 0.09365 | test RMSE 0.25326 | best 0.25326 | 3s
Epoch  10/100 | loss -0.03988 | test RMSE 0.02502 | best 0.02502 | 27s
Epoch  20/100 | loss -0.04770 | test RMSE 0.02252 | best 0.02159 | 51s
Epoch  30/100 | loss -0.04987 | test RMSE 0.02164 | best 0.02061 | 74s
Epoch  40/100 | loss -0.05374 | test RMSE 0.01978 | best 0.01921 | 96s
Epoch  50/100 | loss -0.05442 | test RMSE 0.01928 | best 0.01914 | 119s
Epoch  60/100 | loss -0.05464 | test RMSE 0.01903 | best 0.01886 | 142s
Epoch  70/100 | loss -0.05486 | test RMSE 0.01967 | best 0.01859 | 167s
Epoch  80/100 | loss -0.05485 | test RMSE 0.01873 | best 0.01859 | 191s
Epoch  90/100 | loss -0.05530 | test RMSE 0.01899 | best 0.01859 | 211s
Epoch 100/100 | loss -0.05511 | test RMSE 0.01905 | best 0.01859 | 235s

Training finished in 3.9 min — best test RMSE 0.01859
Checkpoint: runs/mb_s1/best.pt

==============================================
  SEEN
==============================================
trajectory           ATE [m]   TDE [%]
--------------------------------------
clover                 0.597      2.36
halfMoon               0.202      0.69
star                   0.442      1.23
egg                    0.568      1.03
winter                 0.201      0.75
--------------------------------------
mean                   0.402      1.21

==============================================
  UNSEEN
==============================================
trajectory           ATE [m]   TDE [%]
--------------------------------------
ampersand              1.683     17.35
sid                    1.202      4.45
oval                   0.497      1.54
sphinx                 0.730      2.29
bentDice               1.007      4.18
--------------------------------------
mean                   1.024      5.96
   SEEN  ATE 0.4021  TDE 1.2132
 UNSEEN  ATE 1.0240  TDE 5.9619
wrote runs/mb_s1
