22:22 launched control_s42 on gpu 9 (pid 643712)
22:22 launched control_s1 on gpu 2 (pid 644597)
22:22 launched control_s2 on gpu 5 (pid 644719)
22:22 launched control_s3 on gpu 8 (pid 645646)
22:26 launched gated_s42 on gpu 9 (pid 656392)
22:27 launched gated_s1 on gpu 2 (pid 657285)
22:27 launched gated_s2 on gpu 5 (pid 657511)
22:27 launched gated_s3 on gpu 8 (pid 658492)
=== runs ===
ok   control_s1
ok   control_s2
ok   control_s3
ok   control_s42
ok   gated_s1
ok   gated_s2
ok   gated_s3
ok   gated_s42
=== comparison ===
/src/gs25122/miniconda3/envs/mamba/lib/python3.10/site-packages/mamba_ssm/ops/selective_scan_interface.py:164: FutureWarning: `torch.cuda.amp.custom_fwd(args...)` is deprecated. Please use `torch.amp.custom_fwd(args..., device_type='cuda')` instead.
  def forward(ctx, xz, conv1d_weight, conv1d_bias, x_proj_weight, delta_proj_weight,
/src/gs25122/miniconda3/envs/mamba/lib/python3.10/site-packages/mamba_ssm/ops/selective_scan_interface.py:240: FutureWarning: `torch.cuda.amp.custom_bwd(args...)` is deprecated. Please use `torch.amp.custom_bwd(args..., device_type='cuda')` instead.
  def backward(ctx, dout):
/src/gs25122/miniconda3/envs/mamba/lib/python3.10/site-packages/mamba_ssm/ops/triton/layer_norm.py:986: FutureWarning: `torch.cuda.amp.custom_fwd(args...)` is deprecated. Please use `torch.amp.custom_fwd(args..., device_type='cuda')` instead.
  def forward(
/src/gs25122/miniconda3/envs/mamba/lib/python3.10/site-packages/mamba_ssm/ops/triton/layer_norm.py:1045: FutureWarning: `torch.cuda.amp.custom_bwd(args...)` is deprecated. Please use `torch.amp.custom_bwd(args..., device_type='cuda')` instead.
  def backward(ctx, dout, *args):
/src/gs25122/miniconda3/envs/mamba/lib/python3.10/site-packages/mamba_ssm/distributed/tensor_parallel.py:26: FutureWarning: `torch.cuda.amp.custom_fwd(args...)` is deprecated. Please use `torch.amp.custom_fwd(args..., device_type='cuda')` instead.
  def forward(ctx, x, weight, bias, process_group=None, sequence_parallel=True):
/src/gs25122/miniconda3/envs/mamba/lib/python3.10/site-packages/mamba_ssm/distributed/tensor_parallel.py:62: FutureWarning: `torch.cuda.amp.custom_bwd(args...)` is deprecated. Please use `torch.amp.custom_bwd(args..., device_type='cuda')` instead.
  def backward(ctx, grad_output):
/src/gs25122/miniconda3/envs/mamba/lib/python3.10/site-packages/mamba_ssm/ops/triton/ssd_combined.py:758: FutureWarning: `torch.cuda.amp.custom_fwd(args...)` is deprecated. Please use `torch.amp.custom_fwd(args..., device_type='cuda')` instead.
  def forward(ctx, zxbcdt, conv1d_weight, conv1d_bias, dt_bias, A, D, chunk_size, initial_states=None, seq_idx=None, dt_limit=(0.0, float("inf")), return_final_states=False, activation="silu",
/src/gs25122/miniconda3/envs/mamba/lib/python3.10/site-packages/mamba_ssm/ops/triton/ssd_combined.py:836: FutureWarning: `torch.cuda.amp.custom_bwd(args...)` is deprecated. Please use `torch.amp.custom_bwd(args..., device_type='cuda')` instead.
  def backward(ctx, dout, *args):
control  s42  seen 0.4434  unseen 0.9971  very_slow nan  slow_steady 0.01904  mid_steady 0.03945  accelerating 0.04924
control  s1   seen 0.5088  unseen 1.1522  very_slow nan  slow_steady 0.03878  mid_steady 0.04651  accelerating 0.05045
control  s2   seen 0.4105  unseen 1.0929  very_slow nan  slow_steady 0.03469  mid_steady 0.03897  accelerating 0.04957
control  s3   seen 0.3871  unseen 1.1066  very_slow nan  slow_steady 0.03319  mid_steady 0.04386  accelerating 0.05152
gated    s42  seen 0.4527  unseen 0.9346  very_slow nan  slow_steady 0.02904  mid_steady 0.04344  accelerating 0.04928
gated    s1   seen 0.5254  unseen 1.0759  very_slow nan  slow_steady 0.03041  mid_steady 0.04202  accelerating 0.04933
gated    s2   seen 0.5265  unseen 0.9873  very_slow nan  slow_steady 0.03720  mid_steady 0.03778  accelerating 0.04941
gated    s3   seen 0.5170  unseen 0.9414  very_slow nan  slow_steady 0.02782  mid_steady 0.04061  accelerating 0.04997
/src/gs25122/MARIO/mario_sitl/scripts/eval_gated.py:215: RuntimeWarning: Mean of empty slice
  "control_mean": float(np.nanmean(c)), "control_std": float(np.nanstd(c, ddof=1)),
/src/gs25122/miniconda3/envs/mamba/lib/python3.10/site-packages/numpy/lib/_nanfunctions_impl.py:2019: RuntimeWarning: Degrees of freedom <= 0 for slice.
  var = nanvar(a, axis=axis, dtype=dtype, out=out, ddof=ddof,
/src/gs25122/MARIO/mario_sitl/scripts/eval_gated.py:216: RuntimeWarning: Mean of empty slice
  "gated_mean": float(np.nanmean(g)), "gated_std": float(np.nanstd(g, ddof=1)),
/src/gs25122/MARIO/mario_sitl/scripts/eval_gated.py:217: RuntimeWarning: Mean of empty slice
  "delta_pct": float(100 * (np.nanmean(g) - np.nanmean(c)) / np.nanmean(c))}

gate: mean 0.498 +- 0.009 [0.454, 0.511]   r(|a|, g) = -0.024 (p=0.05)
wrote /src/gs25122/MARIO/mario_sitl/results/gated/figures/gate_vs_accel.png
wrote /src/gs25122/MARIO/mario_sitl/results/gated/figures/gate_timeline.png

metric                           control             gated    delta        p
windowed_seen_ate         0.4374±0.0529     0.5054±0.0354    +15.5%    0.123
windowed_unseen_ate       1.0872±0.0652     0.9848±0.0651     -9.4%    0.020
windowed_seen_tde         1.3172±0.1641     1.4763±0.0992    +12.1%    0.188
windowed_unseen_tde       6.1310±0.5337     5.2862±0.3206    -13.8%    0.006
seen_full_ate             0.5888±0.1052     0.6875±0.0489    +16.8%    0.226
unseen_full_ate           1.5029±0.1720     1.4705±0.0522     -2.2%    0.700

regime          n steps        control RMSE          gated RMSE    delta        p
very_slow             0         nan±nan             nan±nan        +nan%      nan
slow_steady           5     0.03143±0.00859     0.03112±0.00419    -1.0%    0.946
mid_steady           44     0.04220±0.00362     0.04096±0.00242    -2.9%    0.557
accelerating       1662     0.05019±0.00102     0.04950±0.00032    -1.4%    0.165

wrote /src/gs25122/MARIO/mario_sitl/results/gated/summary.json
GATED DONE
