/src/gs25122/miniconda3/envs/mamba/lib/python3.10/site-packages/mamba_ssm/ops/selective_scan_interface.py:164: FutureWarning: `torch.cuda.amp.custom_fwd(args...)` is deprecated. Please use `torch.amp.custom_fwd(args..., device_type='cuda')` instead.
  def forward(ctx, xz, conv1d_weight, conv1d_bias, x_proj_weight, delta_proj_weight,
/src/gs25122/miniconda3/envs/mamba/lib/python3.10/site-packages/mamba_ssm/ops/selective_scan_interface.py:240: FutureWarning: `torch.cuda.amp.custom_bwd(args...)` is deprecated. Please use `torch.amp.custom_bwd(args..., device_type='cuda')` instead.
  def backward(ctx, dout):
/src/gs25122/miniconda3/envs/mamba/lib/python3.10/site-packages/mamba_ssm/ops/triton/layer_norm.py:986: FutureWarning: `torch.cuda.amp.custom_fwd(args...)` is deprecated. Please use `torch.amp.custom_fwd(args..., device_type='cuda')` instead.
  def forward(
/src/gs25122/miniconda3/envs/mamba/lib/python3.10/site-packages/mamba_ssm/ops/triton/layer_norm.py:1045: FutureWarning: `torch.cuda.amp.custom_bwd(args...)` is deprecated. Please use `torch.amp.custom_bwd(args..., device_type='cuda')` instead.
  def backward(ctx, dout, *args):
/src/gs25122/miniconda3/envs/mamba/lib/python3.10/site-packages/mamba_ssm/distributed/tensor_parallel.py:26: FutureWarning: `torch.cuda.amp.custom_fwd(args...)` is deprecated. Please use `torch.amp.custom_fwd(args..., device_type='cuda')` instead.
  def forward(ctx, x, weight, bias, process_group=None, sequence_parallel=True):
/src/gs25122/miniconda3/envs/mamba/lib/python3.10/site-packages/mamba_ssm/distributed/tensor_parallel.py:62: FutureWarning: `torch.cuda.amp.custom_bwd(args...)` is deprecated. Please use `torch.amp.custom_bwd(args..., device_type='cuda')` instead.
  def backward(ctx, grad_output):
/src/gs25122/miniconda3/envs/mamba/lib/python3.10/site-packages/mamba_ssm/ops/triton/ssd_combined.py:758: FutureWarning: `torch.cuda.amp.custom_fwd(args...)` is deprecated. Please use `torch.amp.custom_fwd(args..., device_type='cuda')` instead.
  def forward(ctx, zxbcdt, conv1d_weight, conv1d_bias, dt_bias, A, D, chunk_size, initial_states=None, seq_idx=None, dt_limit=(0.0, float("inf")), return_final_states=False, activation="silu",
/src/gs25122/miniconda3/envs/mamba/lib/python3.10/site-packages/mamba_ssm/ops/triton/ssd_combined.py:836: FutureWarning: `torch.cuda.amp.custom_bwd(args...)` is deprecated. Please use `torch.amp.custom_bwd(args..., device_type='cuda')` instead.
  def backward(ctx, dout, *args):
mode=scratch  dataset=euroc  seed=3  lr=0.000258  epochs=100  align=gravity yaw=185
  V1_02_medium         8350 samples    75.9 m  world-accel [+0.01 -0.00 +9.76]  body-accel [+0.27 -1.07 -9.77]
  MH_02_easy          14996 samples    73.5 m  world-accel [+0.04 +0.12 +9.75]  body-accel [+0.55 -0.91 -9.61]
  MH_04_difficult      9875 samples    91.7 m  world-accel [+0.10 -0.05 +9.76]  body-accel [+0.31 -1.02 -9.71]
  V1_03_difficult     10465 samples    79.0 m  world-accel [+0.00 -0.05 +9.79]  body-accel [+0.26 -1.10 -9.89]
  V2_02_medium        11544 samples    83.2 m  world-accel [+0.04 +0.11 +9.78]  body-accel [+0.06 -1.07 -9.80]
  V1_01_easy          14470 samples    58.4 m  world-accel [+0.05 -0.08 +9.76]  body-accel [+0.22 -1.06 -9.71]
train sequences (1): V1_02_medium
  windows euroc|gravity|185.0|none|V1_02_medium|train: 1493 (cache)
  windows euroc|gravity|185.0|none|V1_02_medium|val: 66 (cache)
trainable: 95,974 / 95,974 (100.0%)
Epoch   1/100 | loss 0.15055 | val ATE 5.0508 | best 5.0508 @1 | 1s
Epoch  10/100 | loss 0.04841 | val ATE 13.3825 | best 1.8155 @7 | 4s
Epoch  20/100 | loss 0.03975 | val ATE 1.7860 | best 1.7860 @20 | 7s
Epoch  30/100 | loss 0.03655 | val ATE 1.7498 | best 1.7079 @29 | 10s
Epoch  40/100 | loss 0.03422 | val ATE 1.8150 | best 1.6766 @31 | 13s
Epoch  50/100 | loss 0.03348 | val ATE 1.8327 | best 1.6766 @31 | 16s
Epoch  60/100 | loss 0.03312 | val ATE 1.8299 | best 1.6766 @31 | 19s
Epoch  70/100 | loss 0.03255 | val ATE 1.8087 | best 1.6766 @31 | 22s
Epoch  80/100 | loss 0.03205 | val ATE 1.8069 | best 1.6766 @31 | 25s
Epoch  90/100 | loss 0.03173 | val ATE 1.7921 | best 1.6766 @31 | 28s
Epoch 100/100 | loss 0.03109 | val ATE 1.7888 | best 1.6766 @31 | 31s

best val ATE 1.6766 at epoch 31

==============================================
  SCRATCH  euroc test
==============================================
trajectory           ATE [m]   TDE [%]
--------------------------------------
MH_02_easy             5.667    164.29
MH_04_difficult        2.983    100.22
V1_03_difficult        5.972    153.22
V2_02_medium           1.329     20.57
V1_01_easy             5.945    474.36
--------------------------------------
mean                   4.379    182.53

 SCRATCH  ATE 4.3794  TDE 182.5316
wrote /src/gs25122/MARIO/runs/transfer/euroc_scratch_n1_s3
