/src/gs25122/miniconda3/envs/mamba/lib/python3.10/site-packages/mamba_ssm/ops/selective_scan_interface.py:164: FutureWarning: `torch.cuda.amp.custom_fwd(args...)` is deprecated. Please use `torch.amp.custom_fwd(args..., device_type='cuda')` instead.
  def forward(ctx, xz, conv1d_weight, conv1d_bias, x_proj_weight, delta_proj_weight,
/src/gs25122/miniconda3/envs/mamba/lib/python3.10/site-packages/mamba_ssm/ops/selective_scan_interface.py:240: FutureWarning: `torch.cuda.amp.custom_bwd(args...)` is deprecated. Please use `torch.amp.custom_bwd(args..., device_type='cuda')` instead.
  def backward(ctx, dout):
/src/gs25122/miniconda3/envs/mamba/lib/python3.10/site-packages/mamba_ssm/ops/triton/layer_norm.py:986: FutureWarning: `torch.cuda.amp.custom_fwd(args...)` is deprecated. Please use `torch.amp.custom_fwd(args..., device_type='cuda')` instead.
  def forward(
/src/gs25122/miniconda3/envs/mamba/lib/python3.10/site-packages/mamba_ssm/ops/triton/layer_norm.py:1045: FutureWarning: `torch.cuda.amp.custom_bwd(args...)` is deprecated. Please use `torch.amp.custom_bwd(args..., device_type='cuda')` instead.
  def backward(ctx, dout, *args):
/src/gs25122/miniconda3/envs/mamba/lib/python3.10/site-packages/mamba_ssm/distributed/tensor_parallel.py:26: FutureWarning: `torch.cuda.amp.custom_fwd(args...)` is deprecated. Please use `torch.amp.custom_fwd(args..., device_type='cuda')` instead.
  def forward(ctx, x, weight, bias, process_group=None, sequence_parallel=True):
/src/gs25122/miniconda3/envs/mamba/lib/python3.10/site-packages/mamba_ssm/distributed/tensor_parallel.py:62: FutureWarning: `torch.cuda.amp.custom_bwd(args...)` is deprecated. Please use `torch.amp.custom_bwd(args..., device_type='cuda')` instead.
  def backward(ctx, grad_output):
/src/gs25122/miniconda3/envs/mamba/lib/python3.10/site-packages/mamba_ssm/ops/triton/ssd_combined.py:758: FutureWarning: `torch.cuda.amp.custom_fwd(args...)` is deprecated. Please use `torch.amp.custom_fwd(args..., device_type='cuda')` instead.
  def forward(ctx, zxbcdt, conv1d_weight, conv1d_bias, dt_bias, A, D, chunk_size, initial_states=None, seq_idx=None, dt_limit=(0.0, float("inf")), return_final_states=False, activation="silu",
/src/gs25122/miniconda3/envs/mamba/lib/python3.10/site-packages/mamba_ssm/ops/triton/ssd_combined.py:836: FutureWarning: `torch.cuda.amp.custom_bwd(args...)` is deprecated. Please use `torch.amp.custom_bwd(args..., device_type='cuda')` instead.
  def backward(ctx, dout, *args):
mode=scratch  dataset=euroc  seed=1  lr=2.58e-05  epochs=100  align=gravity yaw=185
  V1_02_medium         8350 samples    75.9 m  world-accel [+0.01 -0.00 +9.76]  body-accel [+0.27 -1.07 -9.77]
  V2_03_difficult     11484 samples    86.1 m  world-accel [+0.05 +0.08 +9.78]  body-accel [+0.09 -1.11 -9.80]
  MH_05_difficult     11105 samples    97.6 m  world-accel [+0.10 -0.03 +9.76]  body-accel [+0.32 -1.06 -9.70]
  MH_01_easy          18190 samples    80.6 m  world-accel [+0.01 +0.12 +9.76]  body-accel [+0.29 -0.96 -9.67]
  V2_01_easy          11200 samples    36.5 m  world-accel [+0.12 +0.08 +9.77]  body-accel [+0.02 -1.11 -9.71]
  MH_03_medium        13150 samples   130.9 m  world-accel [+0.06 +0.04 +9.77]  body-accel [+0.15 -1.04 -9.74]
  MH_02_easy          14996 samples    73.5 m  world-accel [+0.04 +0.12 +9.75]  body-accel [+0.55 -0.91 -9.61]
  MH_04_difficult      9875 samples    91.7 m  world-accel [+0.10 -0.05 +9.76]  body-accel [+0.31 -1.02 -9.71]
  V1_03_difficult     10465 samples    79.0 m  world-accel [+0.00 -0.05 +9.79]  body-accel [+0.26 -1.10 -9.89]
  V2_02_medium        11544 samples    83.2 m  world-accel [+0.04 +0.11 +9.78]  body-accel [+0.06 -1.07 -9.80]
  V1_01_easy          14470 samples    58.4 m  world-accel [+0.05 -0.08 +9.76]  body-accel [+0.22 -1.06 -9.71]
train sequences (6): V1_02_medium V2_03_difficult MH_05_difficult MH_01_easy V2_01_easy MH_03_medium
  windows euroc|gravity|185.0|none|V1_02_medium-V2_03_difficult-MH_05_difficult-MH_01_easy-V2_01_easy-MH_03_medium|train: 15191 (cache)
  windows euroc|gravity|185.0|none|V1_02_medium-V2_03_difficult-MH_05_difficult-MH_01_easy-V2_01_easy-MH_03_medium|val: 865 (cache)
trainable: 95,974 / 95,974 (100.0%)
Epoch   1/100 | loss 0.15952 | val ATE 28.9367 | best 28.9367 @1 | 4s
Epoch  10/100 | loss 0.05212 | val ATE 3.8106 | best 3.8106 @10 | 33s
Epoch  20/100 | loss 0.04384 | val ATE 2.5455 | best 2.5455 @20 | 66s
Epoch  30/100 | loss 0.03932 | val ATE 2.3226 | best 2.3226 @30 | 99s
Epoch  40/100 | loss 0.03612 | val ATE 2.2466 | best 2.2466 @40 | 129s
Epoch  50/100 | loss 0.03425 | val ATE 2.2837 | best 2.2466 @40 | 160s
Epoch  60/100 | loss 0.03357 | val ATE 2.2862 | best 2.2428 @51 | 192s
Epoch  70/100 | loss 0.03303 | val ATE 2.3234 | best 2.2428 @51 | 224s
Epoch  80/100 | loss 0.03266 | val ATE 2.2505 | best 2.2428 @51 | 254s
Epoch  90/100 | loss 0.03220 | val ATE 2.2991 | best 2.2352 @85 | 286s
Epoch 100/100 | loss 0.03183 | val ATE 2.2630 | best 2.2352 @85 | 318s

best val ATE 2.2352 at epoch 85

==============================================
  SCRATCH  euroc test
==============================================
trajectory           ATE [m]   TDE [%]
--------------------------------------
MH_02_easy             0.944     27.37
MH_04_difficult        1.982     66.59
V1_03_difficult        2.562     65.73
V2_02_medium           0.872     13.49
V1_01_easy             1.068     85.22
--------------------------------------
mean                   1.486     51.68

 SCRATCH  ATE 1.4856  TDE 51.6803
wrote /src/gs25122/MARIO/runs/transfer/euroc_scratch_lolr_s1
