/src/gs25122/miniconda3/envs/mamba/lib/python3.10/site-packages/mamba_ssm/ops/selective_scan_interface.py:164: FutureWarning: `torch.cuda.amp.custom_fwd(args...)` is deprecated. Please use `torch.amp.custom_fwd(args..., device_type='cuda')` instead.
  def forward(ctx, xz, conv1d_weight, conv1d_bias, x_proj_weight, delta_proj_weight,
/src/gs25122/miniconda3/envs/mamba/lib/python3.10/site-packages/mamba_ssm/ops/selective_scan_interface.py:240: FutureWarning: `torch.cuda.amp.custom_bwd(args...)` is deprecated. Please use `torch.amp.custom_bwd(args..., device_type='cuda')` instead.
  def backward(ctx, dout):
/src/gs25122/miniconda3/envs/mamba/lib/python3.10/site-packages/mamba_ssm/ops/triton/layer_norm.py:986: FutureWarning: `torch.cuda.amp.custom_fwd(args...)` is deprecated. Please use `torch.amp.custom_fwd(args..., device_type='cuda')` instead.
  def forward(
/src/gs25122/miniconda3/envs/mamba/lib/python3.10/site-packages/mamba_ssm/ops/triton/layer_norm.py:1045: FutureWarning: `torch.cuda.amp.custom_bwd(args...)` is deprecated. Please use `torch.amp.custom_bwd(args..., device_type='cuda')` instead.
  def backward(ctx, dout, *args):
/src/gs25122/miniconda3/envs/mamba/lib/python3.10/site-packages/mamba_ssm/distributed/tensor_parallel.py:26: FutureWarning: `torch.cuda.amp.custom_fwd(args...)` is deprecated. Please use `torch.amp.custom_fwd(args..., device_type='cuda')` instead.
  def forward(ctx, x, weight, bias, process_group=None, sequence_parallel=True):
/src/gs25122/miniconda3/envs/mamba/lib/python3.10/site-packages/mamba_ssm/distributed/tensor_parallel.py:62: FutureWarning: `torch.cuda.amp.custom_bwd(args...)` is deprecated. Please use `torch.amp.custom_bwd(args..., device_type='cuda')` instead.
  def backward(ctx, grad_output):
/src/gs25122/miniconda3/envs/mamba/lib/python3.10/site-packages/mamba_ssm/ops/triton/ssd_combined.py:758: FutureWarning: `torch.cuda.amp.custom_fwd(args...)` is deprecated. Please use `torch.amp.custom_fwd(args..., device_type='cuda')` instead.
  def forward(ctx, zxbcdt, conv1d_weight, conv1d_bias, dt_bias, A, D, chunk_size, initial_states=None, seq_idx=None, dt_limit=(0.0, float("inf")), return_final_states=False, activation="silu",
/src/gs25122/miniconda3/envs/mamba/lib/python3.10/site-packages/mamba_ssm/ops/triton/ssd_combined.py:836: FutureWarning: `torch.cuda.amp.custom_bwd(args...)` is deprecated. Please use `torch.amp.custom_bwd(args..., device_type='cuda')` instead.
  def backward(ctx, dout, *args):
mode=scratch  dataset=euroc  seed=1  lr=0.000258  epochs=100  align=gravity yaw=185
  V1_02_medium         8350 samples    75.9 m  world-accel [+0.01 -0.00 +9.76]  body-accel [+0.27 -1.07 -9.77]
  MH_02_easy          14996 samples    73.5 m  world-accel [+0.04 +0.12 +9.75]  body-accel [+0.55 -0.91 -9.61]
  MH_04_difficult      9875 samples    91.7 m  world-accel [+0.10 -0.05 +9.76]  body-accel [+0.31 -1.02 -9.71]
  V1_03_difficult     10465 samples    79.0 m  world-accel [+0.00 -0.05 +9.79]  body-accel [+0.26 -1.10 -9.89]
  V2_02_medium        11544 samples    83.2 m  world-accel [+0.04 +0.11 +9.78]  body-accel [+0.06 -1.07 -9.80]
  V1_01_easy          14470 samples    58.4 m  world-accel [+0.05 -0.08 +9.76]  body-accel [+0.22 -1.06 -9.71]
train sequences (1): V1_02_medium
  windows euroc|gravity|185.0|none|V1_02_medium|train: 1493 (cache)
  windows euroc|gravity|185.0|none|V1_02_medium|val: 66 (cache)
trainable: 95,974 / 95,974 (100.0%)
Epoch   1/100 | loss 0.17714 | val ATE 4.4871 | best 4.4871 @1 | 1s
Epoch  10/100 | loss 0.04912 | val ATE 29.8295 | best 1.2345 @7 | 4s
Epoch  20/100 | loss 0.03996 | val ATE 1.3092 | best 1.1655 @16 | 7s
Epoch  30/100 | loss 0.03863 | val ATE 1.7428 | best 1.1655 @16 | 10s
Epoch  40/100 | loss 0.03802 | val ATE 1.7192 | best 1.1655 @16 | 13s
Epoch  50/100 | loss 0.03716 | val ATE 1.7064 | best 1.1655 @16 | 16s
Epoch  60/100 | loss 0.03652 | val ATE 1.6800 | best 1.1655 @16 | 18s
Epoch  70/100 | loss 0.03594 | val ATE 1.7226 | best 1.1655 @16 | 21s
Epoch  80/100 | loss 0.03509 | val ATE 1.7202 | best 1.1655 @16 | 24s
Epoch  90/100 | loss 0.03437 | val ATE 1.7022 | best 1.1655 @16 | 27s
Epoch 100/100 | loss 0.03375 | val ATE 1.6643 | best 1.1655 @16 | 30s

best val ATE 1.1655 at epoch 16

==============================================
  SCRATCH  euroc test
==============================================
trajectory           ATE [m]   TDE [%]
--------------------------------------
MH_02_easy             8.728    253.00
MH_04_difficult        6.640    223.08
V1_03_difficult        7.603    195.04
V2_02_medium           4.530     70.11
V1_01_easy             7.503    598.70
--------------------------------------
mean                   7.001    267.99

 SCRATCH  ATE 7.0006  TDE 267.9868
wrote /src/gs25122/MARIO/runs/transfer/euroc_scratch_n1_s1
