/src/gs25122/miniconda3/envs/mamba/lib/python3.10/site-packages/mamba_ssm/ops/selective_scan_interface.py:164: FutureWarning: `torch.cuda.amp.custom_fwd(args...)` is deprecated. Please use `torch.amp.custom_fwd(args..., device_type='cuda')` instead.
  def forward(ctx, xz, conv1d_weight, conv1d_bias, x_proj_weight, delta_proj_weight,
/src/gs25122/miniconda3/envs/mamba/lib/python3.10/site-packages/mamba_ssm/ops/selective_scan_interface.py:240: FutureWarning: `torch.cuda.amp.custom_bwd(args...)` is deprecated. Please use `torch.amp.custom_bwd(args..., device_type='cuda')` instead.
  def backward(ctx, dout):
/src/gs25122/miniconda3/envs/mamba/lib/python3.10/site-packages/mamba_ssm/ops/triton/layer_norm.py:986: FutureWarning: `torch.cuda.amp.custom_fwd(args...)` is deprecated. Please use `torch.amp.custom_fwd(args..., device_type='cuda')` instead.
  def forward(
/src/gs25122/miniconda3/envs/mamba/lib/python3.10/site-packages/mamba_ssm/ops/triton/layer_norm.py:1045: FutureWarning: `torch.cuda.amp.custom_bwd(args...)` is deprecated. Please use `torch.amp.custom_bwd(args..., device_type='cuda')` instead.
  def backward(ctx, dout, *args):
/src/gs25122/miniconda3/envs/mamba/lib/python3.10/site-packages/mamba_ssm/distributed/tensor_parallel.py:26: FutureWarning: `torch.cuda.amp.custom_fwd(args...)` is deprecated. Please use `torch.amp.custom_fwd(args..., device_type='cuda')` instead.
  def forward(ctx, x, weight, bias, process_group=None, sequence_parallel=True):
/src/gs25122/miniconda3/envs/mamba/lib/python3.10/site-packages/mamba_ssm/distributed/tensor_parallel.py:62: FutureWarning: `torch.cuda.amp.custom_bwd(args...)` is deprecated. Please use `torch.amp.custom_bwd(args..., device_type='cuda')` instead.
  def backward(ctx, grad_output):
/src/gs25122/miniconda3/envs/mamba/lib/python3.10/site-packages/mamba_ssm/ops/triton/ssd_combined.py:758: FutureWarning: `torch.cuda.amp.custom_fwd(args...)` is deprecated. Please use `torch.amp.custom_fwd(args..., device_type='cuda')` instead.
  def forward(ctx, zxbcdt, conv1d_weight, conv1d_bias, dt_bias, A, D, chunk_size, initial_states=None, seq_idx=None, dt_limit=(0.0, float("inf")), return_final_states=False, activation="silu",
/src/gs25122/miniconda3/envs/mamba/lib/python3.10/site-packages/mamba_ssm/ops/triton/ssd_combined.py:836: FutureWarning: `torch.cuda.amp.custom_bwd(args...)` is deprecated. Please use `torch.amp.custom_bwd(args..., device_type='cuda')` instead.
  def backward(ctx, dout, *args):
mode=full  dataset=euroc  seed=2  lr=2.58e-05  epochs=100  align=gravity yaw=185
  V1_02_medium         8350 samples    75.9 m  world-accel [+0.01 -0.00 +9.76]  body-accel [+0.27 -1.07 -9.77]
  V2_03_difficult     11484 samples    86.1 m  world-accel [+0.05 +0.08 +9.78]  body-accel [+0.09 -1.11 -9.80]
  MH_05_difficult     11105 samples    97.6 m  world-accel [+0.10 -0.03 +9.76]  body-accel [+0.32 -1.06 -9.70]
  MH_01_easy          18190 samples    80.6 m  world-accel [+0.01 +0.12 +9.76]  body-accel [+0.29 -0.96 -9.67]
  MH_02_easy          14996 samples    73.5 m  world-accel [+0.04 +0.12 +9.75]  body-accel [+0.55 -0.91 -9.61]
  MH_04_difficult      9875 samples    91.7 m  world-accel [+0.10 -0.05 +9.76]  body-accel [+0.31 -1.02 -9.71]
  V1_03_difficult     10465 samples    79.0 m  world-accel [+0.00 -0.05 +9.79]  body-accel [+0.26 -1.10 -9.89]
  V2_02_medium        11544 samples    83.2 m  world-accel [+0.04 +0.11 +9.78]  body-accel [+0.06 -1.07 -9.80]
  V1_01_easy          14470 samples    58.4 m  world-accel [+0.05 -0.08 +9.76]  body-accel [+0.22 -1.06 -9.71]
train sequences (4): V1_02_medium V2_03_difficult MH_05_difficult MH_01_easy
  windows euroc|gravity|185.0|none|V1_02_medium-V2_03_difficult-MH_05_difficult-MH_01_easy|train: 10165 (cache)
  windows euroc|gravity|185.0|none|V1_02_medium-V2_03_difficult-MH_05_difficult-MH_01_easy|val: 580 (cache)
trainable: 95,974 / 95,974 (100.0%)
Epoch   1/100 | loss 0.19814 | val ATE 7.0996 | best 7.0996 @1 | 3s
Epoch  10/100 | loss 0.04441 | val ATE 3.4983 | best 2.8138 @8 | 21s
Epoch  20/100 | loss 0.04052 | val ATE 2.8200 | best 2.7521 @18 | 41s
Epoch  30/100 | loss 0.03890 | val ATE 2.9512 | best 2.7264 @27 | 62s
Epoch  40/100 | loss 0.03752 | val ATE 2.7459 | best 2.7264 @27 | 79s
Epoch  50/100 | loss 0.03626 | val ATE 2.7573 | best 2.7240 @42 | 98s
Epoch  60/100 | loss 0.03523 | val ATE 2.7908 | best 2.7240 @42 | 120s
Epoch  70/100 | loss 0.03439 | val ATE 2.8969 | best 2.7240 @42 | 140s
Epoch  80/100 | loss 0.03377 | val ATE 2.8220 | best 2.7240 @42 | 160s
Epoch  90/100 | loss 0.03311 | val ATE 2.8400 | best 2.7240 @42 | 180s
Epoch 100/100 | loss 0.03271 | val ATE 2.8601 | best 2.7240 @42 | 199s

best val ATE 2.7240 at epoch 42

==============================================
  FULL  euroc test
==============================================
trajectory           ATE [m]   TDE [%]
--------------------------------------
MH_02_easy             3.070     89.00
MH_04_difficult        3.129    105.14
V1_03_difficult        4.336    111.23
V2_02_medium           0.836     12.94
V1_01_easy             1.550    123.67
--------------------------------------
mean                   2.584     88.40

    FULL  ATE 2.5843  TDE 88.3967
wrote /src/gs25122/MARIO/runs/transfer/euroc_full_n4_s2
