/src/gs25122/miniconda3/envs/mamba/lib/python3.10/site-packages/mamba_ssm/ops/selective_scan_interface.py:164: FutureWarning: `torch.cuda.amp.custom_fwd(args...)` is deprecated. Please use `torch.amp.custom_fwd(args..., device_type='cuda')` instead.
  def forward(ctx, xz, conv1d_weight, conv1d_bias, x_proj_weight, delta_proj_weight,
/src/gs25122/miniconda3/envs/mamba/lib/python3.10/site-packages/mamba_ssm/ops/selective_scan_interface.py:240: FutureWarning: `torch.cuda.amp.custom_bwd(args...)` is deprecated. Please use `torch.amp.custom_bwd(args..., device_type='cuda')` instead.
  def backward(ctx, dout):
/src/gs25122/miniconda3/envs/mamba/lib/python3.10/site-packages/mamba_ssm/ops/triton/layer_norm.py:986: FutureWarning: `torch.cuda.amp.custom_fwd(args...)` is deprecated. Please use `torch.amp.custom_fwd(args..., device_type='cuda')` instead.
  def forward(
/src/gs25122/miniconda3/envs/mamba/lib/python3.10/site-packages/mamba_ssm/ops/triton/layer_norm.py:1045: FutureWarning: `torch.cuda.amp.custom_bwd(args...)` is deprecated. Please use `torch.amp.custom_bwd(args..., device_type='cuda')` instead.
  def backward(ctx, dout, *args):
/src/gs25122/miniconda3/envs/mamba/lib/python3.10/site-packages/mamba_ssm/distributed/tensor_parallel.py:26: FutureWarning: `torch.cuda.amp.custom_fwd(args...)` is deprecated. Please use `torch.amp.custom_fwd(args..., device_type='cuda')` instead.
  def forward(ctx, x, weight, bias, process_group=None, sequence_parallel=True):
/src/gs25122/miniconda3/envs/mamba/lib/python3.10/site-packages/mamba_ssm/distributed/tensor_parallel.py:62: FutureWarning: `torch.cuda.amp.custom_bwd(args...)` is deprecated. Please use `torch.amp.custom_bwd(args..., device_type='cuda')` instead.
  def backward(ctx, grad_output):
/src/gs25122/miniconda3/envs/mamba/lib/python3.10/site-packages/mamba_ssm/ops/triton/ssd_combined.py:758: FutureWarning: `torch.cuda.amp.custom_fwd(args...)` is deprecated. Please use `torch.amp.custom_fwd(args..., device_type='cuda')` instead.
  def forward(ctx, zxbcdt, conv1d_weight, conv1d_bias, dt_bias, A, D, chunk_size, initial_states=None, seq_idx=None, dt_limit=(0.0, float("inf")), return_final_states=False, activation="silu",
/src/gs25122/miniconda3/envs/mamba/lib/python3.10/site-packages/mamba_ssm/ops/triton/ssd_combined.py:836: FutureWarning: `torch.cuda.amp.custom_bwd(args...)` is deprecated. Please use `torch.amp.custom_bwd(args..., device_type='cuda')` instead.
  def backward(ctx, dout, *args):
mode=head  dataset=euroc  seed=3  lr=2.58e-05  epochs=100  align=gravity yaw=185
  V1_02_medium         8350 samples    75.9 m  world-accel [+0.01 -0.00 +9.76]  body-accel [+0.27 -1.07 -9.77]
  V2_03_difficult     11484 samples    86.1 m  world-accel [+0.05 +0.08 +9.78]  body-accel [+0.09 -1.11 -9.80]
  MH_05_difficult     11105 samples    97.6 m  world-accel [+0.10 -0.03 +9.76]  body-accel [+0.32 -1.06 -9.70]
  MH_01_easy          18190 samples    80.6 m  world-accel [+0.01 +0.12 +9.76]  body-accel [+0.29 -0.96 -9.67]
  MH_02_easy          14996 samples    73.5 m  world-accel [+0.04 +0.12 +9.75]  body-accel [+0.55 -0.91 -9.61]
  MH_04_difficult      9875 samples    91.7 m  world-accel [+0.10 -0.05 +9.76]  body-accel [+0.31 -1.02 -9.71]
  V1_03_difficult     10465 samples    79.0 m  world-accel [+0.00 -0.05 +9.79]  body-accel [+0.26 -1.10 -9.89]
  V2_02_medium        11544 samples    83.2 m  world-accel [+0.04 +0.11 +9.78]  body-accel [+0.06 -1.07 -9.80]
  V1_01_easy          14470 samples    58.4 m  world-accel [+0.05 -0.08 +9.76]  body-accel [+0.22 -1.06 -9.71]
train sequences (4): V1_02_medium V2_03_difficult MH_05_difficult MH_01_easy
  windows euroc|gravity|185.0|none|V1_02_medium-V2_03_difficult-MH_05_difficult-MH_01_easy|train: 10165 (cache)
  windows euroc|gravity|185.0|none|V1_02_medium-V2_03_difficult-MH_05_difficult-MH_01_easy|val: 580 (cache)
trainable: 17,414 / 95,974 (18.1%)
Epoch   1/100 | loss 0.09869 | val ATE 3.1522 | best 3.1522 @1 | 1s
Epoch  10/100 | loss 0.05100 | val ATE 2.8645 | best 2.8426 @9 | 9s
Epoch  20/100 | loss 0.04823 | val ATE 2.8470 | best 2.8280 @17 | 18s
Epoch  30/100 | loss 0.04735 | val ATE 2.8340 | best 2.8224 @21 | 27s
Epoch  40/100 | loss 0.04705 | val ATE 2.8323 | best 2.8224 @21 | 35s
Epoch  50/100 | loss 0.04681 | val ATE 2.8469 | best 2.8224 @21 | 44s
Epoch  60/100 | loss 0.04664 | val ATE 2.8582 | best 2.8216 @54 | 53s
Epoch  70/100 | loss 0.04647 | val ATE 2.8465 | best 2.8158 @64 | 62s
Epoch  80/100 | loss 0.04630 | val ATE 2.8192 | best 2.8158 @64 | 70s
Epoch  90/100 | loss 0.04620 | val ATE 2.8146 | best 2.8071 @81 | 79s
Epoch 100/100 | loss 0.04609 | val ATE 2.8242 | best 2.8071 @81 | 87s

best val ATE 2.8071 at epoch 81

==============================================
  HEAD  euroc test
==============================================
trajectory           ATE [m]   TDE [%]
--------------------------------------
MH_02_easy             2.430     70.43
MH_04_difficult        1.690     56.79
V1_03_difficult        3.248     83.32
V2_02_medium           1.235     19.11
V1_01_easy             1.716    136.93
--------------------------------------
mean                   2.064     73.32

    HEAD  ATE 2.0637  TDE 73.3163
wrote /src/gs25122/MARIO/runs/transfer/euroc_head_n4_s3
