/src/gs25122/miniconda3/envs/mamba/lib/python3.10/site-packages/mamba_ssm/ops/selective_scan_interface.py:164: FutureWarning: `torch.cuda.amp.custom_fwd(args...)` is deprecated. Please use `torch.amp.custom_fwd(args..., device_type='cuda')` instead.
  def forward(ctx, xz, conv1d_weight, conv1d_bias, x_proj_weight, delta_proj_weight,
/src/gs25122/miniconda3/envs/mamba/lib/python3.10/site-packages/mamba_ssm/ops/selective_scan_interface.py:240: FutureWarning: `torch.cuda.amp.custom_bwd(args...)` is deprecated. Please use `torch.amp.custom_bwd(args..., device_type='cuda')` instead.
  def backward(ctx, dout):
/src/gs25122/miniconda3/envs/mamba/lib/python3.10/site-packages/mamba_ssm/ops/triton/layer_norm.py:986: FutureWarning: `torch.cuda.amp.custom_fwd(args...)` is deprecated. Please use `torch.amp.custom_fwd(args..., device_type='cuda')` instead.
  def forward(
/src/gs25122/miniconda3/envs/mamba/lib/python3.10/site-packages/mamba_ssm/ops/triton/layer_norm.py:1045: FutureWarning: `torch.cuda.amp.custom_bwd(args...)` is deprecated. Please use `torch.amp.custom_bwd(args..., device_type='cuda')` instead.
  def backward(ctx, dout, *args):
/src/gs25122/miniconda3/envs/mamba/lib/python3.10/site-packages/mamba_ssm/distributed/tensor_parallel.py:26: FutureWarning: `torch.cuda.amp.custom_fwd(args...)` is deprecated. Please use `torch.amp.custom_fwd(args..., device_type='cuda')` instead.
  def forward(ctx, x, weight, bias, process_group=None, sequence_parallel=True):
/src/gs25122/miniconda3/envs/mamba/lib/python3.10/site-packages/mamba_ssm/distributed/tensor_parallel.py:62: FutureWarning: `torch.cuda.amp.custom_bwd(args...)` is deprecated. Please use `torch.amp.custom_bwd(args..., device_type='cuda')` instead.
  def backward(ctx, grad_output):
/src/gs25122/miniconda3/envs/mamba/lib/python3.10/site-packages/mamba_ssm/ops/triton/ssd_combined.py:758: FutureWarning: `torch.cuda.amp.custom_fwd(args...)` is deprecated. Please use `torch.amp.custom_fwd(args..., device_type='cuda')` instead.
  def forward(ctx, zxbcdt, conv1d_weight, conv1d_bias, dt_bias, A, D, chunk_size, initial_states=None, seq_idx=None, dt_limit=(0.0, float("inf")), return_final_states=False, activation="silu",
/src/gs25122/miniconda3/envs/mamba/lib/python3.10/site-packages/mamba_ssm/ops/triton/ssd_combined.py:836: FutureWarning: `torch.cuda.amp.custom_bwd(args...)` is deprecated. Please use `torch.amp.custom_bwd(args..., device_type='cuda')` instead.
  def backward(ctx, dout, *args):
mode=scratch  dataset=euroc  seed=42  lr=0.000258  epochs=100  align=gravity yaw=185
  V1_02_medium         8350 samples    75.9 m  world-accel [+0.01 -0.00 +9.76]  body-accel [+0.27 -1.07 -9.77]
  MH_02_easy          14996 samples    73.5 m  world-accel [+0.04 +0.12 +9.75]  body-accel [+0.55 -0.91 -9.61]
  MH_04_difficult      9875 samples    91.7 m  world-accel [+0.10 -0.05 +9.76]  body-accel [+0.31 -1.02 -9.71]
  V1_03_difficult     10465 samples    79.0 m  world-accel [+0.00 -0.05 +9.79]  body-accel [+0.26 -1.10 -9.89]
  V2_02_medium        11544 samples    83.2 m  world-accel [+0.04 +0.11 +9.78]  body-accel [+0.06 -1.07 -9.80]
  V1_01_easy          14470 samples    58.4 m  world-accel [+0.05 -0.08 +9.76]  body-accel [+0.22 -1.06 -9.71]
train sequences (1): V1_02_medium
  windows euroc|gravity|185.0|none|V1_02_medium|train: 1493 (cache)
  windows euroc|gravity|185.0|none|V1_02_medium|val: 66 (cache)
trainable: 95,974 / 95,974 (100.0%)
Epoch   1/100 | loss 0.16532 | val ATE 2.4881 | best 2.4881 @1 | 1s
Epoch  10/100 | loss 0.04922 | val ATE 17.8612 | best 2.1049 @7 | 4s
Epoch  20/100 | loss 0.04048 | val ATE 1.7296 | best 1.6695 @17 | 7s
Epoch  30/100 | loss 0.03880 | val ATE 1.9356 | best 1.6695 @17 | 10s
Epoch  40/100 | loss 0.03843 | val ATE 1.9498 | best 1.6695 @17 | 13s
Epoch  50/100 | loss 0.03776 | val ATE 1.9487 | best 1.6695 @17 | 14s
Epoch  60/100 | loss 0.03680 | val ATE 1.9426 | best 1.6695 @17 | 17s
Epoch  70/100 | loss 0.03623 | val ATE 1.9384 | best 1.6695 @17 | 20s
Epoch  80/100 | loss 0.03563 | val ATE 1.9541 | best 1.6695 @17 | 23s
Epoch  90/100 | loss 0.03508 | val ATE 1.9467 | best 1.6695 @17 | 26s
Epoch 100/100 | loss 0.03455 | val ATE 1.9547 | best 1.6695 @17 | 29s

best val ATE 1.6695 at epoch 17

==============================================
  SCRATCH  euroc test
==============================================
trajectory           ATE [m]   TDE [%]
--------------------------------------
MH_02_easy             3.593    104.15
MH_04_difficult        4.257    143.02
V1_03_difficult        5.582    143.19
V2_02_medium           2.423     37.50
V1_01_easy             5.006    399.46
--------------------------------------
mean                   4.172    165.47

 SCRATCH  ATE 4.1721  TDE 165.4664
wrote /src/gs25122/MARIO/runs/transfer/euroc_scratch_n1_s42
