/src/gs25122/miniconda3/envs/mamba/lib/python3.10/site-packages/mamba_ssm/ops/selective_scan_interface.py:164: FutureWarning: `torch.cuda.amp.custom_fwd(args...)` is deprecated. Please use `torch.amp.custom_fwd(args..., device_type='cuda')` instead.
  def forward(ctx, xz, conv1d_weight, conv1d_bias, x_proj_weight, delta_proj_weight,
/src/gs25122/miniconda3/envs/mamba/lib/python3.10/site-packages/mamba_ssm/ops/selective_scan_interface.py:240: FutureWarning: `torch.cuda.amp.custom_bwd(args...)` is deprecated. Please use `torch.amp.custom_bwd(args..., device_type='cuda')` instead.
  def backward(ctx, dout):
/src/gs25122/miniconda3/envs/mamba/lib/python3.10/site-packages/mamba_ssm/ops/triton/layer_norm.py:986: FutureWarning: `torch.cuda.amp.custom_fwd(args...)` is deprecated. Please use `torch.amp.custom_fwd(args..., device_type='cuda')` instead.
  def forward(
/src/gs25122/miniconda3/envs/mamba/lib/python3.10/site-packages/mamba_ssm/ops/triton/layer_norm.py:1045: FutureWarning: `torch.cuda.amp.custom_bwd(args...)` is deprecated. Please use `torch.amp.custom_bwd(args..., device_type='cuda')` instead.
  def backward(ctx, dout, *args):
/src/gs25122/miniconda3/envs/mamba/lib/python3.10/site-packages/mamba_ssm/distributed/tensor_parallel.py:26: FutureWarning: `torch.cuda.amp.custom_fwd(args...)` is deprecated. Please use `torch.amp.custom_fwd(args..., device_type='cuda')` instead.
  def forward(ctx, x, weight, bias, process_group=None, sequence_parallel=True):
/src/gs25122/miniconda3/envs/mamba/lib/python3.10/site-packages/mamba_ssm/distributed/tensor_parallel.py:62: FutureWarning: `torch.cuda.amp.custom_bwd(args...)` is deprecated. Please use `torch.amp.custom_bwd(args..., device_type='cuda')` instead.
  def backward(ctx, grad_output):
/src/gs25122/miniconda3/envs/mamba/lib/python3.10/site-packages/mamba_ssm/ops/triton/ssd_combined.py:758: FutureWarning: `torch.cuda.amp.custom_fwd(args...)` is deprecated. Please use `torch.amp.custom_fwd(args..., device_type='cuda')` instead.
  def forward(ctx, zxbcdt, conv1d_weight, conv1d_bias, dt_bias, A, D, chunk_size, initial_states=None, seq_idx=None, dt_limit=(0.0, float("inf")), return_final_states=False, activation="silu",
/src/gs25122/miniconda3/envs/mamba/lib/python3.10/site-packages/mamba_ssm/ops/triton/ssd_combined.py:836: FutureWarning: `torch.cuda.amp.custom_bwd(args...)` is deprecated. Please use `torch.amp.custom_bwd(args..., device_type='cuda')` instead.
  def backward(ctx, dout, *args):
mode=head  dataset=euroc  seed=1  lr=2.58e-05  epochs=100  align=gravity yaw=185
  V1_02_medium         8350 samples    75.9 m  world-accel [+0.01 -0.00 +9.76]  body-accel [+0.27 -1.07 -9.77]
  MH_02_easy          14996 samples    73.5 m  world-accel [+0.04 +0.12 +9.75]  body-accel [+0.55 -0.91 -9.61]
  MH_04_difficult      9875 samples    91.7 m  world-accel [+0.10 -0.05 +9.76]  body-accel [+0.31 -1.02 -9.71]
  V1_03_difficult     10465 samples    79.0 m  world-accel [+0.00 -0.05 +9.79]  body-accel [+0.26 -1.10 -9.89]
  V2_02_medium        11544 samples    83.2 m  world-accel [+0.04 +0.11 +9.78]  body-accel [+0.06 -1.07 -9.80]
  V1_01_easy          14470 samples    58.4 m  world-accel [+0.05 -0.08 +9.76]  body-accel [+0.22 -1.06 -9.71]
train sequences (1): V1_02_medium
  windows euroc|gravity|185.0|none|V1_02_medium|train: 1493 (cache)
  windows euroc|gravity|185.0|none|V1_02_medium|val: 66 (cache)
trainable: 17,414 / 95,974 (18.1%)
Epoch   1/100 | loss 0.09787 | val ATE 1.9692 | best 1.9692 @1 | 1s
Epoch  10/100 | loss 0.07734 | val ATE 1.6893 | best 1.6893 @10 | 2s
Epoch  20/100 | loss 0.06955 | val ATE 1.6285 | best 1.6285 @20 | 3s
Epoch  30/100 | loss 0.06498 | val ATE 1.6375 | best 1.6103 @29 | 4s
Epoch  40/100 | loss 0.06304 | val ATE 1.6457 | best 1.6102 @35 | 6s
Epoch  50/100 | loss 0.06216 | val ATE 1.6328 | best 1.6102 @35 | 7s
Epoch  60/100 | loss 0.06143 | val ATE 1.6307 | best 1.6102 @35 | 8s
Epoch  70/100 | loss 0.06092 | val ATE 1.6267 | best 1.6102 @35 | 9s
Epoch  80/100 | loss 0.06035 | val ATE 1.6263 | best 1.6102 @35 | 11s
Epoch  90/100 | loss 0.05984 | val ATE 1.6345 | best 1.6102 @35 | 12s
Epoch 100/100 | loss 0.05929 | val ATE 1.6362 | best 1.6102 @35 | 13s

best val ATE 1.6102 at epoch 35

==============================================
  HEAD  euroc test
==============================================
trajectory           ATE [m]   TDE [%]
--------------------------------------
MH_02_easy             3.403     98.64
MH_04_difficult        3.512    117.98
V1_03_difficult        3.283     84.22
V2_02_medium           2.234     34.57
V1_01_easy             2.197    175.30
--------------------------------------
mean                   2.926    102.14

    HEAD  ATE 2.9257  TDE 102.1445
wrote /src/gs25122/MARIO/runs/transfer/euroc_head_n1_s1
