/src/gs25122/miniconda3/envs/mamba/lib/python3.10/site-packages/mamba_ssm/ops/selective_scan_interface.py:164: FutureWarning: `torch.cuda.amp.custom_fwd(args...)` is deprecated. Please use `torch.amp.custom_fwd(args..., device_type='cuda')` instead.
  def forward(ctx, xz, conv1d_weight, conv1d_bias, x_proj_weight, delta_proj_weight,
/src/gs25122/miniconda3/envs/mamba/lib/python3.10/site-packages/mamba_ssm/ops/selective_scan_interface.py:240: FutureWarning: `torch.cuda.amp.custom_bwd(args...)` is deprecated. Please use `torch.amp.custom_bwd(args..., device_type='cuda')` instead.
  def backward(ctx, dout):
/src/gs25122/miniconda3/envs/mamba/lib/python3.10/site-packages/mamba_ssm/ops/triton/layer_norm.py:986: FutureWarning: `torch.cuda.amp.custom_fwd(args...)` is deprecated. Please use `torch.amp.custom_fwd(args..., device_type='cuda')` instead.
  def forward(
/src/gs25122/miniconda3/envs/mamba/lib/python3.10/site-packages/mamba_ssm/ops/triton/layer_norm.py:1045: FutureWarning: `torch.cuda.amp.custom_bwd(args...)` is deprecated. Please use `torch.amp.custom_bwd(args..., device_type='cuda')` instead.
  def backward(ctx, dout, *args):
/src/gs25122/miniconda3/envs/mamba/lib/python3.10/site-packages/mamba_ssm/distributed/tensor_parallel.py:26: FutureWarning: `torch.cuda.amp.custom_fwd(args...)` is deprecated. Please use `torch.amp.custom_fwd(args..., device_type='cuda')` instead.
  def forward(ctx, x, weight, bias, process_group=None, sequence_parallel=True):
/src/gs25122/miniconda3/envs/mamba/lib/python3.10/site-packages/mamba_ssm/distributed/tensor_parallel.py:62: FutureWarning: `torch.cuda.amp.custom_bwd(args...)` is deprecated. Please use `torch.amp.custom_bwd(args..., device_type='cuda')` instead.
  def backward(ctx, grad_output):
/src/gs25122/miniconda3/envs/mamba/lib/python3.10/site-packages/mamba_ssm/ops/triton/ssd_combined.py:758: FutureWarning: `torch.cuda.amp.custom_fwd(args...)` is deprecated. Please use `torch.amp.custom_fwd(args..., device_type='cuda')` instead.
  def forward(ctx, zxbcdt, conv1d_weight, conv1d_bias, dt_bias, A, D, chunk_size, initial_states=None, seq_idx=None, dt_limit=(0.0, float("inf")), return_final_states=False, activation="silu",
/src/gs25122/miniconda3/envs/mamba/lib/python3.10/site-packages/mamba_ssm/ops/triton/ssd_combined.py:836: FutureWarning: `torch.cuda.amp.custom_bwd(args...)` is deprecated. Please use `torch.amp.custom_bwd(args..., device_type='cuda')` instead.
  def backward(ctx, dout, *args):
mode=full  dataset=euroc  seed=42  lr=2.58e-05  epochs=100  align=gravity yaw=185
  V1_02_medium         8350 samples    75.9 m  world-accel [+0.01 -0.00 +9.76]  body-accel [+0.27 -1.07 -9.77]
  V2_03_difficult     11484 samples    86.1 m  world-accel [+0.05 +0.08 +9.78]  body-accel [+0.09 -1.11 -9.80]
  MH_05_difficult     11105 samples    97.6 m  world-accel [+0.10 -0.03 +9.76]  body-accel [+0.32 -1.06 -9.70]
  MH_01_easy          18190 samples    80.6 m  world-accel [+0.01 +0.12 +9.76]  body-accel [+0.29 -0.96 -9.67]
  MH_02_easy          14996 samples    73.5 m  world-accel [+0.04 +0.12 +9.75]  body-accel [+0.55 -0.91 -9.61]
  MH_04_difficult      9875 samples    91.7 m  world-accel [+0.10 -0.05 +9.76]  body-accel [+0.31 -1.02 -9.71]
  V1_03_difficult     10465 samples    79.0 m  world-accel [+0.00 -0.05 +9.79]  body-accel [+0.26 -1.10 -9.89]
  V2_02_medium        11544 samples    83.2 m  world-accel [+0.04 +0.11 +9.78]  body-accel [+0.06 -1.07 -9.80]
  V1_01_easy          14470 samples    58.4 m  world-accel [+0.05 -0.08 +9.76]  body-accel [+0.22 -1.06 -9.71]
train sequences (4): V1_02_medium V2_03_difficult MH_05_difficult MH_01_easy
  windows euroc|gravity|185.0|none|V1_02_medium-V2_03_difficult-MH_05_difficult-MH_01_easy|train: 10165 (cache)
  windows euroc|gravity|185.0|none|V1_02_medium-V2_03_difficult-MH_05_difficult-MH_01_easy|val: 580 (cache)
trainable: 95,974 / 95,974 (100.0%)
Epoch   1/100 | loss 0.22248 | val ATE 7.2582 | best 7.2582 @1 | 3s
Epoch  10/100 | loss 0.04413 | val ATE 3.0408 | best 2.8290 @8 | 21s
Epoch  20/100 | loss 0.03927 | val ATE 3.3813 | best 2.7577 @14 | 42s
Epoch  30/100 | loss 0.03779 | val ATE 2.7144 | best 2.7144 @30 | 64s
Epoch  40/100 | loss 0.03660 | val ATE 2.7998 | best 2.7129 @34 | 86s
Epoch  50/100 | loss 0.03559 | val ATE 2.7388 | best 2.7129 @34 | 107s
Epoch  60/100 | loss 0.03473 | val ATE 3.1080 | best 2.7129 @34 | 128s
Epoch  70/100 | loss 0.03403 | val ATE 2.7733 | best 2.7129 @34 | 148s
Epoch  80/100 | loss 0.03338 | val ATE 2.8671 | best 2.7129 @34 | 168s
Epoch  90/100 | loss 0.03294 | val ATE 2.7611 | best 2.7129 @34 | 188s
Epoch 100/100 | loss 0.03251 | val ATE 2.7880 | best 2.7129 @34 | 209s

best val ATE 2.7129 at epoch 34

==============================================
  FULL  euroc test
==============================================
trajectory           ATE [m]   TDE [%]
--------------------------------------
MH_02_easy             3.100     89.87
MH_04_difficult        3.144    105.65
V1_03_difficult        4.124    105.79
V2_02_medium           0.942     14.58
V1_01_easy             1.513    120.74
--------------------------------------
mean                   2.565     87.33

    FULL  ATE 2.5647  TDE 87.3256
wrote /src/gs25122/MARIO/runs/transfer/euroc_full_n4_s42
