/src/gs25122/miniconda3/envs/mamba/lib/python3.10/site-packages/mamba_ssm/ops/selective_scan_interface.py:164: FutureWarning: `torch.cuda.amp.custom_fwd(args...)` is deprecated. Please use `torch.amp.custom_fwd(args..., device_type='cuda')` instead.
  def forward(ctx, xz, conv1d_weight, conv1d_bias, x_proj_weight, delta_proj_weight,
/src/gs25122/miniconda3/envs/mamba/lib/python3.10/site-packages/mamba_ssm/ops/selective_scan_interface.py:240: FutureWarning: `torch.cuda.amp.custom_bwd(args...)` is deprecated. Please use `torch.amp.custom_bwd(args..., device_type='cuda')` instead.
  def backward(ctx, dout):
/src/gs25122/miniconda3/envs/mamba/lib/python3.10/site-packages/mamba_ssm/ops/triton/layer_norm.py:986: FutureWarning: `torch.cuda.amp.custom_fwd(args...)` is deprecated. Please use `torch.amp.custom_fwd(args..., device_type='cuda')` instead.
  def forward(
/src/gs25122/miniconda3/envs/mamba/lib/python3.10/site-packages/mamba_ssm/ops/triton/layer_norm.py:1045: FutureWarning: `torch.cuda.amp.custom_bwd(args...)` is deprecated. Please use `torch.amp.custom_bwd(args..., device_type='cuda')` instead.
  def backward(ctx, dout, *args):
/src/gs25122/miniconda3/envs/mamba/lib/python3.10/site-packages/mamba_ssm/distributed/tensor_parallel.py:26: FutureWarning: `torch.cuda.amp.custom_fwd(args...)` is deprecated. Please use `torch.amp.custom_fwd(args..., device_type='cuda')` instead.
  def forward(ctx, x, weight, bias, process_group=None, sequence_parallel=True):
/src/gs25122/miniconda3/envs/mamba/lib/python3.10/site-packages/mamba_ssm/distributed/tensor_parallel.py:62: FutureWarning: `torch.cuda.amp.custom_bwd(args...)` is deprecated. Please use `torch.amp.custom_bwd(args..., device_type='cuda')` instead.
  def backward(ctx, grad_output):
/src/gs25122/miniconda3/envs/mamba/lib/python3.10/site-packages/mamba_ssm/ops/triton/ssd_combined.py:758: FutureWarning: `torch.cuda.amp.custom_fwd(args...)` is deprecated. Please use `torch.amp.custom_fwd(args..., device_type='cuda')` instead.
  def forward(ctx, zxbcdt, conv1d_weight, conv1d_bias, dt_bias, A, D, chunk_size, initial_states=None, seq_idx=None, dt_limit=(0.0, float("inf")), return_final_states=False, activation="silu",
/src/gs25122/miniconda3/envs/mamba/lib/python3.10/site-packages/mamba_ssm/ops/triton/ssd_combined.py:836: FutureWarning: `torch.cuda.amp.custom_bwd(args...)` is deprecated. Please use `torch.amp.custom_bwd(args..., device_type='cuda')` instead.
  def backward(ctx, dout, *args):
mode=head  dataset=euroc  seed=2  lr=2.58e-05  epochs=100  align=gravity yaw=185
  V1_02_medium         8350 samples    75.9 m  world-accel [+0.01 -0.00 +9.76]  body-accel [+0.27 -1.07 -9.77]
  V2_03_difficult     11484 samples    86.1 m  world-accel [+0.05 +0.08 +9.78]  body-accel [+0.09 -1.11 -9.80]
  MH_02_easy          14996 samples    73.5 m  world-accel [+0.04 +0.12 +9.75]  body-accel [+0.55 -0.91 -9.61]
  MH_04_difficult      9875 samples    91.7 m  world-accel [+0.10 -0.05 +9.76]  body-accel [+0.31 -1.02 -9.71]
  V1_03_difficult     10465 samples    79.0 m  world-accel [+0.00 -0.05 +9.79]  body-accel [+0.26 -1.10 -9.89]
  V2_02_medium        11544 samples    83.2 m  world-accel [+0.04 +0.11 +9.78]  body-accel [+0.06 -1.07 -9.80]
  V1_01_easy          14470 samples    58.4 m  world-accel [+0.05 -0.08 +9.76]  body-accel [+0.22 -1.06 -9.71]
train sequences (2): V1_02_medium V2_03_difficult
  windows euroc|gravity|185.0|none|V1_02_medium-V2_03_difficult|train: 3821 (cache)
  windows euroc|gravity|185.0|none|V1_02_medium-V2_03_difficult|val: 195 (cache)
trainable: 17,414 / 95,974 (18.1%)
Epoch   1/100 | loss 0.08855 | val ATE 1.9157 | best 1.9157 @1 | 1s
Epoch  10/100 | loss 0.06415 | val ATE 1.6025 | best 1.5947 @9 | 4s
Epoch  20/100 | loss 0.05915 | val ATE 1.5138 | best 1.5138 @20 | 7s
Epoch  30/100 | loss 0.05726 | val ATE 1.5449 | best 1.4921 @27 | 11s
Epoch  40/100 | loss 0.05660 | val ATE 1.5220 | best 1.4921 @27 | 14s
Epoch  50/100 | loss 0.05626 | val ATE 1.5209 | best 1.4921 @27 | 17s
Epoch  60/100 | loss 0.05598 | val ATE 1.5066 | best 1.4921 @27 | 20s
Epoch  70/100 | loss 0.05572 | val ATE 1.5001 | best 1.4921 @27 | 24s
Epoch  80/100 | loss 0.05551 | val ATE 1.4975 | best 1.4755 @79 | 27s
Epoch  90/100 | loss 0.05532 | val ATE 1.4989 | best 1.4755 @79 | 30s
Epoch 100/100 | loss 0.05516 | val ATE 1.5072 | best 1.4755 @79 | 33s

best val ATE 1.4755 at epoch 79

==============================================
  HEAD  euroc test
==============================================
trajectory           ATE [m]   TDE [%]
--------------------------------------
MH_02_easy             2.871     83.22
MH_04_difficult        3.415    114.74
V1_03_difficult        3.776     96.86
V2_02_medium           2.195     33.97
V1_01_easy             3.032    241.91
--------------------------------------
mean                   3.058    114.14

    HEAD  ATE 3.0577  TDE 114.1419
wrote /src/gs25122/MARIO/runs/transfer/euroc_head_n2_s2
