/src/gs25122/miniconda3/envs/mamba/lib/python3.10/site-packages/mamba_ssm/ops/selective_scan_interface.py:164: FutureWarning: `torch.cuda.amp.custom_fwd(args...)` is deprecated. Please use `torch.amp.custom_fwd(args..., device_type='cuda')` instead.
  def forward(ctx, xz, conv1d_weight, conv1d_bias, x_proj_weight, delta_proj_weight,
/src/gs25122/miniconda3/envs/mamba/lib/python3.10/site-packages/mamba_ssm/ops/selective_scan_interface.py:240: FutureWarning: `torch.cuda.amp.custom_bwd(args...)` is deprecated. Please use `torch.amp.custom_bwd(args..., device_type='cuda')` instead.
  def backward(ctx, dout):
/src/gs25122/miniconda3/envs/mamba/lib/python3.10/site-packages/mamba_ssm/ops/triton/layer_norm.py:986: FutureWarning: `torch.cuda.amp.custom_fwd(args...)` is deprecated. Please use `torch.amp.custom_fwd(args..., device_type='cuda')` instead.
  def forward(
/src/gs25122/miniconda3/envs/mamba/lib/python3.10/site-packages/mamba_ssm/ops/triton/layer_norm.py:1045: FutureWarning: `torch.cuda.amp.custom_bwd(args...)` is deprecated. Please use `torch.amp.custom_bwd(args..., device_type='cuda')` instead.
  def backward(ctx, dout, *args):
/src/gs25122/miniconda3/envs/mamba/lib/python3.10/site-packages/mamba_ssm/distributed/tensor_parallel.py:26: FutureWarning: `torch.cuda.amp.custom_fwd(args...)` is deprecated. Please use `torch.amp.custom_fwd(args..., device_type='cuda')` instead.
  def forward(ctx, x, weight, bias, process_group=None, sequence_parallel=True):
/src/gs25122/miniconda3/envs/mamba/lib/python3.10/site-packages/mamba_ssm/distributed/tensor_parallel.py:62: FutureWarning: `torch.cuda.amp.custom_bwd(args...)` is deprecated. Please use `torch.amp.custom_bwd(args..., device_type='cuda')` instead.
  def backward(ctx, grad_output):
/src/gs25122/miniconda3/envs/mamba/lib/python3.10/site-packages/mamba_ssm/ops/triton/ssd_combined.py:758: FutureWarning: `torch.cuda.amp.custom_fwd(args...)` is deprecated. Please use `torch.amp.custom_fwd(args..., device_type='cuda')` instead.
  def forward(ctx, zxbcdt, conv1d_weight, conv1d_bias, dt_bias, A, D, chunk_size, initial_states=None, seq_idx=None, dt_limit=(0.0, float("inf")), return_final_states=False, activation="silu",
/src/gs25122/miniconda3/envs/mamba/lib/python3.10/site-packages/mamba_ssm/ops/triton/ssd_combined.py:836: FutureWarning: `torch.cuda.amp.custom_bwd(args...)` is deprecated. Please use `torch.amp.custom_bwd(args..., device_type='cuda')` instead.
  def backward(ctx, dout, *args):
mode=head  dataset=euroc  seed=3  lr=0.000258  epochs=100  align=gravity yaw=185
  V1_02_medium         8350 samples    75.9 m  world-accel [+0.01 -0.00 +9.76]  body-accel [+0.27 -1.07 -9.77]
  V2_03_difficult     11484 samples    86.1 m  world-accel [+0.05 +0.08 +9.78]  body-accel [+0.09 -1.11 -9.80]
  MH_05_difficult     11105 samples    97.6 m  world-accel [+0.10 -0.03 +9.76]  body-accel [+0.32 -1.06 -9.70]
  MH_01_easy          18190 samples    80.6 m  world-accel [+0.01 +0.12 +9.76]  body-accel [+0.29 -0.96 -9.67]
  V2_01_easy          11200 samples    36.5 m  world-accel [+0.12 +0.08 +9.77]  body-accel [+0.02 -1.11 -9.71]
  MH_03_medium        13150 samples   130.9 m  world-accel [+0.06 +0.04 +9.77]  body-accel [+0.15 -1.04 -9.74]
  MH_02_easy          14996 samples    73.5 m  world-accel [+0.04 +0.12 +9.75]  body-accel [+0.55 -0.91 -9.61]
  MH_04_difficult      9875 samples    91.7 m  world-accel [+0.10 -0.05 +9.76]  body-accel [+0.31 -1.02 -9.71]
  V1_03_difficult     10465 samples    79.0 m  world-accel [+0.00 -0.05 +9.79]  body-accel [+0.26 -1.10 -9.89]
  V2_02_medium        11544 samples    83.2 m  world-accel [+0.04 +0.11 +9.78]  body-accel [+0.06 -1.07 -9.80]
  V1_01_easy          14470 samples    58.4 m  world-accel [+0.05 -0.08 +9.76]  body-accel [+0.22 -1.06 -9.71]
train sequences (6): V1_02_medium V2_03_difficult MH_05_difficult MH_01_easy V2_01_easy MH_03_medium
  windows euroc|gravity|185.0|none|V1_02_medium-V2_03_difficult-MH_05_difficult-MH_01_easy-V2_01_easy-MH_03_medium|train: 15191 (cache)
  windows euroc|gravity|185.0|none|V1_02_medium-V2_03_difficult-MH_05_difficult-MH_01_easy-V2_01_easy-MH_03_medium|val: 865 (cache)
trainable: 17,414 / 95,974 (18.1%)
Epoch   1/100 | loss 0.05875 | val ATE 2.4935 | best 2.4935 @1 | 2s
Epoch  10/100 | loss 0.04710 | val ATE 2.5337 | best 2.4432 @3 | 14s
Epoch  20/100 | loss 0.04695 | val ATE 2.4906 | best 2.4432 @3 | 28s
Epoch  30/100 | loss 0.04690 | val ATE 2.4929 | best 2.4432 @3 | 42s
Epoch  40/100 | loss 0.04686 | val ATE 2.4901 | best 2.4432 @3 | 56s
Epoch  50/100 | loss 0.04683 | val ATE 2.4890 | best 2.4432 @3 | 70s
Epoch  60/100 | loss 0.04679 | val ATE 2.4962 | best 2.4432 @3 | 84s
Epoch  70/100 | loss 0.04675 | val ATE 2.4944 | best 2.4432 @3 | 97s
Epoch  80/100 | loss 0.04672 | val ATE 2.4855 | best 2.4432 @3 | 111s
Epoch  90/100 | loss 0.04669 | val ATE 2.4865 | best 2.4432 @3 | 125s
Epoch 100/100 | loss 0.04666 | val ATE 2.4869 | best 2.4432 @3 | 139s

best val ATE 2.4432 at epoch 3

==============================================
  HEAD  euroc test
==============================================
trajectory           ATE [m]   TDE [%]
--------------------------------------
MH_02_easy             2.089     60.56
MH_04_difficult        1.968     66.12
V1_03_difficult        3.497     89.72
V2_02_medium           0.913     14.14
V1_01_easy             1.741    138.90
--------------------------------------
mean                   2.042     73.89

    HEAD  ATE 2.0417  TDE 73.8871
wrote /src/gs25122/MARIO/runs/transfer/euroc_head_hilr_s3
