/src/gs25122/miniconda3/envs/mamba/lib/python3.10/site-packages/mamba_ssm/ops/selective_scan_interface.py:164: FutureWarning: `torch.cuda.amp.custom_fwd(args...)` is deprecated. Please use `torch.amp.custom_fwd(args..., device_type='cuda')` instead.
  def forward(ctx, xz, conv1d_weight, conv1d_bias, x_proj_weight, delta_proj_weight,
/src/gs25122/miniconda3/envs/mamba/lib/python3.10/site-packages/mamba_ssm/ops/selective_scan_interface.py:240: FutureWarning: `torch.cuda.amp.custom_bwd(args...)` is deprecated. Please use `torch.amp.custom_bwd(args..., device_type='cuda')` instead.
  def backward(ctx, dout):
/src/gs25122/miniconda3/envs/mamba/lib/python3.10/site-packages/mamba_ssm/ops/triton/layer_norm.py:986: FutureWarning: `torch.cuda.amp.custom_fwd(args...)` is deprecated. Please use `torch.amp.custom_fwd(args..., device_type='cuda')` instead.
  def forward(
/src/gs25122/miniconda3/envs/mamba/lib/python3.10/site-packages/mamba_ssm/ops/triton/layer_norm.py:1045: FutureWarning: `torch.cuda.amp.custom_bwd(args...)` is deprecated. Please use `torch.amp.custom_bwd(args..., device_type='cuda')` instead.
  def backward(ctx, dout, *args):
/src/gs25122/miniconda3/envs/mamba/lib/python3.10/site-packages/mamba_ssm/distributed/tensor_parallel.py:26: FutureWarning: `torch.cuda.amp.custom_fwd(args...)` is deprecated. Please use `torch.amp.custom_fwd(args..., device_type='cuda')` instead.
  def forward(ctx, x, weight, bias, process_group=None, sequence_parallel=True):
/src/gs25122/miniconda3/envs/mamba/lib/python3.10/site-packages/mamba_ssm/distributed/tensor_parallel.py:62: FutureWarning: `torch.cuda.amp.custom_bwd(args...)` is deprecated. Please use `torch.amp.custom_bwd(args..., device_type='cuda')` instead.
  def backward(ctx, grad_output):
/src/gs25122/miniconda3/envs/mamba/lib/python3.10/site-packages/mamba_ssm/ops/triton/ssd_combined.py:758: FutureWarning: `torch.cuda.amp.custom_fwd(args...)` is deprecated. Please use `torch.amp.custom_fwd(args..., device_type='cuda')` instead.
  def forward(ctx, zxbcdt, conv1d_weight, conv1d_bias, dt_bias, A, D, chunk_size, initial_states=None, seq_idx=None, dt_limit=(0.0, float("inf")), return_final_states=False, activation="silu",
/src/gs25122/miniconda3/envs/mamba/lib/python3.10/site-packages/mamba_ssm/ops/triton/ssd_combined.py:836: FutureWarning: `torch.cuda.amp.custom_bwd(args...)` is deprecated. Please use `torch.amp.custom_bwd(args..., device_type='cuda')` instead.
  def backward(ctx, dout, *args):
mode=trunk  dataset=euroc  seed=2  lr=0.000258  epochs=100  align=gravity yaw=185
  V1_02_medium         8350 samples    75.9 m  world-accel [+0.01 -0.00 +9.76]  body-accel [+0.27 -1.07 -9.77]
  V2_03_difficult     11484 samples    86.1 m  world-accel [+0.05 +0.08 +9.78]  body-accel [+0.09 -1.11 -9.80]
  MH_05_difficult     11105 samples    97.6 m  world-accel [+0.10 -0.03 +9.76]  body-accel [+0.32 -1.06 -9.70]
  MH_01_easy          18190 samples    80.6 m  world-accel [+0.01 +0.12 +9.76]  body-accel [+0.29 -0.96 -9.67]
  V2_01_easy          11200 samples    36.5 m  world-accel [+0.12 +0.08 +9.77]  body-accel [+0.02 -1.11 -9.71]
  MH_03_medium        13150 samples   130.9 m  world-accel [+0.06 +0.04 +9.77]  body-accel [+0.15 -1.04 -9.74]
  MH_02_easy          14996 samples    73.5 m  world-accel [+0.04 +0.12 +9.75]  body-accel [+0.55 -0.91 -9.61]
  MH_04_difficult      9875 samples    91.7 m  world-accel [+0.10 -0.05 +9.76]  body-accel [+0.31 -1.02 -9.71]
  V1_03_difficult     10465 samples    79.0 m  world-accel [+0.00 -0.05 +9.79]  body-accel [+0.26 -1.10 -9.89]
  V2_02_medium        11544 samples    83.2 m  world-accel [+0.04 +0.11 +9.78]  body-accel [+0.06 -1.07 -9.80]
  V1_01_easy          14470 samples    58.4 m  world-accel [+0.05 -0.08 +9.76]  body-accel [+0.22 -1.06 -9.71]
train sequences (6): V1_02_medium V2_03_difficult MH_05_difficult MH_01_easy V2_01_easy MH_03_medium
  windows euroc|gravity|185.0|none|V1_02_medium-V2_03_difficult-MH_05_difficult-MH_01_easy-V2_01_easy-MH_03_medium|train: 15191 (cache)
  windows euroc|gravity|185.0|none|V1_02_medium-V2_03_difficult-MH_05_difficult-MH_01_easy-V2_01_easy-MH_03_medium|val: 865 (cache)
trainable: 49,414 / 95,974 (51.5%)
Epoch   1/100 | loss 1.74002 | val ATE 2.6736 | best 2.6736 @1 | 3s
Epoch  10/100 | loss 0.03822 | val ATE 2.5243 | best 2.5243 @10 | 24s
Epoch  20/100 | loss 0.03645 | val ATE 2.5621 | best 2.5243 @10 | 48s
Epoch  30/100 | loss 0.03612 | val ATE 2.5575 | best 2.5243 @10 | 72s
Epoch  40/100 | loss 0.03603 | val ATE 2.5884 | best 2.5243 @10 | 94s
Epoch  50/100 | loss 0.03595 | val ATE 2.5633 | best 2.5243 @10 | 118s
Epoch  60/100 | loss 0.03584 | val ATE 2.5763 | best 2.5243 @10 | 141s
Epoch  70/100 | loss 0.03582 | val ATE 2.5894 | best 2.5243 @10 | 164s
Epoch  80/100 | loss 0.03571 | val ATE 2.5799 | best 2.5243 @10 | 187s
Epoch  90/100 | loss 0.03561 | val ATE 2.5785 | best 2.5243 @10 | 210s
Epoch 100/100 | loss 0.03563 | val ATE 2.5812 | best 2.5243 @10 | 234s

best val ATE 2.5243 at epoch 10

==============================================
  TRUNK  euroc test
==============================================
trajectory           ATE [m]   TDE [%]
--------------------------------------
MH_02_easy             1.334     38.68
MH_04_difficult        2.972     99.87
V1_03_difficult        4.862    124.74
V2_02_medium           0.988     15.29
V1_01_easy             1.924    153.54
--------------------------------------
mean                   2.416     86.42

   TRUNK  ATE 2.4162  TDE 86.4238
wrote /src/gs25122/MARIO/runs/transfer/euroc_trunk_hilr_s2
