/src/gs25122/miniconda3/envs/mamba/lib/python3.10/site-packages/mamba_ssm/ops/selective_scan_interface.py:164: FutureWarning: `torch.cuda.amp.custom_fwd(args...)` is deprecated. Please use `torch.amp.custom_fwd(args..., device_type='cuda')` instead.
  def forward(ctx, xz, conv1d_weight, conv1d_bias, x_proj_weight, delta_proj_weight,
/src/gs25122/miniconda3/envs/mamba/lib/python3.10/site-packages/mamba_ssm/ops/selective_scan_interface.py:240: FutureWarning: `torch.cuda.amp.custom_bwd(args...)` is deprecated. Please use `torch.amp.custom_bwd(args..., device_type='cuda')` instead.
  def backward(ctx, dout):
/src/gs25122/miniconda3/envs/mamba/lib/python3.10/site-packages/mamba_ssm/ops/triton/layer_norm.py:986: FutureWarning: `torch.cuda.amp.custom_fwd(args...)` is deprecated. Please use `torch.amp.custom_fwd(args..., device_type='cuda')` instead.
  def forward(
/src/gs25122/miniconda3/envs/mamba/lib/python3.10/site-packages/mamba_ssm/ops/triton/layer_norm.py:1045: FutureWarning: `torch.cuda.amp.custom_bwd(args...)` is deprecated. Please use `torch.amp.custom_bwd(args..., device_type='cuda')` instead.
  def backward(ctx, dout, *args):
/src/gs25122/miniconda3/envs/mamba/lib/python3.10/site-packages/mamba_ssm/distributed/tensor_parallel.py:26: FutureWarning: `torch.cuda.amp.custom_fwd(args...)` is deprecated. Please use `torch.amp.custom_fwd(args..., device_type='cuda')` instead.
  def forward(ctx, x, weight, bias, process_group=None, sequence_parallel=True):
/src/gs25122/miniconda3/envs/mamba/lib/python3.10/site-packages/mamba_ssm/distributed/tensor_parallel.py:62: FutureWarning: `torch.cuda.amp.custom_bwd(args...)` is deprecated. Please use `torch.amp.custom_bwd(args..., device_type='cuda')` instead.
  def backward(ctx, grad_output):
/src/gs25122/miniconda3/envs/mamba/lib/python3.10/site-packages/mamba_ssm/ops/triton/ssd_combined.py:758: FutureWarning: `torch.cuda.amp.custom_fwd(args...)` is deprecated. Please use `torch.amp.custom_fwd(args..., device_type='cuda')` instead.
  def forward(ctx, zxbcdt, conv1d_weight, conv1d_bias, dt_bias, A, D, chunk_size, initial_states=None, seq_idx=None, dt_limit=(0.0, float("inf")), return_final_states=False, activation="silu",
/src/gs25122/miniconda3/envs/mamba/lib/python3.10/site-packages/mamba_ssm/ops/triton/ssd_combined.py:836: FutureWarning: `torch.cuda.amp.custom_bwd(args...)` is deprecated. Please use `torch.amp.custom_bwd(args..., device_type='cuda')` instead.
  def backward(ctx, dout, *args):
mode=scratch  dataset=euroc  seed=3  lr=0.000258  epochs=100  align=gravity yaw=185
  V1_02_medium         8350 samples    75.9 m  world-accel [+0.01 -0.00 +9.76]  body-accel [+0.27 -1.07 -9.77]
  V2_03_difficult     11484 samples    86.1 m  world-accel [+0.05 +0.08 +9.78]  body-accel [+0.09 -1.11 -9.80]
  MH_02_easy          14996 samples    73.5 m  world-accel [+0.04 +0.12 +9.75]  body-accel [+0.55 -0.91 -9.61]
  MH_04_difficult      9875 samples    91.7 m  world-accel [+0.10 -0.05 +9.76]  body-accel [+0.31 -1.02 -9.71]
  V1_03_difficult     10465 samples    79.0 m  world-accel [+0.00 -0.05 +9.79]  body-accel [+0.26 -1.10 -9.89]
  V2_02_medium        11544 samples    83.2 m  world-accel [+0.04 +0.11 +9.78]  body-accel [+0.06 -1.07 -9.80]
  V1_01_easy          14470 samples    58.4 m  world-accel [+0.05 -0.08 +9.76]  body-accel [+0.22 -1.06 -9.71]
train sequences (2): V1_02_medium V2_03_difficult
  windows euroc|gravity|185.0|none|V1_02_medium-V2_03_difficult|train: 3821 (cache)
  windows euroc|gravity|185.0|none|V1_02_medium-V2_03_difficult|val: 195 (cache)
trainable: 95,974 / 95,974 (100.0%)
Epoch   1/100 | loss 0.11761 | val ATE 3.0314 | best 3.0314 @1 | 2s
Epoch  10/100 | loss 0.03981 | val ATE 1.7002 | best 1.7002 @10 | 9s
Epoch  20/100 | loss 0.02890 | val ATE 1.2797 | best 1.1970 @16 | 17s
Epoch  30/100 | loss 0.02604 | val ATE 1.3349 | best 1.1970 @16 | 25s
Epoch  40/100 | loss 0.02587 | val ATE 1.3487 | best 1.1970 @16 | 33s
Epoch  50/100 | loss 0.02558 | val ATE 1.3332 | best 1.1970 @16 | 41s
Epoch  60/100 | loss 0.02544 | val ATE 1.3359 | best 1.1970 @16 | 49s
Epoch  70/100 | loss 0.02528 | val ATE 1.3071 | best 1.1970 @16 | 57s
Epoch  80/100 | loss 0.02498 | val ATE 1.3262 | best 1.1970 @16 | 64s
Epoch  90/100 | loss 0.02485 | val ATE 1.2778 | best 1.1970 @16 | 72s
Epoch 100/100 | loss 0.02464 | val ATE 1.3782 | best 1.1970 @16 | 80s

best val ATE 1.1970 at epoch 16

==============================================
  SCRATCH  euroc test
==============================================
trajectory           ATE [m]   TDE [%]
--------------------------------------
MH_02_easy             5.249    152.17
MH_04_difficult        4.171    140.15
V1_03_difficult        5.375    137.88
V2_02_medium           1.507     23.32
V1_01_easy             5.143    410.33
--------------------------------------
mean                   4.289    172.77

 SCRATCH  ATE 4.2890  TDE 172.7714
wrote /src/gs25122/MARIO/runs/transfer/euroc_scratch_n2_s3
