/src/gs25122/miniconda3/envs/mamba/lib/python3.10/site-packages/mamba_ssm/ops/selective_scan_interface.py:164: FutureWarning: `torch.cuda.amp.custom_fwd(args...)` is deprecated. Please use `torch.amp.custom_fwd(args..., device_type='cuda')` instead.
  def forward(ctx, xz, conv1d_weight, conv1d_bias, x_proj_weight, delta_proj_weight,
/src/gs25122/miniconda3/envs/mamba/lib/python3.10/site-packages/mamba_ssm/ops/selective_scan_interface.py:240: FutureWarning: `torch.cuda.amp.custom_bwd(args...)` is deprecated. Please use `torch.amp.custom_bwd(args..., device_type='cuda')` instead.
  def backward(ctx, dout):
/src/gs25122/miniconda3/envs/mamba/lib/python3.10/site-packages/mamba_ssm/ops/triton/layer_norm.py:986: FutureWarning: `torch.cuda.amp.custom_fwd(args...)` is deprecated. Please use `torch.amp.custom_fwd(args..., device_type='cuda')` instead.
  def forward(
/src/gs25122/miniconda3/envs/mamba/lib/python3.10/site-packages/mamba_ssm/ops/triton/layer_norm.py:1045: FutureWarning: `torch.cuda.amp.custom_bwd(args...)` is deprecated. Please use `torch.amp.custom_bwd(args..., device_type='cuda')` instead.
  def backward(ctx, dout, *args):
/src/gs25122/miniconda3/envs/mamba/lib/python3.10/site-packages/mamba_ssm/distributed/tensor_parallel.py:26: FutureWarning: `torch.cuda.amp.custom_fwd(args...)` is deprecated. Please use `torch.amp.custom_fwd(args..., device_type='cuda')` instead.
  def forward(ctx, x, weight, bias, process_group=None, sequence_parallel=True):
/src/gs25122/miniconda3/envs/mamba/lib/python3.10/site-packages/mamba_ssm/distributed/tensor_parallel.py:62: FutureWarning: `torch.cuda.amp.custom_bwd(args...)` is deprecated. Please use `torch.amp.custom_bwd(args..., device_type='cuda')` instead.
  def backward(ctx, grad_output):
/src/gs25122/miniconda3/envs/mamba/lib/python3.10/site-packages/mamba_ssm/ops/triton/ssd_combined.py:758: FutureWarning: `torch.cuda.amp.custom_fwd(args...)` is deprecated. Please use `torch.amp.custom_fwd(args..., device_type='cuda')` instead.
  def forward(ctx, zxbcdt, conv1d_weight, conv1d_bias, dt_bias, A, D, chunk_size, initial_states=None, seq_idx=None, dt_limit=(0.0, float("inf")), return_final_states=False, activation="silu",
/src/gs25122/miniconda3/envs/mamba/lib/python3.10/site-packages/mamba_ssm/ops/triton/ssd_combined.py:836: FutureWarning: `torch.cuda.amp.custom_bwd(args...)` is deprecated. Please use `torch.amp.custom_bwd(args..., device_type='cuda')` instead.
  def backward(ctx, dout, *args):
mode=full  dataset=euroc  seed=1  lr=2.58e-05  epochs=100  align=gravity yaw=185
  V1_02_medium         8350 samples    75.9 m  world-accel [+0.01 -0.00 +9.76]  body-accel [+0.27 -1.07 -9.77]
  MH_02_easy          14996 samples    73.5 m  world-accel [+0.04 +0.12 +9.75]  body-accel [+0.55 -0.91 -9.61]
  MH_04_difficult      9875 samples    91.7 m  world-accel [+0.10 -0.05 +9.76]  body-accel [+0.31 -1.02 -9.71]
  V1_03_difficult     10465 samples    79.0 m  world-accel [+0.00 -0.05 +9.79]  body-accel [+0.26 -1.10 -9.89]
  V2_02_medium        11544 samples    83.2 m  world-accel [+0.04 +0.11 +9.78]  body-accel [+0.06 -1.07 -9.80]
  V1_01_easy          14470 samples    58.4 m  world-accel [+0.05 -0.08 +9.76]  body-accel [+0.22 -1.06 -9.71]
train sequences (1): V1_02_medium
  windows euroc|gravity|185.0|none|V1_02_medium|train: 1493 (cache)
  windows euroc|gravity|185.0|none|V1_02_medium|val: 66 (cache)
trainable: 95,974 / 95,974 (100.0%)
Epoch   1/100 | loss 0.26397 | val ATE 3.7040 | best 3.7040 @1 | 1s
Epoch  10/100 | loss 0.12878 | val ATE 3.5440 | best 3.5440 @10 | 4s
Epoch  20/100 | loss 0.09254 | val ATE 1.8984 | best 1.8984 @20 | 7s
Epoch  30/100 | loss 0.07120 | val ATE 1.0854 | best 1.0463 @29 | 10s
Epoch  40/100 | loss 0.05932 | val ATE 1.0270 | best 0.9162 @32 | 13s
Epoch  50/100 | loss 0.05231 | val ATE 1.2958 | best 0.9162 @32 | 16s
Epoch  60/100 | loss 0.04804 | val ATE 1.7704 | best 0.9162 @32 | 18s
Epoch  70/100 | loss 0.04529 | val ATE 1.5606 | best 0.9162 @32 | 20s
Epoch  80/100 | loss 0.04299 | val ATE 1.3593 | best 0.9162 @32 | 23s
Epoch  90/100 | loss 0.04118 | val ATE 1.4285 | best 0.9162 @32 | 26s
Epoch 100/100 | loss 0.03950 | val ATE 1.5168 | best 0.9162 @32 | 29s

best val ATE 0.9162 at epoch 32

==============================================
  FULL  euroc test
==============================================
trajectory           ATE [m]   TDE [%]
--------------------------------------
MH_02_easy            17.180    498.03
MH_04_difficult       15.677    526.75
V1_03_difficult        3.696     94.82
V2_02_medium           2.201     34.07
V1_01_easy             5.483    437.52
--------------------------------------
mean                   8.848    318.24

    FULL  ATE 8.8477  TDE 318.2389
wrote /src/gs25122/MARIO/runs/transfer/euroc_full_n1_s1
