/src/gs25122/miniconda3/envs/mamba/lib/python3.10/site-packages/mamba_ssm/ops/selective_scan_interface.py:164: FutureWarning: `torch.cuda.amp.custom_fwd(args...)` is deprecated. Please use `torch.amp.custom_fwd(args..., device_type='cuda')` instead.
  def forward(ctx, xz, conv1d_weight, conv1d_bias, x_proj_weight, delta_proj_weight,
/src/gs25122/miniconda3/envs/mamba/lib/python3.10/site-packages/mamba_ssm/ops/selective_scan_interface.py:240: FutureWarning: `torch.cuda.amp.custom_bwd(args...)` is deprecated. Please use `torch.amp.custom_bwd(args..., device_type='cuda')` instead.
  def backward(ctx, dout):
/src/gs25122/miniconda3/envs/mamba/lib/python3.10/site-packages/mamba_ssm/ops/triton/layer_norm.py:986: FutureWarning: `torch.cuda.amp.custom_fwd(args...)` is deprecated. Please use `torch.amp.custom_fwd(args..., device_type='cuda')` instead.
  def forward(
/src/gs25122/miniconda3/envs/mamba/lib/python3.10/site-packages/mamba_ssm/ops/triton/layer_norm.py:1045: FutureWarning: `torch.cuda.amp.custom_bwd(args...)` is deprecated. Please use `torch.amp.custom_bwd(args..., device_type='cuda')` instead.
  def backward(ctx, dout, *args):
/src/gs25122/miniconda3/envs/mamba/lib/python3.10/site-packages/mamba_ssm/distributed/tensor_parallel.py:26: FutureWarning: `torch.cuda.amp.custom_fwd(args...)` is deprecated. Please use `torch.amp.custom_fwd(args..., device_type='cuda')` instead.
  def forward(ctx, x, weight, bias, process_group=None, sequence_parallel=True):
/src/gs25122/miniconda3/envs/mamba/lib/python3.10/site-packages/mamba_ssm/distributed/tensor_parallel.py:62: FutureWarning: `torch.cuda.amp.custom_bwd(args...)` is deprecated. Please use `torch.amp.custom_bwd(args..., device_type='cuda')` instead.
  def backward(ctx, grad_output):
/src/gs25122/miniconda3/envs/mamba/lib/python3.10/site-packages/mamba_ssm/ops/triton/ssd_combined.py:758: FutureWarning: `torch.cuda.amp.custom_fwd(args...)` is deprecated. Please use `torch.amp.custom_fwd(args..., device_type='cuda')` instead.
  def forward(ctx, zxbcdt, conv1d_weight, conv1d_bias, dt_bias, A, D, chunk_size, initial_states=None, seq_idx=None, dt_limit=(0.0, float("inf")), return_final_states=False, activation="silu",
/src/gs25122/miniconda3/envs/mamba/lib/python3.10/site-packages/mamba_ssm/ops/triton/ssd_combined.py:836: FutureWarning: `torch.cuda.amp.custom_bwd(args...)` is deprecated. Please use `torch.amp.custom_bwd(args..., device_type='cuda')` instead.
  def backward(ctx, dout, *args):
mode=full  dataset=our2  seed=3  lr=2.58e-05  epochs=100  align=gravity yaw=180
  circle/spd_1             6412 samples    53.6 m
  circle/spd_3             6486 samples    47.7 m
  eight/spd_1              5962 samples    48.0 m
  eight/spd_3              5955 samples    86.8 m
  updown_circle/spd_1      7140 samples    61.1 m
  updown_circle/spd_3      6573 samples    47.9 m
  random/spd_1             8216 samples    29.2 m
  random/spd_3             8281 samples    70.6 m
  updown_eight/spd_1       6193 samples    47.8 m
  updown_eight/spd_3       6278 samples    69.9 m
train sequences (6): circle/spd_1 circle/spd_3 eight/spd_1 eight/spd_3 updown_circle/spd_1 updown_circle/spd_3
  windows our2|gravity|180.0|none|circle/spd_1-circle/spd_3-eight/spd_1-eight/spd_3-updown_circle/spd_1-updown_circle/spd_3|train: 5870 (cache)
  windows our2|gravity|180.0|none|circle/spd_1-circle/spd_3-eight/spd_1-eight/spd_3-updown_circle/spd_1-updown_circle/spd_3|val: 168 (cache)
trainable: 95,974 / 95,974 (100.0%)
Epoch   1/100 | loss 0.20003 | val ATE 11.3312 | best 11.3312 @1 | 2s
Epoch  10/100 | loss 0.02333 | val ATE 1.3791 | best 0.9132 @8 | 13s
Epoch  20/100 | loss 0.01714 | val ATE 4.8854 | best 0.6655 @17 | 25s
Epoch  30/100 | loss 0.01584 | val ATE 0.8983 | best 0.6655 @17 | 38s
Epoch  40/100 | loss 0.01523 | val ATE 0.9788 | best 0.5887 @31 | 51s
Epoch  50/100 | loss 0.01478 | val ATE 0.5672 | best 0.5198 @48 | 63s
Epoch  60/100 | loss 0.01433 | val ATE 0.7308 | best 0.5198 @48 | 76s
Epoch  70/100 | loss 0.01403 | val ATE 1.4655 | best 0.5087 @62 | 88s
Epoch  80/100 | loss 0.01370 | val ATE 0.7935 | best 0.5087 @62 | 100s
Epoch  90/100 | loss 0.01350 | val ATE 1.0285 | best 0.5087 @62 | 111s
Epoch 100/100 | loss 0.01325 | val ATE 0.5445 | best 0.5087 @62 | 123s

best val ATE 0.5087 at epoch 62

==============================================
  FULL  our2 test
==============================================
trajectory           ATE [m]   TDE [%]
--------------------------------------
random/spd_1           3.161     84.21
random/spd_3           3.501     39.11
updown_eight/spd_1     0.986     16.81
updown_eight/spd_3     1.030     16.77
--------------------------------------
mean                   2.170     39.23

    FULL  ATE 2.1697  TDE 39.2259
wrote /src/gs25122/MARIO/runs/transfer/our2_full_n6_s3
