/src/gs25122/miniconda3/envs/mamba/lib/python3.10/site-packages/mamba_ssm/ops/selective_scan_interface.py:164: FutureWarning: `torch.cuda.amp.custom_fwd(args...)` is deprecated. Please use `torch.amp.custom_fwd(args..., device_type='cuda')` instead.
  def forward(ctx, xz, conv1d_weight, conv1d_bias, x_proj_weight, delta_proj_weight,
/src/gs25122/miniconda3/envs/mamba/lib/python3.10/site-packages/mamba_ssm/ops/selective_scan_interface.py:240: FutureWarning: `torch.cuda.amp.custom_bwd(args...)` is deprecated. Please use `torch.amp.custom_bwd(args..., device_type='cuda')` instead.
  def backward(ctx, dout):
/src/gs25122/miniconda3/envs/mamba/lib/python3.10/site-packages/mamba_ssm/ops/triton/layer_norm.py:986: FutureWarning: `torch.cuda.amp.custom_fwd(args...)` is deprecated. Please use `torch.amp.custom_fwd(args..., device_type='cuda')` instead.
  def forward(
/src/gs25122/miniconda3/envs/mamba/lib/python3.10/site-packages/mamba_ssm/ops/triton/layer_norm.py:1045: FutureWarning: `torch.cuda.amp.custom_bwd(args...)` is deprecated. Please use `torch.amp.custom_bwd(args..., device_type='cuda')` instead.
  def backward(ctx, dout, *args):
/src/gs25122/miniconda3/envs/mamba/lib/python3.10/site-packages/mamba_ssm/distributed/tensor_parallel.py:26: FutureWarning: `torch.cuda.amp.custom_fwd(args...)` is deprecated. Please use `torch.amp.custom_fwd(args..., device_type='cuda')` instead.
  def forward(ctx, x, weight, bias, process_group=None, sequence_parallel=True):
/src/gs25122/miniconda3/envs/mamba/lib/python3.10/site-packages/mamba_ssm/distributed/tensor_parallel.py:62: FutureWarning: `torch.cuda.amp.custom_bwd(args...)` is deprecated. Please use `torch.amp.custom_bwd(args..., device_type='cuda')` instead.
  def backward(ctx, grad_output):
/src/gs25122/miniconda3/envs/mamba/lib/python3.10/site-packages/mamba_ssm/ops/triton/ssd_combined.py:758: FutureWarning: `torch.cuda.amp.custom_fwd(args...)` is deprecated. Please use `torch.amp.custom_fwd(args..., device_type='cuda')` instead.
  def forward(ctx, zxbcdt, conv1d_weight, conv1d_bias, dt_bias, A, D, chunk_size, initial_states=None, seq_idx=None, dt_limit=(0.0, float("inf")), return_final_states=False, activation="silu",
/src/gs25122/miniconda3/envs/mamba/lib/python3.10/site-packages/mamba_ssm/ops/triton/ssd_combined.py:836: FutureWarning: `torch.cuda.amp.custom_bwd(args...)` is deprecated. Please use `torch.amp.custom_bwd(args..., device_type='cuda')` instead.
  def backward(ctx, dout, *args):
mode=scratch  dataset=our2  seed=1  lr=0.000258  epochs=100  align=gravity yaw=180
  circle/spd_1             6412 samples    53.6 m
  circle/spd_3             6486 samples    47.7 m
  random/spd_1             8216 samples    29.2 m
  random/spd_3             8281 samples    70.6 m
  updown_eight/spd_1       6193 samples    47.8 m
  updown_eight/spd_3       6278 samples    69.9 m
train sequences (2): circle/spd_1 circle/spd_3
  windows our2|gravity|180.0|rotor|circle/spd_1-circle/spd_3|train: 1971 (built)
  windows our2|gravity|180.0|rotor|circle/spd_1-circle/spd_3|val: 57 (cache)
trainable: 95,974 / 95,974 (100.0%)
Epoch   1/100 | loss 0.12444 | val ATE 5.1321 | best 5.1321 @1 | 1s
Epoch  10/100 | loss 0.01518 | val ATE 0.3584 | best 0.3584 @10 | 5s
Epoch  20/100 | loss 0.01081 | val ATE 0.4596 | best 0.3584 @10 | 9s
Epoch  30/100 | loss 0.01045 | val ATE 0.4589 | best 0.3584 @10 | 13s
Epoch  40/100 | loss 0.01034 | val ATE 0.4969 | best 0.3584 @10 | 18s
Epoch  50/100 | loss 0.01004 | val ATE 0.4537 | best 0.3584 @10 | 22s
Epoch  60/100 | loss 0.01002 | val ATE 0.4411 | best 0.3584 @10 | 26s
Epoch  70/100 | loss 0.00982 | val ATE 0.4538 | best 0.3584 @10 | 30s
Epoch  80/100 | loss 0.00961 | val ATE 0.4752 | best 0.3584 @10 | 34s
Epoch  90/100 | loss 0.00953 | val ATE 0.4498 | best 0.3584 @10 | 39s
Epoch 100/100 | loss 0.00934 | val ATE 0.4443 | best 0.3584 @10 | 43s

best val ATE 0.3584 at epoch 10

==============================================
  SCRATCH  our2 test
==============================================
trajectory           ATE [m]   TDE [%]
--------------------------------------
random/spd_1           1.596     42.52
random/spd_3           1.351     15.09
updown_eight/spd_1     1.681     28.65
updown_eight/spd_3     1.058     17.23
--------------------------------------
mean                   1.422     25.87

 SCRATCH  ATE 1.4217  TDE 25.8743
wrote /src/gs25122/MARIO/runs/transfer/our2_scratch_n2_rotor_s1
