/src/gs25122/miniconda3/envs/mamba/lib/python3.10/site-packages/mamba_ssm/ops/selective_scan_interface.py:164: FutureWarning: `torch.cuda.amp.custom_fwd(args...)` is deprecated. Please use `torch.amp.custom_fwd(args..., device_type='cuda')` instead.
  def forward(ctx, xz, conv1d_weight, conv1d_bias, x_proj_weight, delta_proj_weight,
/src/gs25122/miniconda3/envs/mamba/lib/python3.10/site-packages/mamba_ssm/ops/selective_scan_interface.py:240: FutureWarning: `torch.cuda.amp.custom_bwd(args...)` is deprecated. Please use `torch.amp.custom_bwd(args..., device_type='cuda')` instead.
  def backward(ctx, dout):
/src/gs25122/miniconda3/envs/mamba/lib/python3.10/site-packages/mamba_ssm/ops/triton/layer_norm.py:986: FutureWarning: `torch.cuda.amp.custom_fwd(args...)` is deprecated. Please use `torch.amp.custom_fwd(args..., device_type='cuda')` instead.
  def forward(
/src/gs25122/miniconda3/envs/mamba/lib/python3.10/site-packages/mamba_ssm/ops/triton/layer_norm.py:1045: FutureWarning: `torch.cuda.amp.custom_bwd(args...)` is deprecated. Please use `torch.amp.custom_bwd(args..., device_type='cuda')` instead.
  def backward(ctx, dout, *args):
/src/gs25122/miniconda3/envs/mamba/lib/python3.10/site-packages/mamba_ssm/distributed/tensor_parallel.py:26: FutureWarning: `torch.cuda.amp.custom_fwd(args...)` is deprecated. Please use `torch.amp.custom_fwd(args..., device_type='cuda')` instead.
  def forward(ctx, x, weight, bias, process_group=None, sequence_parallel=True):
/src/gs25122/miniconda3/envs/mamba/lib/python3.10/site-packages/mamba_ssm/distributed/tensor_parallel.py:62: FutureWarning: `torch.cuda.amp.custom_bwd(args...)` is deprecated. Please use `torch.amp.custom_bwd(args..., device_type='cuda')` instead.
  def backward(ctx, grad_output):
/src/gs25122/miniconda3/envs/mamba/lib/python3.10/site-packages/mamba_ssm/ops/triton/ssd_combined.py:758: FutureWarning: `torch.cuda.amp.custom_fwd(args...)` is deprecated. Please use `torch.amp.custom_fwd(args..., device_type='cuda')` instead.
  def forward(ctx, zxbcdt, conv1d_weight, conv1d_bias, dt_bias, A, D, chunk_size, initial_states=None, seq_idx=None, dt_limit=(0.0, float("inf")), return_final_states=False, activation="silu",
/src/gs25122/miniconda3/envs/mamba/lib/python3.10/site-packages/mamba_ssm/ops/triton/ssd_combined.py:836: FutureWarning: `torch.cuda.amp.custom_bwd(args...)` is deprecated. Please use `torch.amp.custom_bwd(args..., device_type='cuda')` instead.
  def backward(ctx, dout, *args):
mode=scratch  dataset=our2  seed=42  lr=0.000258  epochs=100  align=gravity yaw=180
  circle/spd_1             6412 samples    53.6 m
  random/spd_1             8216 samples    29.2 m
  random/spd_3             8281 samples    70.6 m
  updown_eight/spd_1       6193 samples    47.8 m
  updown_eight/spd_3       6278 samples    69.9 m
train sequences (1): circle/spd_1
  windows our2|gravity|180.0|none|circle/spd_1|train: 976 (cache)
  windows our2|gravity|180.0|none|circle/spd_1|val: 28 (cache)
trainable: 95,974 / 95,974 (100.0%)
Epoch   1/100 | loss 0.14979 | val ATE 2.6857 | best 2.6857 @1 | 1s
Epoch  10/100 | loss 0.02341 | val ATE 1.9519 | best 0.7137 @5 | 3s
Epoch  20/100 | loss 0.01976 | val ATE 1.3039 | best 0.7137 @5 | 5s
Epoch  30/100 | loss 0.01937 | val ATE 1.2635 | best 0.7137 @5 | 7s
Epoch  40/100 | loss 0.01883 | val ATE 1.2291 | best 0.7137 @5 | 9s
Epoch  50/100 | loss 0.01831 | val ATE 1.1752 | best 0.7137 @5 | 11s
Epoch  60/100 | loss 0.01781 | val ATE 1.1335 | best 0.7137 @5 | 13s
Epoch  70/100 | loss 0.01750 | val ATE 1.1363 | best 0.7137 @5 | 15s
Epoch  80/100 | loss 0.01691 | val ATE 1.0683 | best 0.7137 @5 | 17s
Epoch  90/100 | loss 0.01671 | val ATE 1.0093 | best 0.7137 @5 | 19s
Epoch 100/100 | loss 0.01606 | val ATE 0.9926 | best 0.7137 @5 | 21s

best val ATE 0.7137 at epoch 5

==============================================
  SCRATCH  our2 test
==============================================
trajectory           ATE [m]   TDE [%]
--------------------------------------
random/spd_1           1.344     35.80
random/spd_3           3.052     34.10
updown_eight/spd_1     0.985     16.78
updown_eight/spd_3     1.325     21.57
--------------------------------------
mean                   1.676     27.06

 SCRATCH  ATE 1.6765  TDE 27.0631
wrote /src/gs25122/MARIO/runs/transfer/our2_scratch_n1_s42
