/src/gs25122/miniconda3/envs/mamba/lib/python3.10/site-packages/mamba_ssm/ops/selective_scan_interface.py:164: FutureWarning: `torch.cuda.amp.custom_fwd(args...)` is deprecated. Please use `torch.amp.custom_fwd(args..., device_type='cuda')` instead.
  def forward(ctx, xz, conv1d_weight, conv1d_bias, x_proj_weight, delta_proj_weight,
/src/gs25122/miniconda3/envs/mamba/lib/python3.10/site-packages/mamba_ssm/ops/selective_scan_interface.py:240: FutureWarning: `torch.cuda.amp.custom_bwd(args...)` is deprecated. Please use `torch.amp.custom_bwd(args..., device_type='cuda')` instead.
  def backward(ctx, dout):
/src/gs25122/miniconda3/envs/mamba/lib/python3.10/site-packages/mamba_ssm/ops/triton/layer_norm.py:986: FutureWarning: `torch.cuda.amp.custom_fwd(args...)` is deprecated. Please use `torch.amp.custom_fwd(args..., device_type='cuda')` instead.
  def forward(
/src/gs25122/miniconda3/envs/mamba/lib/python3.10/site-packages/mamba_ssm/ops/triton/layer_norm.py:1045: FutureWarning: `torch.cuda.amp.custom_bwd(args...)` is deprecated. Please use `torch.amp.custom_bwd(args..., device_type='cuda')` instead.
  def backward(ctx, dout, *args):
/src/gs25122/miniconda3/envs/mamba/lib/python3.10/site-packages/mamba_ssm/distributed/tensor_parallel.py:26: FutureWarning: `torch.cuda.amp.custom_fwd(args...)` is deprecated. Please use `torch.amp.custom_fwd(args..., device_type='cuda')` instead.
  def forward(ctx, x, weight, bias, process_group=None, sequence_parallel=True):
/src/gs25122/miniconda3/envs/mamba/lib/python3.10/site-packages/mamba_ssm/distributed/tensor_parallel.py:62: FutureWarning: `torch.cuda.amp.custom_bwd(args...)` is deprecated. Please use `torch.amp.custom_bwd(args..., device_type='cuda')` instead.
  def backward(ctx, grad_output):
/src/gs25122/miniconda3/envs/mamba/lib/python3.10/site-packages/mamba_ssm/ops/triton/ssd_combined.py:758: FutureWarning: `torch.cuda.amp.custom_fwd(args...)` is deprecated. Please use `torch.amp.custom_fwd(args..., device_type='cuda')` instead.
  def forward(ctx, zxbcdt, conv1d_weight, conv1d_bias, dt_bias, A, D, chunk_size, initial_states=None, seq_idx=None, dt_limit=(0.0, float("inf")), return_final_states=False, activation="silu",
/src/gs25122/miniconda3/envs/mamba/lib/python3.10/site-packages/mamba_ssm/ops/triton/ssd_combined.py:836: FutureWarning: `torch.cuda.amp.custom_bwd(args...)` is deprecated. Please use `torch.amp.custom_bwd(args..., device_type='cuda')` instead.
  def backward(ctx, dout, *args):
mode=scratch  dataset=our2  seed=1  lr=0.000258  epochs=100  align=gravity yaw=180
  circle/spd_1             6412 samples    53.6 m
  circle/spd_3             6486 samples    47.7 m
  eight/spd_1              5962 samples    48.0 m
  eight/spd_3              5955 samples    86.8 m
  updown_circle/spd_1      7140 samples    61.1 m
  updown_circle/spd_3      6573 samples    47.9 m
  random/spd_1             8216 samples    29.2 m
  random/spd_3             8281 samples    70.6 m
  updown_eight/spd_1       6193 samples    47.8 m
  updown_eight/spd_3       6278 samples    69.9 m
train sequences (6): circle/spd_1 circle/spd_3 eight/spd_1 eight/spd_3 updown_circle/spd_1 updown_circle/spd_3
  windows our2|gravity|180.0|throttle|circle/spd_1-circle/spd_3-eight/spd_1-eight/spd_3-updown_circle/spd_1-updown_circle/spd_3|train: 5870 (built)
  windows our2|gravity|180.0|throttle|circle/spd_1-circle/spd_3-eight/spd_1-eight/spd_3-updown_circle/spd_1-updown_circle/spd_3|val: 168 (cache)
trainable: 95,974 / 95,974 (100.0%)
Epoch   1/100 | loss 0.08116 | val ATE 1.2842 | best 1.2842 @1 | 2s
Epoch  10/100 | loss 0.01347 | val ATE 0.6971 | best 0.6971 @10 | 12s
Epoch  20/100 | loss 0.01071 | val ATE 0.5739 | best 0.4614 @15 | 23s
Epoch  30/100 | loss 0.00946 | val ATE 0.4982 | best 0.4614 @15 | 31s
Epoch  40/100 | loss 0.00933 | val ATE 0.4892 | best 0.4614 @15 | 43s
Epoch  50/100 | loss 0.00934 | val ATE 0.5024 | best 0.4614 @15 | 55s
Epoch  60/100 | loss 0.00922 | val ATE 0.4882 | best 0.4614 @15 | 66s
Epoch  70/100 | loss 0.00915 | val ATE 0.5175 | best 0.4614 @15 | 79s
Epoch  80/100 | loss 0.00926 | val ATE 0.4866 | best 0.4614 @15 | 92s
Epoch  90/100 | loss 0.00903 | val ATE 0.4970 | best 0.4614 @15 | 104s
Epoch 100/100 | loss 0.00894 | val ATE 0.4921 | best 0.4614 @15 | 116s

best val ATE 0.4614 at epoch 15

==============================================
  SCRATCH  our2 test
==============================================
trajectory           ATE [m]   TDE [%]
--------------------------------------
random/spd_1           2.417     64.40
random/spd_3           2.515     28.10
updown_eight/spd_1     0.811     13.82
updown_eight/spd_3     0.857     13.95
--------------------------------------
mean                   1.650     30.07

 SCRATCH  ATE 1.6502  TDE 30.0676
wrote /src/gs25122/MARIO/runs/transfer/our2_scratch_n6_throttle_s1
