/src/gs25122/miniconda3/envs/mamba/lib/python3.10/site-packages/mamba_ssm/ops/selective_scan_interface.py:164: FutureWarning: `torch.cuda.amp.custom_fwd(args...)` is deprecated. Please use `torch.amp.custom_fwd(args..., device_type='cuda')` instead.
  def forward(ctx, xz, conv1d_weight, conv1d_bias, x_proj_weight, delta_proj_weight,
/src/gs25122/miniconda3/envs/mamba/lib/python3.10/site-packages/mamba_ssm/ops/selective_scan_interface.py:240: FutureWarning: `torch.cuda.amp.custom_bwd(args...)` is deprecated. Please use `torch.amp.custom_bwd(args..., device_type='cuda')` instead.
  def backward(ctx, dout):
/src/gs25122/miniconda3/envs/mamba/lib/python3.10/site-packages/mamba_ssm/ops/triton/layer_norm.py:986: FutureWarning: `torch.cuda.amp.custom_fwd(args...)` is deprecated. Please use `torch.amp.custom_fwd(args..., device_type='cuda')` instead.
  def forward(
/src/gs25122/miniconda3/envs/mamba/lib/python3.10/site-packages/mamba_ssm/ops/triton/layer_norm.py:1045: FutureWarning: `torch.cuda.amp.custom_bwd(args...)` is deprecated. Please use `torch.amp.custom_bwd(args..., device_type='cuda')` instead.
  def backward(ctx, dout, *args):
/src/gs25122/miniconda3/envs/mamba/lib/python3.10/site-packages/mamba_ssm/distributed/tensor_parallel.py:26: FutureWarning: `torch.cuda.amp.custom_fwd(args...)` is deprecated. Please use `torch.amp.custom_fwd(args..., device_type='cuda')` instead.
  def forward(ctx, x, weight, bias, process_group=None, sequence_parallel=True):
/src/gs25122/miniconda3/envs/mamba/lib/python3.10/site-packages/mamba_ssm/distributed/tensor_parallel.py:62: FutureWarning: `torch.cuda.amp.custom_bwd(args...)` is deprecated. Please use `torch.amp.custom_bwd(args..., device_type='cuda')` instead.
  def backward(ctx, grad_output):
/src/gs25122/miniconda3/envs/mamba/lib/python3.10/site-packages/mamba_ssm/ops/triton/ssd_combined.py:758: FutureWarning: `torch.cuda.amp.custom_fwd(args...)` is deprecated. Please use `torch.amp.custom_fwd(args..., device_type='cuda')` instead.
  def forward(ctx, zxbcdt, conv1d_weight, conv1d_bias, dt_bias, A, D, chunk_size, initial_states=None, seq_idx=None, dt_limit=(0.0, float("inf")), return_final_states=False, activation="silu",
/src/gs25122/miniconda3/envs/mamba/lib/python3.10/site-packages/mamba_ssm/ops/triton/ssd_combined.py:836: FutureWarning: `torch.cuda.amp.custom_bwd(args...)` is deprecated. Please use `torch.amp.custom_bwd(args..., device_type='cuda')` instead.
  def backward(ctx, dout, *args):
mode=scratch  dataset=our2  seed=1  lr=0.000258  epochs=100  align=gravity yaw=180
  circle/spd_1             6412 samples    53.6 m
  circle/spd_3             6486 samples    47.7 m
  random/spd_1             8216 samples    29.2 m
  random/spd_3             8281 samples    70.6 m
  updown_eight/spd_1       6193 samples    47.8 m
  updown_eight/spd_3       6278 samples    69.9 m
train sequences (2): circle/spd_1 circle/spd_3
  windows our2|gravity|180.0|none|circle/spd_1-circle/spd_3|train: 1971 (cache)
  windows our2|gravity|180.0|none|circle/spd_1-circle/spd_3|val: 57 (cache)
trainable: 95,974 / 95,974 (100.0%)
Epoch   1/100 | loss 0.12068 | val ATE 5.5857 | best 5.5857 @1 | 1s
Epoch  10/100 | loss 0.01623 | val ATE 57.6671 | best 0.5804 @4 | 5s
Epoch  20/100 | loss 0.01419 | val ATE 0.5192 | best 0.5192 @20 | 9s
Epoch  30/100 | loss 0.01381 | val ATE 0.4956 | best 0.4956 @30 | 13s
Epoch  40/100 | loss 0.01344 | val ATE 0.5274 | best 0.4694 @39 | 18s
Epoch  50/100 | loss 0.01295 | val ATE 0.4632 | best 0.4542 @47 | 22s
Epoch  60/100 | loss 0.01269 | val ATE 0.4477 | best 0.4443 @58 | 26s
Epoch  70/100 | loss 0.01228 | val ATE 0.4467 | best 0.4359 @66 | 30s
Epoch  80/100 | loss 0.01193 | val ATE 0.4589 | best 0.4250 @78 | 35s
Epoch  90/100 | loss 0.01166 | val ATE 0.4344 | best 0.4244 @88 | 38s
Epoch 100/100 | loss 0.01131 | val ATE 0.4272 | best 0.4224 @93 | 41s

best val ATE 0.4224 at epoch 93

==============================================
  SCRATCH  our2 test
==============================================
trajectory           ATE [m]   TDE [%]
--------------------------------------
random/spd_1           2.191     58.37
random/spd_3           1.698     18.97
updown_eight/spd_1     0.716     12.20
updown_eight/spd_3     0.984     16.02
--------------------------------------
mean                   1.397     26.39

 SCRATCH  ATE 1.3973  TDE 26.3899
wrote /src/gs25122/MARIO/runs/transfer/our2_scratch_n2_s1
