/src/gs25122/miniconda3/envs/mamba/lib/python3.10/site-packages/mamba_ssm/ops/selective_scan_interface.py:164: FutureWarning: `torch.cuda.amp.custom_fwd(args...)` is deprecated. Please use `torch.amp.custom_fwd(args..., device_type='cuda')` instead.
  def forward(ctx, xz, conv1d_weight, conv1d_bias, x_proj_weight, delta_proj_weight,
/src/gs25122/miniconda3/envs/mamba/lib/python3.10/site-packages/mamba_ssm/ops/selective_scan_interface.py:240: FutureWarning: `torch.cuda.amp.custom_bwd(args...)` is deprecated. Please use `torch.amp.custom_bwd(args..., device_type='cuda')` instead.
  def backward(ctx, dout):
/src/gs25122/miniconda3/envs/mamba/lib/python3.10/site-packages/mamba_ssm/ops/triton/layer_norm.py:986: FutureWarning: `torch.cuda.amp.custom_fwd(args...)` is deprecated. Please use `torch.amp.custom_fwd(args..., device_type='cuda')` instead.
  def forward(
/src/gs25122/miniconda3/envs/mamba/lib/python3.10/site-packages/mamba_ssm/ops/triton/layer_norm.py:1045: FutureWarning: `torch.cuda.amp.custom_bwd(args...)` is deprecated. Please use `torch.amp.custom_bwd(args..., device_type='cuda')` instead.
  def backward(ctx, dout, *args):
/src/gs25122/miniconda3/envs/mamba/lib/python3.10/site-packages/mamba_ssm/distributed/tensor_parallel.py:26: FutureWarning: `torch.cuda.amp.custom_fwd(args...)` is deprecated. Please use `torch.amp.custom_fwd(args..., device_type='cuda')` instead.
  def forward(ctx, x, weight, bias, process_group=None, sequence_parallel=True):
/src/gs25122/miniconda3/envs/mamba/lib/python3.10/site-packages/mamba_ssm/distributed/tensor_parallel.py:62: FutureWarning: `torch.cuda.amp.custom_bwd(args...)` is deprecated. Please use `torch.amp.custom_bwd(args..., device_type='cuda')` instead.
  def backward(ctx, grad_output):
/src/gs25122/miniconda3/envs/mamba/lib/python3.10/site-packages/mamba_ssm/ops/triton/ssd_combined.py:758: FutureWarning: `torch.cuda.amp.custom_fwd(args...)` is deprecated. Please use `torch.amp.custom_fwd(args..., device_type='cuda')` instead.
  def forward(ctx, zxbcdt, conv1d_weight, conv1d_bias, dt_bias, A, D, chunk_size, initial_states=None, seq_idx=None, dt_limit=(0.0, float("inf")), return_final_states=False, activation="silu",
/src/gs25122/miniconda3/envs/mamba/lib/python3.10/site-packages/mamba_ssm/ops/triton/ssd_combined.py:836: FutureWarning: `torch.cuda.amp.custom_bwd(args...)` is deprecated. Please use `torch.amp.custom_bwd(args..., device_type='cuda')` instead.
  def backward(ctx, dout, *args):
mode=head  dataset=our2  seed=3  lr=2.58e-05  epochs=100  align=gravity yaw=180
  circle/spd_1             6412 samples    53.6 m
  circle/spd_3             6486 samples    47.7 m
  random/spd_1             8216 samples    29.2 m
  random/spd_3             8281 samples    70.6 m
  updown_eight/spd_1       6193 samples    47.8 m
  updown_eight/spd_3       6278 samples    69.9 m
train sequences (2): circle/spd_1 circle/spd_3
  windows our2|gravity|180.0|none|circle/spd_1-circle/spd_3|train: 1971 (cache)
  windows our2|gravity|180.0|none|circle/spd_1-circle/spd_3|val: 57 (cache)
trainable: 17,414 / 95,974 (18.1%)
Epoch   1/100 | loss 0.05821 | val ATE 2.3360 | best 2.3360 @1 | 1s
Epoch  10/100 | loss 0.02303 | val ATE 0.7838 | best 0.7838 @10 | 3s
Epoch  20/100 | loss 0.01908 | val ATE 0.6411 | best 0.6411 @20 | 4s
Epoch  30/100 | loss 0.01717 | val ATE 0.6033 | best 0.5936 @29 | 6s
Epoch  40/100 | loss 0.01578 | val ATE 0.5993 | best 0.5758 @38 | 8s
Epoch  50/100 | loss 0.01483 | val ATE 0.5889 | best 0.5495 @49 | 10s
Epoch  60/100 | loss 0.01425 | val ATE 0.5604 | best 0.5495 @49 | 12s
Epoch  70/100 | loss 0.01395 | val ATE 0.5619 | best 0.5454 @66 | 14s
Epoch  80/100 | loss 0.01373 | val ATE 0.5512 | best 0.5454 @66 | 16s
Epoch  90/100 | loss 0.01349 | val ATE 0.5569 | best 0.5350 @86 | 17s
Epoch 100/100 | loss 0.01328 | val ATE 0.5266 | best 0.5245 @94 | 19s

best val ATE 0.5245 at epoch 94

==============================================
  HEAD  our2 test
==============================================
trajectory           ATE [m]   TDE [%]
--------------------------------------
random/spd_1           1.422     37.88
random/spd_3           1.170     13.07
updown_eight/spd_1     0.679     11.57
updown_eight/spd_3     0.837     13.63
--------------------------------------
mean                   1.027     19.04

    HEAD  ATE 1.0270  TDE 19.0378
wrote /src/gs25122/MARIO/runs/transfer/our2_head_n2_s3
