/src/gs25122/miniconda3/envs/mamba/lib/python3.10/site-packages/mamba_ssm/ops/selective_scan_interface.py:164: FutureWarning: `torch.cuda.amp.custom_fwd(args...)` is deprecated. Please use `torch.amp.custom_fwd(args..., device_type='cuda')` instead.
  def forward(ctx, xz, conv1d_weight, conv1d_bias, x_proj_weight, delta_proj_weight,
/src/gs25122/miniconda3/envs/mamba/lib/python3.10/site-packages/mamba_ssm/ops/selective_scan_interface.py:240: FutureWarning: `torch.cuda.amp.custom_bwd(args...)` is deprecated. Please use `torch.amp.custom_bwd(args..., device_type='cuda')` instead.
  def backward(ctx, dout):
/src/gs25122/miniconda3/envs/mamba/lib/python3.10/site-packages/mamba_ssm/ops/triton/layer_norm.py:986: FutureWarning: `torch.cuda.amp.custom_fwd(args...)` is deprecated. Please use `torch.amp.custom_fwd(args..., device_type='cuda')` instead.
  def forward(
/src/gs25122/miniconda3/envs/mamba/lib/python3.10/site-packages/mamba_ssm/ops/triton/layer_norm.py:1045: FutureWarning: `torch.cuda.amp.custom_bwd(args...)` is deprecated. Please use `torch.amp.custom_bwd(args..., device_type='cuda')` instead.
  def backward(ctx, dout, *args):
/src/gs25122/miniconda3/envs/mamba/lib/python3.10/site-packages/mamba_ssm/distributed/tensor_parallel.py:26: FutureWarning: `torch.cuda.amp.custom_fwd(args...)` is deprecated. Please use `torch.amp.custom_fwd(args..., device_type='cuda')` instead.
  def forward(ctx, x, weight, bias, process_group=None, sequence_parallel=True):
/src/gs25122/miniconda3/envs/mamba/lib/python3.10/site-packages/mamba_ssm/distributed/tensor_parallel.py:62: FutureWarning: `torch.cuda.amp.custom_bwd(args...)` is deprecated. Please use `torch.amp.custom_bwd(args..., device_type='cuda')` instead.
  def backward(ctx, grad_output):
/src/gs25122/miniconda3/envs/mamba/lib/python3.10/site-packages/mamba_ssm/ops/triton/ssd_combined.py:758: FutureWarning: `torch.cuda.amp.custom_fwd(args...)` is deprecated. Please use `torch.amp.custom_fwd(args..., device_type='cuda')` instead.
  def forward(ctx, zxbcdt, conv1d_weight, conv1d_bias, dt_bias, A, D, chunk_size, initial_states=None, seq_idx=None, dt_limit=(0.0, float("inf")), return_final_states=False, activation="silu",
/src/gs25122/miniconda3/envs/mamba/lib/python3.10/site-packages/mamba_ssm/ops/triton/ssd_combined.py:836: FutureWarning: `torch.cuda.amp.custom_bwd(args...)` is deprecated. Please use `torch.amp.custom_bwd(args..., device_type='cuda')` instead.
  def backward(ctx, dout, *args):
mode=scratch  dataset=our2  seed=42  lr=0.000258  epochs=100  align=gravity yaw=180
  circle/spd_1             6412 samples    53.6 m
  circle/spd_3             6486 samples    47.7 m
  eight/spd_1              5962 samples    48.0 m
  eight/spd_3              5955 samples    86.8 m
  updown_circle/spd_1      7140 samples    61.1 m
  updown_circle/spd_3      6573 samples    47.9 m
  random/spd_1             8216 samples    29.2 m
  random/spd_3             8281 samples    70.6 m
  updown_eight/spd_1       6193 samples    47.8 m
  updown_eight/spd_3       6278 samples    69.9 m
train sequences (6): circle/spd_1 circle/spd_3 eight/spd_1 eight/spd_3 updown_circle/spd_1 updown_circle/spd_3
  windows our2|gravity|180.0|rotor|circle/spd_1-circle/spd_3-eight/spd_1-eight/spd_3-updown_circle/spd_1-updown_circle/spd_3|train: 5870 (built)
  windows our2|gravity|180.0|rotor|circle/spd_1-circle/spd_3-eight/spd_1-eight/spd_3-updown_circle/spd_1-updown_circle/spd_3|val: 168 (built)
trainable: 95,974 / 95,974 (100.0%)
Epoch   1/100 | loss 0.08459 | val ATE 1.3973 | best 1.3973 @1 | 2s
Epoch  10/100 | loss 0.01386 | val ATE 0.7709 | best 0.6100 @6 | 12s
Epoch  20/100 | loss 0.01084 | val ATE 0.9480 | best 0.4131 @14 | 25s
Epoch  30/100 | loss 0.00974 | val ATE 0.3991 | best 0.3784 @23 | 37s
Epoch  40/100 | loss 0.00961 | val ATE 0.3863 | best 0.3784 @23 | 50s
Epoch  50/100 | loss 0.00950 | val ATE 0.3837 | best 0.3784 @23 | 60s
Epoch  60/100 | loss 0.00945 | val ATE 0.4033 | best 0.3784 @23 | 67s
Epoch  70/100 | loss 0.00935 | val ATE 0.4055 | best 0.3784 @23 | 77s
Epoch  80/100 | loss 0.00928 | val ATE 0.3825 | best 0.3784 @23 | 89s
Epoch  90/100 | loss 0.00921 | val ATE 0.3783 | best 0.3783 @90 | 101s
Epoch 100/100 | loss 0.00919 | val ATE 0.4150 | best 0.3783 @90 | 114s

best val ATE 0.3783 at epoch 90

==============================================
  SCRATCH  our2 test
==============================================
trajectory           ATE [m]   TDE [%]
--------------------------------------
random/spd_1           1.927     51.33
random/spd_3           1.465     16.37
updown_eight/spd_1     1.179     20.09
updown_eight/spd_3     0.554      9.02
--------------------------------------
mean                   1.281     24.20

 SCRATCH  ATE 1.2813  TDE 24.2034
wrote /src/gs25122/MARIO/runs/transfer/our2_scratch_n6_rotor_s42
