/src/gs25122/miniconda3/envs/mamba/lib/python3.10/site-packages/mamba_ssm/ops/selective_scan_interface.py:164: FutureWarning: `torch.cuda.amp.custom_fwd(args...)` is deprecated. Please use `torch.amp.custom_fwd(args..., device_type='cuda')` instead.
  def forward(ctx, xz, conv1d_weight, conv1d_bias, x_proj_weight, delta_proj_weight,
/src/gs25122/miniconda3/envs/mamba/lib/python3.10/site-packages/mamba_ssm/ops/selective_scan_interface.py:240: FutureWarning: `torch.cuda.amp.custom_bwd(args...)` is deprecated. Please use `torch.amp.custom_bwd(args..., device_type='cuda')` instead.
  def backward(ctx, dout):
/src/gs25122/miniconda3/envs/mamba/lib/python3.10/site-packages/mamba_ssm/ops/triton/layer_norm.py:986: FutureWarning: `torch.cuda.amp.custom_fwd(args...)` is deprecated. Please use `torch.amp.custom_fwd(args..., device_type='cuda')` instead.
  def forward(
/src/gs25122/miniconda3/envs/mamba/lib/python3.10/site-packages/mamba_ssm/ops/triton/layer_norm.py:1045: FutureWarning: `torch.cuda.amp.custom_bwd(args...)` is deprecated. Please use `torch.amp.custom_bwd(args..., device_type='cuda')` instead.
  def backward(ctx, dout, *args):
/src/gs25122/miniconda3/envs/mamba/lib/python3.10/site-packages/mamba_ssm/distributed/tensor_parallel.py:26: FutureWarning: `torch.cuda.amp.custom_fwd(args...)` is deprecated. Please use `torch.amp.custom_fwd(args..., device_type='cuda')` instead.
  def forward(ctx, x, weight, bias, process_group=None, sequence_parallel=True):
/src/gs25122/miniconda3/envs/mamba/lib/python3.10/site-packages/mamba_ssm/distributed/tensor_parallel.py:62: FutureWarning: `torch.cuda.amp.custom_bwd(args...)` is deprecated. Please use `torch.amp.custom_bwd(args..., device_type='cuda')` instead.
  def backward(ctx, grad_output):
/src/gs25122/miniconda3/envs/mamba/lib/python3.10/site-packages/mamba_ssm/ops/triton/ssd_combined.py:758: FutureWarning: `torch.cuda.amp.custom_fwd(args...)` is deprecated. Please use `torch.amp.custom_fwd(args..., device_type='cuda')` instead.
  def forward(ctx, zxbcdt, conv1d_weight, conv1d_bias, dt_bias, A, D, chunk_size, initial_states=None, seq_idx=None, dt_limit=(0.0, float("inf")), return_final_states=False, activation="silu",
/src/gs25122/miniconda3/envs/mamba/lib/python3.10/site-packages/mamba_ssm/ops/triton/ssd_combined.py:836: FutureWarning: `torch.cuda.amp.custom_bwd(args...)` is deprecated. Please use `torch.amp.custom_bwd(args..., device_type='cuda')` instead.
  def backward(ctx, dout, *args):
mode=scratch  dataset=our2  seed=3  lr=0.000258  epochs=100  align=gravity yaw=180
  circle/spd_1             6412 samples    53.6 m
  circle/spd_3             6486 samples    47.7 m
  random/spd_1             8216 samples    29.2 m
  random/spd_3             8281 samples    70.6 m
  updown_eight/spd_1       6193 samples    47.8 m
  updown_eight/spd_3       6278 samples    69.9 m
train sequences (2): circle/spd_1 circle/spd_3
  windows our2|gravity|180.0|none|circle/spd_1-circle/spd_3|train: 1971 (cache)
  windows our2|gravity|180.0|none|circle/spd_1-circle/spd_3|val: 57 (cache)
trainable: 95,974 / 95,974 (100.0%)
Epoch   1/100 | loss 0.10660 | val ATE 3.8786 | best 3.8786 @1 | 1s
Epoch  10/100 | loss 0.01722 | val ATE 12.4954 | best 1.3739 @4 | 5s
Epoch  20/100 | loss 0.01458 | val ATE 0.9195 | best 0.9195 @20 | 10s
Epoch  30/100 | loss 0.01308 | val ATE 0.4526 | best 0.4389 @29 | 14s
Epoch  40/100 | loss 0.01180 | val ATE 0.4748 | best 0.4056 @33 | 18s
Epoch  50/100 | loss 0.01165 | val ATE 0.4851 | best 0.4056 @33 | 22s
Epoch  60/100 | loss 0.01138 | val ATE 0.4893 | best 0.4056 @33 | 26s
Epoch  70/100 | loss 0.01123 | val ATE 0.4877 | best 0.4056 @33 | 30s
Epoch  80/100 | loss 0.01102 | val ATE 0.4955 | best 0.4056 @33 | 34s
Epoch  90/100 | loss 0.01066 | val ATE 0.4682 | best 0.4056 @33 | 38s
Epoch 100/100 | loss 0.01046 | val ATE 0.4884 | best 0.4056 @33 | 42s

best val ATE 0.4056 at epoch 33

==============================================
  SCRATCH  our2 test
==============================================
trajectory           ATE [m]   TDE [%]
--------------------------------------
random/spd_1           1.377     36.68
random/spd_3           1.036     11.57
updown_eight/spd_1     0.815     13.90
updown_eight/spd_3     0.953     15.51
--------------------------------------
mean                   1.045     19.42

 SCRATCH  ATE 1.0453  TDE 19.4150
wrote /src/gs25122/MARIO/runs/transfer/our2_scratch_n2_s3
