/src/gs25122/miniconda3/envs/mamba/lib/python3.10/site-packages/mamba_ssm/ops/selective_scan_interface.py:164: FutureWarning: `torch.cuda.amp.custom_fwd(args...)` is deprecated. Please use `torch.amp.custom_fwd(args..., device_type='cuda')` instead.
  def forward(ctx, xz, conv1d_weight, conv1d_bias, x_proj_weight, delta_proj_weight,
/src/gs25122/miniconda3/envs/mamba/lib/python3.10/site-packages/mamba_ssm/ops/selective_scan_interface.py:240: FutureWarning: `torch.cuda.amp.custom_bwd(args...)` is deprecated. Please use `torch.amp.custom_bwd(args..., device_type='cuda')` instead.
  def backward(ctx, dout):
/src/gs25122/miniconda3/envs/mamba/lib/python3.10/site-packages/mamba_ssm/ops/triton/layer_norm.py:986: FutureWarning: `torch.cuda.amp.custom_fwd(args...)` is deprecated. Please use `torch.amp.custom_fwd(args..., device_type='cuda')` instead.
  def forward(
/src/gs25122/miniconda3/envs/mamba/lib/python3.10/site-packages/mamba_ssm/ops/triton/layer_norm.py:1045: FutureWarning: `torch.cuda.amp.custom_bwd(args...)` is deprecated. Please use `torch.amp.custom_bwd(args..., device_type='cuda')` instead.
  def backward(ctx, dout, *args):
/src/gs25122/miniconda3/envs/mamba/lib/python3.10/site-packages/mamba_ssm/distributed/tensor_parallel.py:26: FutureWarning: `torch.cuda.amp.custom_fwd(args...)` is deprecated. Please use `torch.amp.custom_fwd(args..., device_type='cuda')` instead.
  def forward(ctx, x, weight, bias, process_group=None, sequence_parallel=True):
/src/gs25122/miniconda3/envs/mamba/lib/python3.10/site-packages/mamba_ssm/distributed/tensor_parallel.py:62: FutureWarning: `torch.cuda.amp.custom_bwd(args...)` is deprecated. Please use `torch.amp.custom_bwd(args..., device_type='cuda')` instead.
  def backward(ctx, grad_output):
/src/gs25122/miniconda3/envs/mamba/lib/python3.10/site-packages/mamba_ssm/ops/triton/ssd_combined.py:758: FutureWarning: `torch.cuda.amp.custom_fwd(args...)` is deprecated. Please use `torch.amp.custom_fwd(args..., device_type='cuda')` instead.
  def forward(ctx, zxbcdt, conv1d_weight, conv1d_bias, dt_bias, A, D, chunk_size, initial_states=None, seq_idx=None, dt_limit=(0.0, float("inf")), return_final_states=False, activation="silu",
/src/gs25122/miniconda3/envs/mamba/lib/python3.10/site-packages/mamba_ssm/ops/triton/ssd_combined.py:836: FutureWarning: `torch.cuda.amp.custom_bwd(args...)` is deprecated. Please use `torch.amp.custom_bwd(args..., device_type='cuda')` instead.
  def backward(ctx, dout, *args):
mode=full  dataset=our2  seed=1  lr=2.58e-05  epochs=100  align=gravity yaw=180
  circle/spd_1             6412 samples    53.6 m
  circle/spd_3             6486 samples    47.7 m
  random/spd_1             8216 samples    29.2 m
  random/spd_3             8281 samples    70.6 m
  updown_eight/spd_1       6193 samples    47.8 m
  updown_eight/spd_3       6278 samples    69.9 m
train sequences (2): circle/spd_1 circle/spd_3
  windows our2|gravity|180.0|rotor|circle/spd_1-circle/spd_3|train: 1971 (cache)
  windows our2|gravity|180.0|rotor|circle/spd_1-circle/spd_3|val: 57 (built)
trainable: 95,974 / 95,974 (100.0%)
Epoch   1/100 | loss 0.26849 | val ATE 16.3156 | best 16.3156 @1 | 1s
Epoch  10/100 | loss 0.04630 | val ATE 2.9980 | best 2.9980 @10 | 5s
Epoch  20/100 | loss 0.02223 | val ATE 1.2767 | best 1.0823 @15 | 9s
Epoch  30/100 | loss 0.01897 | val ATE 0.9745 | best 0.9745 @30 | 14s
Epoch  40/100 | loss 0.01725 | val ATE 1.0717 | best 0.8266 @36 | 18s
Epoch  50/100 | loss 0.01576 | val ATE 0.9227 | best 0.8104 @47 | 22s
Epoch  60/100 | loss 0.01477 | val ATE 0.8886 | best 0.7815 @58 | 26s
Epoch  70/100 | loss 0.01392 | val ATE 0.8823 | best 0.7551 @69 | 31s
Epoch  80/100 | loss 0.01305 | val ATE 0.9522 | best 0.7551 @69 | 35s
Epoch  90/100 | loss 0.01238 | val ATE 0.6316 | best 0.6316 @90 | 39s
Epoch 100/100 | loss 0.01169 | val ATE 0.7701 | best 0.6316 @90 | 43s

best val ATE 0.6316 at epoch 90

==============================================
  FULL  our2 test
==============================================
trajectory           ATE [m]   TDE [%]
--------------------------------------
random/spd_1           2.156     57.43
random/spd_3           2.339     26.13
updown_eight/spd_1     1.080     18.42
updown_eight/spd_3     1.028     16.73
--------------------------------------
mean                   1.651     29.68

    FULL  ATE 1.6507  TDE 29.6757
wrote /src/gs25122/MARIO/runs/transfer/our2_full_n2_rotor_s1
