/src/gs25122/miniconda3/envs/mamba/lib/python3.10/site-packages/mamba_ssm/ops/selective_scan_interface.py:164: FutureWarning: `torch.cuda.amp.custom_fwd(args...)` is deprecated. Please use `torch.amp.custom_fwd(args..., device_type='cuda')` instead.
  def forward(ctx, xz, conv1d_weight, conv1d_bias, x_proj_weight, delta_proj_weight,
/src/gs25122/miniconda3/envs/mamba/lib/python3.10/site-packages/mamba_ssm/ops/selective_scan_interface.py:240: FutureWarning: `torch.cuda.amp.custom_bwd(args...)` is deprecated. Please use `torch.amp.custom_bwd(args..., device_type='cuda')` instead.
  def backward(ctx, dout):
/src/gs25122/miniconda3/envs/mamba/lib/python3.10/site-packages/mamba_ssm/ops/triton/layer_norm.py:986: FutureWarning: `torch.cuda.amp.custom_fwd(args...)` is deprecated. Please use `torch.amp.custom_fwd(args..., device_type='cuda')` instead.
  def forward(
/src/gs25122/miniconda3/envs/mamba/lib/python3.10/site-packages/mamba_ssm/ops/triton/layer_norm.py:1045: FutureWarning: `torch.cuda.amp.custom_bwd(args...)` is deprecated. Please use `torch.amp.custom_bwd(args..., device_type='cuda')` instead.
  def backward(ctx, dout, *args):
/src/gs25122/miniconda3/envs/mamba/lib/python3.10/site-packages/mamba_ssm/distributed/tensor_parallel.py:26: FutureWarning: `torch.cuda.amp.custom_fwd(args...)` is deprecated. Please use `torch.amp.custom_fwd(args..., device_type='cuda')` instead.
  def forward(ctx, x, weight, bias, process_group=None, sequence_parallel=True):
/src/gs25122/miniconda3/envs/mamba/lib/python3.10/site-packages/mamba_ssm/distributed/tensor_parallel.py:62: FutureWarning: `torch.cuda.amp.custom_bwd(args...)` is deprecated. Please use `torch.amp.custom_bwd(args..., device_type='cuda')` instead.
  def backward(ctx, grad_output):
/src/gs25122/miniconda3/envs/mamba/lib/python3.10/site-packages/mamba_ssm/ops/triton/ssd_combined.py:758: FutureWarning: `torch.cuda.amp.custom_fwd(args...)` is deprecated. Please use `torch.amp.custom_fwd(args..., device_type='cuda')` instead.
  def forward(ctx, zxbcdt, conv1d_weight, conv1d_bias, dt_bias, A, D, chunk_size, initial_states=None, seq_idx=None, dt_limit=(0.0, float("inf")), return_final_states=False, activation="silu",
/src/gs25122/miniconda3/envs/mamba/lib/python3.10/site-packages/mamba_ssm/ops/triton/ssd_combined.py:836: FutureWarning: `torch.cuda.amp.custom_bwd(args...)` is deprecated. Please use `torch.amp.custom_bwd(args..., device_type='cuda')` instead.
  def backward(ctx, dout, *args):
mode=full  dataset=our2  seed=2  lr=2.58e-05  epochs=100  align=gravity yaw=180
  circle/spd_1             6412 samples    53.6 m
  circle/spd_3             6486 samples    47.7 m
  eight/spd_1              5962 samples    48.0 m
  eight/spd_3              5955 samples    86.8 m
  updown_circle/spd_1      7140 samples    61.1 m
  updown_circle/spd_3      6573 samples    47.9 m
  random/spd_1             8216 samples    29.2 m
  random/spd_3             8281 samples    70.6 m
  updown_eight/spd_1       6193 samples    47.8 m
  updown_eight/spd_3       6278 samples    69.9 m
train sequences (6): circle/spd_1 circle/spd_3 eight/spd_1 eight/spd_3 updown_circle/spd_1 updown_circle/spd_3
  windows our2|gravity|180.0|rotor|circle/spd_1-circle/spd_3-eight/spd_1-eight/spd_3-updown_circle/spd_1-updown_circle/spd_3|train: 5870 (cache)
  windows our2|gravity|180.0|rotor|circle/spd_1-circle/spd_3-eight/spd_1-eight/spd_3-updown_circle/spd_1-updown_circle/spd_3|val: 168 (cache)
trainable: 95,974 / 95,974 (100.0%)
Epoch   1/100 | loss 0.19814 | val ATE 11.1202 | best 11.1202 @1 | 2s
Epoch  10/100 | loss 0.02184 | val ATE 1.1431 | best 1.1431 @10 | 13s
Epoch  20/100 | loss 0.01609 | val ATE 0.8672 | best 0.6721 @19 | 26s
Epoch  30/100 | loss 0.01379 | val ATE 0.7567 | best 0.5660 @25 | 39s
Epoch  40/100 | loss 0.01312 | val ATE 0.5114 | best 0.5114 @40 | 51s
Epoch  50/100 | loss 0.01269 | val ATE 0.4896 | best 0.4475 @48 | 64s
Epoch  60/100 | loss 0.01227 | val ATE 0.4816 | best 0.4475 @48 | 76s
Epoch  70/100 | loss 0.01203 | val ATE 0.5144 | best 0.4475 @48 | 89s
Epoch  80/100 | loss 0.01174 | val ATE 0.4229 | best 0.4229 @80 | 102s
Epoch  90/100 | loss 0.01153 | val ATE 0.5290 | best 0.4229 @80 | 115s
Epoch 100/100 | loss 0.01136 | val ATE 0.4687 | best 0.4206 @91 | 127s

best val ATE 0.4206 at epoch 91

==============================================
  FULL  our2 test
==============================================
trajectory           ATE [m]   TDE [%]
--------------------------------------
random/spd_1           2.468     65.74
random/spd_3           2.079     23.23
updown_eight/spd_1     1.536     26.18
updown_eight/spd_3     0.845     13.75
--------------------------------------
mean                   1.732     32.22

    FULL  ATE 1.7319  TDE 32.2231
wrote /src/gs25122/MARIO/runs/transfer/our2_full_n6_rotor_s2
