/src/gs25122/miniconda3/envs/mamba/lib/python3.10/site-packages/mamba_ssm/ops/selective_scan_interface.py:164: FutureWarning: `torch.cuda.amp.custom_fwd(args...)` is deprecated. Please use `torch.amp.custom_fwd(args..., device_type='cuda')` instead.
  def forward(ctx, xz, conv1d_weight, conv1d_bias, x_proj_weight, delta_proj_weight,
/src/gs25122/miniconda3/envs/mamba/lib/python3.10/site-packages/mamba_ssm/ops/selective_scan_interface.py:240: FutureWarning: `torch.cuda.amp.custom_bwd(args...)` is deprecated. Please use `torch.amp.custom_bwd(args..., device_type='cuda')` instead.
  def backward(ctx, dout):
/src/gs25122/miniconda3/envs/mamba/lib/python3.10/site-packages/mamba_ssm/ops/triton/layer_norm.py:986: FutureWarning: `torch.cuda.amp.custom_fwd(args...)` is deprecated. Please use `torch.amp.custom_fwd(args..., device_type='cuda')` instead.
  def forward(
/src/gs25122/miniconda3/envs/mamba/lib/python3.10/site-packages/mamba_ssm/ops/triton/layer_norm.py:1045: FutureWarning: `torch.cuda.amp.custom_bwd(args...)` is deprecated. Please use `torch.amp.custom_bwd(args..., device_type='cuda')` instead.
  def backward(ctx, dout, *args):
/src/gs25122/miniconda3/envs/mamba/lib/python3.10/site-packages/mamba_ssm/distributed/tensor_parallel.py:26: FutureWarning: `torch.cuda.amp.custom_fwd(args...)` is deprecated. Please use `torch.amp.custom_fwd(args..., device_type='cuda')` instead.
  def forward(ctx, x, weight, bias, process_group=None, sequence_parallel=True):
/src/gs25122/miniconda3/envs/mamba/lib/python3.10/site-packages/mamba_ssm/distributed/tensor_parallel.py:62: FutureWarning: `torch.cuda.amp.custom_bwd(args...)` is deprecated. Please use `torch.amp.custom_bwd(args..., device_type='cuda')` instead.
  def backward(ctx, grad_output):
/src/gs25122/miniconda3/envs/mamba/lib/python3.10/site-packages/mamba_ssm/ops/triton/ssd_combined.py:758: FutureWarning: `torch.cuda.amp.custom_fwd(args...)` is deprecated. Please use `torch.amp.custom_fwd(args..., device_type='cuda')` instead.
  def forward(ctx, zxbcdt, conv1d_weight, conv1d_bias, dt_bias, A, D, chunk_size, initial_states=None, seq_idx=None, dt_limit=(0.0, float("inf")), return_final_states=False, activation="silu",
/src/gs25122/miniconda3/envs/mamba/lib/python3.10/site-packages/mamba_ssm/ops/triton/ssd_combined.py:836: FutureWarning: `torch.cuda.amp.custom_bwd(args...)` is deprecated. Please use `torch.amp.custom_bwd(args..., device_type='cuda')` instead.
  def backward(ctx, dout, *args):
mode=scratch  dataset=our2  seed=2  lr=0.000258  epochs=100  align=gravity yaw=180
  circle/spd_1             6412 samples    53.6 m
  random/spd_1             8216 samples    29.2 m
  random/spd_3             8281 samples    70.6 m
  updown_eight/spd_1       6193 samples    47.8 m
  updown_eight/spd_3       6278 samples    69.9 m
train sequences (1): circle/spd_1
  windows our2|gravity|180.0|none|circle/spd_1|train: 976 (cache)
  windows our2|gravity|180.0|none|circle/spd_1|val: 28 (cache)
trainable: 95,974 / 95,974 (100.0%)
Epoch   1/100 | loss 0.14186 | val ATE 6.0963 | best 6.0963 @1 | 1s
Epoch  10/100 | loss 0.02124 | val ATE 1.0388 | best 0.5914 @8 | 2s
Epoch  20/100 | loss 0.01535 | val ATE 1.8651 | best 0.5914 @8 | 3s
Epoch  30/100 | loss 0.01492 | val ATE 0.7022 | best 0.5914 @8 | 4s
Epoch  40/100 | loss 0.01455 | val ATE 0.6881 | best 0.5914 @8 | 5s
Epoch  50/100 | loss 0.01434 | val ATE 0.6766 | best 0.5914 @8 | 8s
Epoch  60/100 | loss 0.01402 | val ATE 0.6815 | best 0.5914 @8 | 10s
Epoch  70/100 | loss 0.01368 | val ATE 0.6889 | best 0.5914 @8 | 12s
Epoch  80/100 | loss 0.01364 | val ATE 0.6777 | best 0.5914 @8 | 14s
Epoch  90/100 | loss 0.01312 | val ATE 0.7057 | best 0.5914 @8 | 16s
Epoch 100/100 | loss 0.01278 | val ATE 0.6890 | best 0.5914 @8 | 18s

best val ATE 0.5914 at epoch 8

==============================================
  SCRATCH  our2 test
==============================================
trajectory           ATE [m]   TDE [%]
--------------------------------------
random/spd_1           0.813     21.66
random/spd_3           2.165     24.19
updown_eight/spd_1     0.759     12.94
updown_eight/spd_3     0.679     11.05
--------------------------------------
mean                   1.104     17.46

 SCRATCH  ATE 1.1040  TDE 17.4582
wrote /src/gs25122/MARIO/runs/transfer/our2_scratch_n1_s2
