/src/gs25122/miniconda3/envs/mamba/lib/python3.10/site-packages/mamba_ssm/ops/selective_scan_interface.py:164: FutureWarning: `torch.cuda.amp.custom_fwd(args...)` is deprecated. Please use `torch.amp.custom_fwd(args..., device_type='cuda')` instead.
  def forward(ctx, xz, conv1d_weight, conv1d_bias, x_proj_weight, delta_proj_weight,
/src/gs25122/miniconda3/envs/mamba/lib/python3.10/site-packages/mamba_ssm/ops/selective_scan_interface.py:240: FutureWarning: `torch.cuda.amp.custom_bwd(args...)` is deprecated. Please use `torch.amp.custom_bwd(args..., device_type='cuda')` instead.
  def backward(ctx, dout):
/src/gs25122/miniconda3/envs/mamba/lib/python3.10/site-packages/mamba_ssm/ops/triton/layer_norm.py:986: FutureWarning: `torch.cuda.amp.custom_fwd(args...)` is deprecated. Please use `torch.amp.custom_fwd(args..., device_type='cuda')` instead.
  def forward(
/src/gs25122/miniconda3/envs/mamba/lib/python3.10/site-packages/mamba_ssm/ops/triton/layer_norm.py:1045: FutureWarning: `torch.cuda.amp.custom_bwd(args...)` is deprecated. Please use `torch.amp.custom_bwd(args..., device_type='cuda')` instead.
  def backward(ctx, dout, *args):
/src/gs25122/miniconda3/envs/mamba/lib/python3.10/site-packages/mamba_ssm/distributed/tensor_parallel.py:26: FutureWarning: `torch.cuda.amp.custom_fwd(args...)` is deprecated. Please use `torch.amp.custom_fwd(args..., device_type='cuda')` instead.
  def forward(ctx, x, weight, bias, process_group=None, sequence_parallel=True):
/src/gs25122/miniconda3/envs/mamba/lib/python3.10/site-packages/mamba_ssm/distributed/tensor_parallel.py:62: FutureWarning: `torch.cuda.amp.custom_bwd(args...)` is deprecated. Please use `torch.amp.custom_bwd(args..., device_type='cuda')` instead.
  def backward(ctx, grad_output):
/src/gs25122/miniconda3/envs/mamba/lib/python3.10/site-packages/mamba_ssm/ops/triton/ssd_combined.py:758: FutureWarning: `torch.cuda.amp.custom_fwd(args...)` is deprecated. Please use `torch.amp.custom_fwd(args..., device_type='cuda')` instead.
  def forward(ctx, zxbcdt, conv1d_weight, conv1d_bias, dt_bias, A, D, chunk_size, initial_states=None, seq_idx=None, dt_limit=(0.0, float("inf")), return_final_states=False, activation="silu",
/src/gs25122/miniconda3/envs/mamba/lib/python3.10/site-packages/mamba_ssm/ops/triton/ssd_combined.py:836: FutureWarning: `torch.cuda.amp.custom_bwd(args...)` is deprecated. Please use `torch.amp.custom_bwd(args..., device_type='cuda')` instead.
  def backward(ctx, dout, *args):
mode=full  dataset=our2  seed=42  lr=2.58e-05  epochs=100  align=gravity yaw=180
  circle/spd_1             6412 samples    53.6 m
  circle/spd_3             6486 samples    47.7 m
  random/spd_1             8216 samples    29.2 m
  random/spd_3             8281 samples    70.6 m
  updown_eight/spd_1       6193 samples    47.8 m
  updown_eight/spd_3       6278 samples    69.9 m
train sequences (2): circle/spd_1 circle/spd_3
  windows our2|gravity|180.0|throttle|circle/spd_1-circle/spd_3|train: 1971 (built)
  windows our2|gravity|180.0|throttle|circle/spd_1-circle/spd_3|val: 57 (cache)
trainable: 95,974 / 95,974 (100.0%)
Epoch   1/100 | loss 0.26688 | val ATE 21.9902 | best 21.9902 @1 | 1s
Epoch  10/100 | loss 0.05016 | val ATE 2.6854 | best 2.6854 @10 | 5s
Epoch  20/100 | loss 0.02231 | val ATE 0.9653 | best 0.9653 @20 | 9s
Epoch  30/100 | loss 0.01665 | val ATE 0.7573 | best 0.7573 @30 | 14s
Epoch  40/100 | loss 0.01400 | val ATE 0.6450 | best 0.5494 @33 | 18s
Epoch  50/100 | loss 0.01336 | val ATE 0.6556 | best 0.5494 @33 | 22s
Epoch  60/100 | loss 0.01280 | val ATE 0.5756 | best 0.5397 @53 | 27s
Epoch  70/100 | loss 0.01229 | val ATE 0.8308 | best 0.5092 @64 | 31s
Epoch  80/100 | loss 0.01169 | val ATE 0.5340 | best 0.5092 @64 | 35s
Epoch  90/100 | loss 0.01125 | val ATE 0.7882 | best 0.5092 @64 | 40s
Epoch 100/100 | loss 0.01108 | val ATE 0.4876 | best 0.4648 @98 | 44s

best val ATE 0.4648 at epoch 98

==============================================
  FULL  our2 test
==============================================
trajectory           ATE [m]   TDE [%]
--------------------------------------
random/spd_1           1.752     46.67
random/spd_3           2.222     24.82
updown_eight/spd_1     0.743     12.67
updown_eight/spd_3     0.899     14.64
--------------------------------------
mean                   1.404     24.70

    FULL  ATE 1.4041  TDE 24.6994
wrote /src/gs25122/MARIO/runs/transfer/our2_full_n2_throttle_s42
