/src/gs25122/miniconda3/envs/mamba/lib/python3.10/site-packages/mamba_ssm/ops/selective_scan_interface.py:164: FutureWarning: `torch.cuda.amp.custom_fwd(args...)` is deprecated. Please use `torch.amp.custom_fwd(args..., device_type='cuda')` instead.
  def forward(ctx, xz, conv1d_weight, conv1d_bias, x_proj_weight, delta_proj_weight,
/src/gs25122/miniconda3/envs/mamba/lib/python3.10/site-packages/mamba_ssm/ops/selective_scan_interface.py:240: FutureWarning: `torch.cuda.amp.custom_bwd(args...)` is deprecated. Please use `torch.amp.custom_bwd(args..., device_type='cuda')` instead.
  def backward(ctx, dout):
/src/gs25122/miniconda3/envs/mamba/lib/python3.10/site-packages/mamba_ssm/ops/triton/layer_norm.py:986: FutureWarning: `torch.cuda.amp.custom_fwd(args...)` is deprecated. Please use `torch.amp.custom_fwd(args..., device_type='cuda')` instead.
  def forward(
/src/gs25122/miniconda3/envs/mamba/lib/python3.10/site-packages/mamba_ssm/ops/triton/layer_norm.py:1045: FutureWarning: `torch.cuda.amp.custom_bwd(args...)` is deprecated. Please use `torch.amp.custom_bwd(args..., device_type='cuda')` instead.
  def backward(ctx, dout, *args):
/src/gs25122/miniconda3/envs/mamba/lib/python3.10/site-packages/mamba_ssm/distributed/tensor_parallel.py:26: FutureWarning: `torch.cuda.amp.custom_fwd(args...)` is deprecated. Please use `torch.amp.custom_fwd(args..., device_type='cuda')` instead.
  def forward(ctx, x, weight, bias, process_group=None, sequence_parallel=True):
/src/gs25122/miniconda3/envs/mamba/lib/python3.10/site-packages/mamba_ssm/distributed/tensor_parallel.py:62: FutureWarning: `torch.cuda.amp.custom_bwd(args...)` is deprecated. Please use `torch.amp.custom_bwd(args..., device_type='cuda')` instead.
  def backward(ctx, grad_output):
/src/gs25122/miniconda3/envs/mamba/lib/python3.10/site-packages/mamba_ssm/ops/triton/ssd_combined.py:758: FutureWarning: `torch.cuda.amp.custom_fwd(args...)` is deprecated. Please use `torch.amp.custom_fwd(args..., device_type='cuda')` instead.
  def forward(ctx, zxbcdt, conv1d_weight, conv1d_bias, dt_bias, A, D, chunk_size, initial_states=None, seq_idx=None, dt_limit=(0.0, float("inf")), return_final_states=False, activation="silu",
/src/gs25122/miniconda3/envs/mamba/lib/python3.10/site-packages/mamba_ssm/ops/triton/ssd_combined.py:836: FutureWarning: `torch.cuda.amp.custom_bwd(args...)` is deprecated. Please use `torch.amp.custom_bwd(args..., device_type='cuda')` instead.
  def backward(ctx, dout, *args):
mode=full  dataset=our2  seed=3  lr=2.58e-05  epochs=100  align=gravity yaw=180
  circle/spd_1             6412 samples    53.6 m
  circle/spd_3             6486 samples    47.7 m
  random/spd_1             8216 samples    29.2 m
  random/spd_3             8281 samples    70.6 m
  updown_eight/spd_1       6193 samples    47.8 m
  updown_eight/spd_3       6278 samples    69.9 m
train sequences (2): circle/spd_1 circle/spd_3
  windows our2|gravity|180.0|rotor|circle/spd_1-circle/spd_3|train: 1971 (cache)
  windows our2|gravity|180.0|rotor|circle/spd_1-circle/spd_3|val: 57 (cache)
trainable: 95,974 / 95,974 (100.0%)
Epoch   1/100 | loss 0.25451 | val ATE 14.8025 | best 14.8025 @1 | 1s
Epoch  10/100 | loss 0.04635 | val ATE 2.8094 | best 2.8094 @10 | 5s
Epoch  20/100 | loss 0.02220 | val ATE 1.6495 | best 1.1564 @15 | 9s
Epoch  30/100 | loss 0.01900 | val ATE 1.0567 | best 1.0567 @30 | 13s
Epoch  40/100 | loss 0.01717 | val ATE 0.9785 | best 0.9785 @40 | 17s
Epoch  50/100 | loss 0.01589 | val ATE 0.9993 | best 0.8900 @48 | 22s
Epoch  60/100 | loss 0.01481 | val ATE 0.9221 | best 0.7765 @59 | 26s
Epoch  70/100 | loss 0.01382 | val ATE 1.0032 | best 0.7765 @59 | 30s
Epoch  80/100 | loss 0.01301 | val ATE 0.7721 | best 0.7721 @80 | 34s
Epoch  90/100 | loss 0.01221 | val ATE 0.9022 | best 0.7301 @84 | 38s
Epoch 100/100 | loss 0.01162 | val ATE 0.6927 | best 0.5915 @94 | 43s

best val ATE 0.5915 at epoch 94

==============================================
  FULL  our2 test
==============================================
trajectory           ATE [m]   TDE [%]
--------------------------------------
random/spd_1           2.206     58.77
random/spd_3           2.443     27.29
updown_eight/spd_1     1.067     18.19
updown_eight/spd_3     1.001     16.29
--------------------------------------
mean                   1.679     30.13

    FULL  ATE 1.6792  TDE 30.1338
wrote /src/gs25122/MARIO/runs/transfer/our2_full_n2_rotor_s3
