/src/gs25122/miniconda3/envs/mamba/lib/python3.10/site-packages/mamba_ssm/ops/selective_scan_interface.py:164: FutureWarning: `torch.cuda.amp.custom_fwd(args...)` is deprecated. Please use `torch.amp.custom_fwd(args..., device_type='cuda')` instead.
  def forward(ctx, xz, conv1d_weight, conv1d_bias, x_proj_weight, delta_proj_weight,
/src/gs25122/miniconda3/envs/mamba/lib/python3.10/site-packages/mamba_ssm/ops/selective_scan_interface.py:240: FutureWarning: `torch.cuda.amp.custom_bwd(args...)` is deprecated. Please use `torch.amp.custom_bwd(args..., device_type='cuda')` instead.
  def backward(ctx, dout):
/src/gs25122/miniconda3/envs/mamba/lib/python3.10/site-packages/mamba_ssm/ops/triton/layer_norm.py:986: FutureWarning: `torch.cuda.amp.custom_fwd(args...)` is deprecated. Please use `torch.amp.custom_fwd(args..., device_type='cuda')` instead.
  def forward(
/src/gs25122/miniconda3/envs/mamba/lib/python3.10/site-packages/mamba_ssm/ops/triton/layer_norm.py:1045: FutureWarning: `torch.cuda.amp.custom_bwd(args...)` is deprecated. Please use `torch.amp.custom_bwd(args..., device_type='cuda')` instead.
  def backward(ctx, dout, *args):
/src/gs25122/miniconda3/envs/mamba/lib/python3.10/site-packages/mamba_ssm/distributed/tensor_parallel.py:26: FutureWarning: `torch.cuda.amp.custom_fwd(args...)` is deprecated. Please use `torch.amp.custom_fwd(args..., device_type='cuda')` instead.
  def forward(ctx, x, weight, bias, process_group=None, sequence_parallel=True):
/src/gs25122/miniconda3/envs/mamba/lib/python3.10/site-packages/mamba_ssm/distributed/tensor_parallel.py:62: FutureWarning: `torch.cuda.amp.custom_bwd(args...)` is deprecated. Please use `torch.amp.custom_bwd(args..., device_type='cuda')` instead.
  def backward(ctx, grad_output):
/src/gs25122/miniconda3/envs/mamba/lib/python3.10/site-packages/mamba_ssm/ops/triton/ssd_combined.py:758: FutureWarning: `torch.cuda.amp.custom_fwd(args...)` is deprecated. Please use `torch.amp.custom_fwd(args..., device_type='cuda')` instead.
  def forward(ctx, zxbcdt, conv1d_weight, conv1d_bias, dt_bias, A, D, chunk_size, initial_states=None, seq_idx=None, dt_limit=(0.0, float("inf")), return_final_states=False, activation="silu",
/src/gs25122/miniconda3/envs/mamba/lib/python3.10/site-packages/mamba_ssm/ops/triton/ssd_combined.py:836: FutureWarning: `torch.cuda.amp.custom_bwd(args...)` is deprecated. Please use `torch.amp.custom_bwd(args..., device_type='cuda')` instead.
  def backward(ctx, dout, *args):
mode=scratch  dataset=our2  seed=1  lr=0.000258  epochs=100  align=gravity yaw=180
  circle/spd_1             6412 samples    53.6 m
  random/spd_1             8216 samples    29.2 m
  random/spd_3             8281 samples    70.6 m
  updown_eight/spd_1       6193 samples    47.8 m
  updown_eight/spd_3       6278 samples    69.9 m
train sequences (1): circle/spd_1
  windows our2|gravity|180.0|none|circle/spd_1|train: 976 (cache)
  windows our2|gravity|180.0|none|circle/spd_1|val: 28 (cache)
trainable: 95,974 / 95,974 (100.0%)
Epoch   1/100 | loss 0.15376 | val ATE 8.7889 | best 8.7889 @1 | 1s
Epoch  10/100 | loss 0.02275 | val ATE 3.4936 | best 0.4730 @8 | 3s
Epoch  20/100 | loss 0.01643 | val ATE 10.6261 | best 0.4730 @8 | 5s
Epoch  30/100 | loss 0.01602 | val ATE 1.0532 | best 0.4730 @8 | 7s
Epoch  40/100 | loss 0.01568 | val ATE 1.0049 | best 0.4730 @8 | 9s
Epoch  50/100 | loss 0.01531 | val ATE 0.9282 | best 0.4730 @8 | 11s
Epoch  60/100 | loss 0.01499 | val ATE 0.9276 | best 0.4730 @8 | 13s
Epoch  70/100 | loss 0.01469 | val ATE 0.8639 | best 0.4730 @8 | 15s
Epoch  80/100 | loss 0.01443 | val ATE 0.8379 | best 0.4730 @8 | 17s
Epoch  90/100 | loss 0.01398 | val ATE 0.7860 | best 0.4730 @8 | 19s
Epoch 100/100 | loss 0.01377 | val ATE 0.7536 | best 0.4730 @8 | 20s

best val ATE 0.4730 at epoch 8

==============================================
  SCRATCH  our2 test
==============================================
trajectory           ATE [m]   TDE [%]
--------------------------------------
random/spd_1           1.958     52.16
random/spd_3           1.512     16.89
updown_eight/spd_1     0.875     14.91
updown_eight/spd_3     1.574     25.62
--------------------------------------
mean                   1.480     27.40

 SCRATCH  ATE 1.4797  TDE 27.3958
wrote /src/gs25122/MARIO/runs/transfer/our2_scratch_n1_s1
