/src/gs25122/miniconda3/envs/mamba/lib/python3.10/site-packages/mamba_ssm/ops/selective_scan_interface.py:164: FutureWarning: `torch.cuda.amp.custom_fwd(args...)` is deprecated. Please use `torch.amp.custom_fwd(args..., device_type='cuda')` instead.
  def forward(ctx, xz, conv1d_weight, conv1d_bias, x_proj_weight, delta_proj_weight,
/src/gs25122/miniconda3/envs/mamba/lib/python3.10/site-packages/mamba_ssm/ops/selective_scan_interface.py:240: FutureWarning: `torch.cuda.amp.custom_bwd(args...)` is deprecated. Please use `torch.amp.custom_bwd(args..., device_type='cuda')` instead.
  def backward(ctx, dout):
/src/gs25122/miniconda3/envs/mamba/lib/python3.10/site-packages/mamba_ssm/ops/triton/layer_norm.py:986: FutureWarning: `torch.cuda.amp.custom_fwd(args...)` is deprecated. Please use `torch.amp.custom_fwd(args..., device_type='cuda')` instead.
  def forward(
/src/gs25122/miniconda3/envs/mamba/lib/python3.10/site-packages/mamba_ssm/ops/triton/layer_norm.py:1045: FutureWarning: `torch.cuda.amp.custom_bwd(args...)` is deprecated. Please use `torch.amp.custom_bwd(args..., device_type='cuda')` instead.
  def backward(ctx, dout, *args):
/src/gs25122/miniconda3/envs/mamba/lib/python3.10/site-packages/mamba_ssm/distributed/tensor_parallel.py:26: FutureWarning: `torch.cuda.amp.custom_fwd(args...)` is deprecated. Please use `torch.amp.custom_fwd(args..., device_type='cuda')` instead.
  def forward(ctx, x, weight, bias, process_group=None, sequence_parallel=True):
/src/gs25122/miniconda3/envs/mamba/lib/python3.10/site-packages/mamba_ssm/distributed/tensor_parallel.py:62: FutureWarning: `torch.cuda.amp.custom_bwd(args...)` is deprecated. Please use `torch.amp.custom_bwd(args..., device_type='cuda')` instead.
  def backward(ctx, grad_output):
/src/gs25122/miniconda3/envs/mamba/lib/python3.10/site-packages/mamba_ssm/ops/triton/ssd_combined.py:758: FutureWarning: `torch.cuda.amp.custom_fwd(args...)` is deprecated. Please use `torch.amp.custom_fwd(args..., device_type='cuda')` instead.
  def forward(ctx, zxbcdt, conv1d_weight, conv1d_bias, dt_bias, A, D, chunk_size, initial_states=None, seq_idx=None, dt_limit=(0.0, float("inf")), return_final_states=False, activation="silu",
/src/gs25122/miniconda3/envs/mamba/lib/python3.10/site-packages/mamba_ssm/ops/triton/ssd_combined.py:836: FutureWarning: `torch.cuda.amp.custom_bwd(args...)` is deprecated. Please use `torch.amp.custom_bwd(args..., device_type='cuda')` instead.
  def backward(ctx, dout, *args):
mode=scratch  dataset=our2  seed=2  lr=0.000258  epochs=100  align=gravity yaw=180
  circle/spd_1             6412 samples    53.6 m
  circle/spd_3             6486 samples    47.7 m
  random/spd_1             8216 samples    29.2 m
  random/spd_3             8281 samples    70.6 m
  updown_eight/spd_1       6193 samples    47.8 m
  updown_eight/spd_3       6278 samples    69.9 m
train sequences (2): circle/spd_1 circle/spd_3
  windows our2|gravity|180.0|throttle|circle/spd_1-circle/spd_3|train: 1971 (cache)
  windows our2|gravity|180.0|throttle|circle/spd_1-circle/spd_3|val: 57 (cache)
trainable: 95,974 / 95,974 (100.0%)
Epoch   1/100 | loss 0.10752 | val ATE 4.1004 | best 4.1004 @1 | 1s
Epoch  10/100 | loss 0.01479 | val ATE 0.6889 | best 0.6889 @10 | 5s
Epoch  20/100 | loss 0.01075 | val ATE 0.6810 | best 0.6196 @18 | 9s
Epoch  30/100 | loss 0.01012 | val ATE 0.6461 | best 0.5911 @24 | 14s
Epoch  40/100 | loss 0.00987 | val ATE 0.6484 | best 0.5911 @24 | 18s
Epoch  50/100 | loss 0.00976 | val ATE 0.6655 | best 0.5911 @24 | 22s
Epoch  60/100 | loss 0.00965 | val ATE 0.6552 | best 0.5911 @24 | 27s
Epoch  70/100 | loss 0.00944 | val ATE 0.6408 | best 0.5911 @24 | 31s
Epoch  80/100 | loss 0.00943 | val ATE 0.6165 | best 0.5911 @24 | 35s
Epoch  90/100 | loss 0.00926 | val ATE 0.6404 | best 0.5911 @24 | 39s
Epoch 100/100 | loss 0.00901 | val ATE 0.6316 | best 0.5911 @24 | 43s

best val ATE 0.5911 at epoch 24

==============================================
  SCRATCH  our2 test
==============================================
trajectory           ATE [m]   TDE [%]
--------------------------------------
random/spd_1           0.858     22.86
random/spd_3           1.496     16.71
updown_eight/spd_1     1.026     17.49
updown_eight/spd_3     0.908     14.79
--------------------------------------
mean                   1.072     17.96

 SCRATCH  ATE 1.0721  TDE 17.9615
wrote /src/gs25122/MARIO/runs/transfer/our2_scratch_n2_throttle_s2
