/src/gs25122/miniconda3/envs/mamba/lib/python3.10/site-packages/mamba_ssm/ops/selective_scan_interface.py:164: FutureWarning: `torch.cuda.amp.custom_fwd(args...)` is deprecated. Please use `torch.amp.custom_fwd(args..., device_type='cuda')` instead.
  def forward(ctx, xz, conv1d_weight, conv1d_bias, x_proj_weight, delta_proj_weight,
/src/gs25122/miniconda3/envs/mamba/lib/python3.10/site-packages/mamba_ssm/ops/selective_scan_interface.py:240: FutureWarning: `torch.cuda.amp.custom_bwd(args...)` is deprecated. Please use `torch.amp.custom_bwd(args..., device_type='cuda')` instead.
  def backward(ctx, dout):
/src/gs25122/miniconda3/envs/mamba/lib/python3.10/site-packages/mamba_ssm/ops/triton/layer_norm.py:986: FutureWarning: `torch.cuda.amp.custom_fwd(args...)` is deprecated. Please use `torch.amp.custom_fwd(args..., device_type='cuda')` instead.
  def forward(
/src/gs25122/miniconda3/envs/mamba/lib/python3.10/site-packages/mamba_ssm/ops/triton/layer_norm.py:1045: FutureWarning: `torch.cuda.amp.custom_bwd(args...)` is deprecated. Please use `torch.amp.custom_bwd(args..., device_type='cuda')` instead.
  def backward(ctx, dout, *args):
/src/gs25122/miniconda3/envs/mamba/lib/python3.10/site-packages/mamba_ssm/distributed/tensor_parallel.py:26: FutureWarning: `torch.cuda.amp.custom_fwd(args...)` is deprecated. Please use `torch.amp.custom_fwd(args..., device_type='cuda')` instead.
  def forward(ctx, x, weight, bias, process_group=None, sequence_parallel=True):
/src/gs25122/miniconda3/envs/mamba/lib/python3.10/site-packages/mamba_ssm/distributed/tensor_parallel.py:62: FutureWarning: `torch.cuda.amp.custom_bwd(args...)` is deprecated. Please use `torch.amp.custom_bwd(args..., device_type='cuda')` instead.
  def backward(ctx, grad_output):
/src/gs25122/miniconda3/envs/mamba/lib/python3.10/site-packages/mamba_ssm/ops/triton/ssd_combined.py:758: FutureWarning: `torch.cuda.amp.custom_fwd(args...)` is deprecated. Please use `torch.amp.custom_fwd(args..., device_type='cuda')` instead.
  def forward(ctx, zxbcdt, conv1d_weight, conv1d_bias, dt_bias, A, D, chunk_size, initial_states=None, seq_idx=None, dt_limit=(0.0, float("inf")), return_final_states=False, activation="silu",
/src/gs25122/miniconda3/envs/mamba/lib/python3.10/site-packages/mamba_ssm/ops/triton/ssd_combined.py:836: FutureWarning: `torch.cuda.amp.custom_bwd(args...)` is deprecated. Please use `torch.amp.custom_bwd(args..., device_type='cuda')` instead.
  def backward(ctx, dout, *args):
mode=full  dataset=our2  seed=2  lr=2.58e-05  epochs=100  align=gravity yaw=180
  circle/spd_1             6412 samples    53.6 m
  random/spd_1             8216 samples    29.2 m
  random/spd_3             8281 samples    70.6 m
  updown_eight/spd_1       6193 samples    47.8 m
  updown_eight/spd_3       6278 samples    69.9 m
train sequences (1): circle/spd_1
  windows our2|gravity|180.0|none|circle/spd_1|train: 976 (cache)
  windows our2|gravity|180.0|none|circle/spd_1|val: 28 (cache)
trainable: 95,974 / 95,974 (100.0%)
Epoch   1/100 | loss 0.59665 | val ATE 3.7206 | best 3.7206 @1 | 1s
Epoch  10/100 | loss 0.13287 | val ATE 9.7542 | best 3.7206 @1 | 3s
Epoch  20/100 | loss 0.09415 | val ATE 7.1134 | best 3.7206 @1 | 5s
Epoch  30/100 | loss 0.06332 | val ATE 4.3693 | best 3.7206 @1 | 7s
Epoch  40/100 | loss 0.04346 | val ATE 2.0871 | best 2.0871 @40 | 9s
Epoch  50/100 | loss 0.03361 | val ATE 1.5235 | best 1.5106 @49 | 11s
Epoch  60/100 | loss 0.02813 | val ATE 1.0267 | best 0.8103 @58 | 13s
Epoch  70/100 | loss 0.02465 | val ATE 0.9210 | best 0.5861 @68 | 15s
Epoch  80/100 | loss 0.02240 | val ATE 1.3007 | best 0.4055 @76 | 18s
Epoch  90/100 | loss 0.02040 | val ATE 0.6509 | best 0.3450 @88 | 20s
Epoch 100/100 | loss 0.01884 | val ATE 0.3114 | best 0.3114 @100 | 21s

best val ATE 0.3114 at epoch 100

==============================================
  FULL  our2 test
==============================================
trajectory           ATE [m]   TDE [%]
--------------------------------------
random/spd_1           1.490     39.69
random/spd_3           2.179     24.34
updown_eight/spd_1     0.745     12.71
updown_eight/spd_3     1.000     16.28
--------------------------------------
mean                   1.353     23.25

    FULL  ATE 1.3535  TDE 23.2530
wrote /src/gs25122/MARIO/runs/transfer/our2_full_n1_s2
