/src/gs25122/miniconda3/envs/mamba/lib/python3.10/site-packages/mamba_ssm/ops/selective_scan_interface.py:164: FutureWarning: `torch.cuda.amp.custom_fwd(args...)` is deprecated. Please use `torch.amp.custom_fwd(args..., device_type='cuda')` instead.
  def forward(ctx, xz, conv1d_weight, conv1d_bias, x_proj_weight, delta_proj_weight,
/src/gs25122/miniconda3/envs/mamba/lib/python3.10/site-packages/mamba_ssm/ops/selective_scan_interface.py:240: FutureWarning: `torch.cuda.amp.custom_bwd(args...)` is deprecated. Please use `torch.amp.custom_bwd(args..., device_type='cuda')` instead.
  def backward(ctx, dout):
/src/gs25122/miniconda3/envs/mamba/lib/python3.10/site-packages/mamba_ssm/ops/triton/layer_norm.py:986: FutureWarning: `torch.cuda.amp.custom_fwd(args...)` is deprecated. Please use `torch.amp.custom_fwd(args..., device_type='cuda')` instead.
  def forward(
/src/gs25122/miniconda3/envs/mamba/lib/python3.10/site-packages/mamba_ssm/ops/triton/layer_norm.py:1045: FutureWarning: `torch.cuda.amp.custom_bwd(args...)` is deprecated. Please use `torch.amp.custom_bwd(args..., device_type='cuda')` instead.
  def backward(ctx, dout, *args):
/src/gs25122/miniconda3/envs/mamba/lib/python3.10/site-packages/mamba_ssm/distributed/tensor_parallel.py:26: FutureWarning: `torch.cuda.amp.custom_fwd(args...)` is deprecated. Please use `torch.amp.custom_fwd(args..., device_type='cuda')` instead.
  def forward(ctx, x, weight, bias, process_group=None, sequence_parallel=True):
/src/gs25122/miniconda3/envs/mamba/lib/python3.10/site-packages/mamba_ssm/distributed/tensor_parallel.py:62: FutureWarning: `torch.cuda.amp.custom_bwd(args...)` is deprecated. Please use `torch.amp.custom_bwd(args..., device_type='cuda')` instead.
  def backward(ctx, grad_output):
/src/gs25122/miniconda3/envs/mamba/lib/python3.10/site-packages/mamba_ssm/ops/triton/ssd_combined.py:758: FutureWarning: `torch.cuda.amp.custom_fwd(args...)` is deprecated. Please use `torch.amp.custom_fwd(args..., device_type='cuda')` instead.
  def forward(ctx, zxbcdt, conv1d_weight, conv1d_bias, dt_bias, A, D, chunk_size, initial_states=None, seq_idx=None, dt_limit=(0.0, float("inf")), return_final_states=False, activation="silu",
/src/gs25122/miniconda3/envs/mamba/lib/python3.10/site-packages/mamba_ssm/ops/triton/ssd_combined.py:836: FutureWarning: `torch.cuda.amp.custom_bwd(args...)` is deprecated. Please use `torch.amp.custom_bwd(args..., device_type='cuda')` instead.
  def backward(ctx, dout, *args):
mode=scratch  dataset=our2  seed=42  lr=0.000258  epochs=100  align=gravity yaw=180
  circle/spd_1             6412 samples    53.6 m
  circle/spd_3             6486 samples    47.7 m
  random/spd_1             8216 samples    29.2 m
  random/spd_3             8281 samples    70.6 m
  updown_eight/spd_1       6193 samples    47.8 m
  updown_eight/spd_3       6278 samples    69.9 m
train sequences (2): circle/spd_1 circle/spd_3
  windows our2|gravity|180.0|none|circle/spd_1-circle/spd_3|train: 1971 (cache)
  windows our2|gravity|180.0|none|circle/spd_1-circle/spd_3|val: 57 (cache)
trainable: 95,974 / 95,974 (100.0%)
Epoch   1/100 | loss 0.11818 | val ATE 3.2471 | best 3.2471 @1 | 1s
Epoch  10/100 | loss 0.01766 | val ATE 2.6397 | best 0.8412 @3 | 5s
Epoch  20/100 | loss 0.01611 | val ATE 0.7547 | best 0.7542 @19 | 9s
Epoch  30/100 | loss 0.01561 | val ATE 0.7140 | best 0.7140 @30 | 13s
Epoch  40/100 | loss 0.01519 | val ATE 0.7017 | best 0.6739 @39 | 17s
Epoch  50/100 | loss 0.01477 | val ATE 0.6888 | best 0.6291 @49 | 22s
Epoch  60/100 | loss 0.01428 | val ATE 0.6187 | best 0.6033 @56 | 26s
Epoch  70/100 | loss 0.01392 | val ATE 0.5756 | best 0.5655 @65 | 30s
Epoch  80/100 | loss 0.01349 | val ATE 0.5597 | best 0.5402 @79 | 34s
Epoch  90/100 | loss 0.01305 | val ATE 0.5304 | best 0.5304 @90 | 38s
Epoch 100/100 | loss 0.01278 | val ATE 0.5544 | best 0.5113 @99 | 42s

best val ATE 0.5113 at epoch 99

==============================================
  SCRATCH  our2 test
==============================================
trajectory           ATE [m]   TDE [%]
--------------------------------------
random/spd_1           1.403     37.38
random/spd_3           1.525     17.03
updown_eight/spd_1     0.916     15.61
updown_eight/spd_3     1.008     16.42
--------------------------------------
mean                   1.213     21.61

 SCRATCH  ATE 1.2130  TDE 21.6088
wrote /src/gs25122/MARIO/runs/transfer/our2_scratch_n2_s42
