/src/gs25122/miniconda3/envs/mamba/lib/python3.10/site-packages/mamba_ssm/ops/selective_scan_interface.py:164: FutureWarning: `torch.cuda.amp.custom_fwd(args...)` is deprecated. Please use `torch.amp.custom_fwd(args..., device_type='cuda')` instead.
  def forward(ctx, xz, conv1d_weight, conv1d_bias, x_proj_weight, delta_proj_weight,
/src/gs25122/miniconda3/envs/mamba/lib/python3.10/site-packages/mamba_ssm/ops/selective_scan_interface.py:240: FutureWarning: `torch.cuda.amp.custom_bwd(args...)` is deprecated. Please use `torch.amp.custom_bwd(args..., device_type='cuda')` instead.
  def backward(ctx, dout):
/src/gs25122/miniconda3/envs/mamba/lib/python3.10/site-packages/mamba_ssm/ops/triton/layer_norm.py:986: FutureWarning: `torch.cuda.amp.custom_fwd(args...)` is deprecated. Please use `torch.amp.custom_fwd(args..., device_type='cuda')` instead.
  def forward(
/src/gs25122/miniconda3/envs/mamba/lib/python3.10/site-packages/mamba_ssm/ops/triton/layer_norm.py:1045: FutureWarning: `torch.cuda.amp.custom_bwd(args...)` is deprecated. Please use `torch.amp.custom_bwd(args..., device_type='cuda')` instead.
  def backward(ctx, dout, *args):
/src/gs25122/miniconda3/envs/mamba/lib/python3.10/site-packages/mamba_ssm/distributed/tensor_parallel.py:26: FutureWarning: `torch.cuda.amp.custom_fwd(args...)` is deprecated. Please use `torch.amp.custom_fwd(args..., device_type='cuda')` instead.
  def forward(ctx, x, weight, bias, process_group=None, sequence_parallel=True):
/src/gs25122/miniconda3/envs/mamba/lib/python3.10/site-packages/mamba_ssm/distributed/tensor_parallel.py:62: FutureWarning: `torch.cuda.amp.custom_bwd(args...)` is deprecated. Please use `torch.amp.custom_bwd(args..., device_type='cuda')` instead.
  def backward(ctx, grad_output):
/src/gs25122/miniconda3/envs/mamba/lib/python3.10/site-packages/mamba_ssm/ops/triton/ssd_combined.py:758: FutureWarning: `torch.cuda.amp.custom_fwd(args...)` is deprecated. Please use `torch.amp.custom_fwd(args..., device_type='cuda')` instead.
  def forward(ctx, zxbcdt, conv1d_weight, conv1d_bias, dt_bias, A, D, chunk_size, initial_states=None, seq_idx=None, dt_limit=(0.0, float("inf")), return_final_states=False, activation="silu",
/src/gs25122/miniconda3/envs/mamba/lib/python3.10/site-packages/mamba_ssm/ops/triton/ssd_combined.py:836: FutureWarning: `torch.cuda.amp.custom_bwd(args...)` is deprecated. Please use `torch.amp.custom_bwd(args..., device_type='cuda')` instead.
  def backward(ctx, dout, *args):
mode=scratch  dataset=our2  seed=42  lr=0.000258  epochs=100  align=gravity yaw=180
  circle/spd_1             6412 samples    53.6 m
  circle/spd_3             6486 samples    47.7 m
  random/spd_1             8216 samples    29.2 m
  random/spd_3             8281 samples    70.6 m
  updown_eight/spd_1       6193 samples    47.8 m
  updown_eight/spd_3       6278 samples    69.9 m
train sequences (2): circle/spd_1 circle/spd_3
  windows our2|gravity|180.0|throttle|circle/spd_1-circle/spd_3|train: 1971 (built)
  windows our2|gravity|180.0|throttle|circle/spd_1-circle/spd_3|val: 57 (built)
trainable: 95,974 / 95,974 (100.0%)
Epoch   1/100 | loss 0.10940 | val ATE 3.0109 | best 3.0109 @1 | 1s
Epoch  10/100 | loss 0.01632 | val ATE 1.4999 | best 0.6538 @4 | 5s
Epoch  20/100 | loss 0.01384 | val ATE 0.6347 | best 0.6010 @17 | 9s
Epoch  30/100 | loss 0.01241 | val ATE 0.5691 | best 0.5386 @25 | 13s
Epoch  40/100 | loss 0.01198 | val ATE 0.5185 | best 0.4908 @39 | 17s
Epoch  50/100 | loss 0.01180 | val ATE 0.5273 | best 0.4908 @39 | 22s
Epoch  60/100 | loss 0.01150 | val ATE 0.5109 | best 0.4908 @39 | 26s
Epoch  70/100 | loss 0.01135 | val ATE 0.5005 | best 0.4908 @39 | 30s
Epoch  80/100 | loss 0.01099 | val ATE 0.5085 | best 0.4908 @39 | 35s
Epoch  90/100 | loss 0.01070 | val ATE 0.5211 | best 0.4908 @39 | 39s
Epoch 100/100 | loss 0.01057 | val ATE 0.5289 | best 0.4908 @39 | 43s

best val ATE 0.4908 at epoch 39

==============================================
  SCRATCH  our2 test
==============================================
trajectory           ATE [m]   TDE [%]
--------------------------------------
random/spd_1           1.760     46.89
random/spd_3           1.777     19.85
updown_eight/spd_1     0.951     16.20
updown_eight/spd_3     0.901     14.68
--------------------------------------
mean                   1.347     24.40

 SCRATCH  ATE 1.3472  TDE 24.4033
wrote /src/gs25122/MARIO/runs/transfer/our2_scratch_n2_throttle_s42
