/src/gs25122/miniconda3/envs/mamba/lib/python3.10/site-packages/mamba_ssm/ops/selective_scan_interface.py:164: FutureWarning: `torch.cuda.amp.custom_fwd(args...)` is deprecated. Please use `torch.amp.custom_fwd(args..., device_type='cuda')` instead.
  def forward(ctx, xz, conv1d_weight, conv1d_bias, x_proj_weight, delta_proj_weight,
/src/gs25122/miniconda3/envs/mamba/lib/python3.10/site-packages/mamba_ssm/ops/selective_scan_interface.py:240: FutureWarning: `torch.cuda.amp.custom_bwd(args...)` is deprecated. Please use `torch.amp.custom_bwd(args..., device_type='cuda')` instead.
  def backward(ctx, dout):
/src/gs25122/miniconda3/envs/mamba/lib/python3.10/site-packages/mamba_ssm/ops/triton/layer_norm.py:986: FutureWarning: `torch.cuda.amp.custom_fwd(args...)` is deprecated. Please use `torch.amp.custom_fwd(args..., device_type='cuda')` instead.
  def forward(
/src/gs25122/miniconda3/envs/mamba/lib/python3.10/site-packages/mamba_ssm/ops/triton/layer_norm.py:1045: FutureWarning: `torch.cuda.amp.custom_bwd(args...)` is deprecated. Please use `torch.amp.custom_bwd(args..., device_type='cuda')` instead.
  def backward(ctx, dout, *args):
/src/gs25122/miniconda3/envs/mamba/lib/python3.10/site-packages/mamba_ssm/distributed/tensor_parallel.py:26: FutureWarning: `torch.cuda.amp.custom_fwd(args...)` is deprecated. Please use `torch.amp.custom_fwd(args..., device_type='cuda')` instead.
  def forward(ctx, x, weight, bias, process_group=None, sequence_parallel=True):
/src/gs25122/miniconda3/envs/mamba/lib/python3.10/site-packages/mamba_ssm/distributed/tensor_parallel.py:62: FutureWarning: `torch.cuda.amp.custom_bwd(args...)` is deprecated. Please use `torch.amp.custom_bwd(args..., device_type='cuda')` instead.
  def backward(ctx, grad_output):
/src/gs25122/miniconda3/envs/mamba/lib/python3.10/site-packages/mamba_ssm/ops/triton/ssd_combined.py:758: FutureWarning: `torch.cuda.amp.custom_fwd(args...)` is deprecated. Please use `torch.amp.custom_fwd(args..., device_type='cuda')` instead.
  def forward(ctx, zxbcdt, conv1d_weight, conv1d_bias, dt_bias, A, D, chunk_size, initial_states=None, seq_idx=None, dt_limit=(0.0, float("inf")), return_final_states=False, activation="silu",
/src/gs25122/miniconda3/envs/mamba/lib/python3.10/site-packages/mamba_ssm/ops/triton/ssd_combined.py:836: FutureWarning: `torch.cuda.amp.custom_bwd(args...)` is deprecated. Please use `torch.amp.custom_bwd(args..., device_type='cuda')` instead.
  def backward(ctx, dout, *args):
mode=full  dataset=our2  seed=1  lr=2.58e-05  epochs=100  align=gravity yaw=180
  circle/spd_1             6412 samples    53.6 m
  random/spd_1             8216 samples    29.2 m
  random/spd_3             8281 samples    70.6 m
  updown_eight/spd_1       6193 samples    47.8 m
  updown_eight/spd_3       6278 samples    69.9 m
train sequences (1): circle/spd_1
  windows our2|gravity|180.0|none|circle/spd_1|train: 976 (cache)
  windows our2|gravity|180.0|none|circle/spd_1|val: 28 (cache)
trainable: 95,974 / 95,974 (100.0%)
Epoch   1/100 | loss 0.66120 | val ATE 3.5808 | best 3.5808 @1 | 1s
Epoch  10/100 | loss 0.13189 | val ATE 9.5979 | best 3.5808 @1 | 3s
Epoch  20/100 | loss 0.09328 | val ATE 6.9789 | best 3.5808 @1 | 5s
Epoch  30/100 | loss 0.06259 | val ATE 4.2651 | best 3.5808 @1 | 7s
Epoch  40/100 | loss 0.04315 | val ATE 1.9681 | best 1.9681 @40 | 9s
Epoch  50/100 | loss 0.03330 | val ATE 1.3412 | best 1.3153 @49 | 12s
Epoch  60/100 | loss 0.02808 | val ATE 0.9541 | best 0.8972 @57 | 13s
Epoch  70/100 | loss 0.02473 | val ATE 1.0867 | best 0.6957 @69 | 15s
Epoch  80/100 | loss 0.02231 | val ATE 1.0702 | best 0.6130 @72 | 18s
Epoch  90/100 | loss 0.02024 | val ATE 0.7591 | best 0.3399 @84 | 20s
Epoch 100/100 | loss 0.01889 | val ATE 1.0346 | best 0.3399 @84 | 22s

best val ATE 0.3399 at epoch 84

==============================================
  FULL  our2 test
==============================================
trajectory           ATE [m]   TDE [%]
--------------------------------------
random/spd_1           1.580     42.08
random/spd_3           2.125     23.74
updown_eight/spd_1     0.803     13.69
updown_eight/spd_3     1.090     17.75
--------------------------------------
mean                   1.400     24.31

    FULL  ATE 1.3995  TDE 24.3139
wrote /src/gs25122/MARIO/runs/transfer/our2_full_n1_s1
