/src/gs25122/miniconda3/envs/mamba/lib/python3.10/site-packages/mamba_ssm/ops/selective_scan_interface.py:164: FutureWarning: `torch.cuda.amp.custom_fwd(args...)` is deprecated. Please use `torch.amp.custom_fwd(args..., device_type='cuda')` instead.
  def forward(ctx, xz, conv1d_weight, conv1d_bias, x_proj_weight, delta_proj_weight,
/src/gs25122/miniconda3/envs/mamba/lib/python3.10/site-packages/mamba_ssm/ops/selective_scan_interface.py:240: FutureWarning: `torch.cuda.amp.custom_bwd(args...)` is deprecated. Please use `torch.amp.custom_bwd(args..., device_type='cuda')` instead.
  def backward(ctx, dout):
/src/gs25122/miniconda3/envs/mamba/lib/python3.10/site-packages/mamba_ssm/ops/triton/layer_norm.py:986: FutureWarning: `torch.cuda.amp.custom_fwd(args...)` is deprecated. Please use `torch.amp.custom_fwd(args..., device_type='cuda')` instead.
  def forward(
/src/gs25122/miniconda3/envs/mamba/lib/python3.10/site-packages/mamba_ssm/ops/triton/layer_norm.py:1045: FutureWarning: `torch.cuda.amp.custom_bwd(args...)` is deprecated. Please use `torch.amp.custom_bwd(args..., device_type='cuda')` instead.
  def backward(ctx, dout, *args):
/src/gs25122/miniconda3/envs/mamba/lib/python3.10/site-packages/mamba_ssm/distributed/tensor_parallel.py:26: FutureWarning: `torch.cuda.amp.custom_fwd(args...)` is deprecated. Please use `torch.amp.custom_fwd(args..., device_type='cuda')` instead.
  def forward(ctx, x, weight, bias, process_group=None, sequence_parallel=True):
/src/gs25122/miniconda3/envs/mamba/lib/python3.10/site-packages/mamba_ssm/distributed/tensor_parallel.py:62: FutureWarning: `torch.cuda.amp.custom_bwd(args...)` is deprecated. Please use `torch.amp.custom_bwd(args..., device_type='cuda')` instead.
  def backward(ctx, grad_output):
/src/gs25122/miniconda3/envs/mamba/lib/python3.10/site-packages/mamba_ssm/ops/triton/ssd_combined.py:758: FutureWarning: `torch.cuda.amp.custom_fwd(args...)` is deprecated. Please use `torch.amp.custom_fwd(args..., device_type='cuda')` instead.
  def forward(ctx, zxbcdt, conv1d_weight, conv1d_bias, dt_bias, A, D, chunk_size, initial_states=None, seq_idx=None, dt_limit=(0.0, float("inf")), return_final_states=False, activation="silu",
/src/gs25122/miniconda3/envs/mamba/lib/python3.10/site-packages/mamba_ssm/ops/triton/ssd_combined.py:836: FutureWarning: `torch.cuda.amp.custom_bwd(args...)` is deprecated. Please use `torch.amp.custom_bwd(args..., device_type='cuda')` instead.
  def backward(ctx, dout, *args):
mode=full  dataset=our2  seed=42  lr=2.58e-05  epochs=100  align=gravity yaw=180
  circle/spd_1             6412 samples    53.6 m
  circle/spd_3             6486 samples    47.7 m
  eight/spd_1              5962 samples    48.0 m
  eight/spd_3              5955 samples    86.8 m
  random/spd_1             8216 samples    29.2 m
  random/spd_3             8281 samples    70.6 m
  updown_eight/spd_1       6193 samples    47.8 m
  updown_eight/spd_3       6278 samples    69.9 m
train sequences (4): circle/spd_1 circle/spd_3 eight/spd_1 eight/spd_3
  windows our2|gravity|180.0|none|circle/spd_1-circle/spd_3-eight/spd_1-eight/spd_3|train: 3681 (cache)
  windows our2|gravity|180.0|none|circle/spd_1-circle/spd_3-eight/spd_1-eight/spd_3|val: 95 (cache)
trainable: 95,974 / 95,974 (100.0%)
Epoch   1/100 | loss 0.21412 | val ATE 11.3804 | best 11.3804 @1 | 2s
Epoch  10/100 | loss 0.03092 | val ATE 2.0414 | best 0.9523 @9 | 9s
Epoch  20/100 | loss 0.01921 | val ATE 2.7556 | best 0.8287 @17 | 16s
Epoch  30/100 | loss 0.01634 | val ATE 1.3067 | best 0.6813 @21 | 24s
Epoch  40/100 | loss 0.01576 | val ATE 0.6622 | best 0.5828 @39 | 32s
Epoch  50/100 | loss 0.01518 | val ATE 0.7536 | best 0.5603 @46 | 39s
Epoch  60/100 | loss 0.01442 | val ATE 0.5297 | best 0.5297 @60 | 47s
Epoch  70/100 | loss 0.01403 | val ATE 1.2738 | best 0.5248 @69 | 55s
Epoch  80/100 | loss 0.01364 | val ATE 0.5881 | best 0.5025 @78 | 63s
Epoch  90/100 | loss 0.01342 | val ATE 1.0173 | best 0.4855 @88 | 71s
Epoch 100/100 | loss 0.01291 | val ATE 1.1645 | best 0.4855 @88 | 78s

best val ATE 0.4855 at epoch 88

==============================================
  FULL  our2 test
==============================================
trajectory           ATE [m]   TDE [%]
--------------------------------------
random/spd_1           3.368     89.72
random/spd_3           3.024     33.78
updown_eight/spd_1     0.990     16.87
updown_eight/spd_3     0.993     16.16
--------------------------------------
mean                   2.094     39.13

    FULL  ATE 2.0936  TDE 39.1331
wrote /src/gs25122/MARIO/runs/transfer/our2_full_n4_s42
