/src/gs25122/miniconda3/envs/mamba/lib/python3.10/site-packages/mamba_ssm/ops/selective_scan_interface.py:164: FutureWarning: `torch.cuda.amp.custom_fwd(args...)` is deprecated. Please use `torch.amp.custom_fwd(args..., device_type='cuda')` instead.
  def forward(ctx, xz, conv1d_weight, conv1d_bias, x_proj_weight, delta_proj_weight,
/src/gs25122/miniconda3/envs/mamba/lib/python3.10/site-packages/mamba_ssm/ops/selective_scan_interface.py:240: FutureWarning: `torch.cuda.amp.custom_bwd(args...)` is deprecated. Please use `torch.amp.custom_bwd(args..., device_type='cuda')` instead.
  def backward(ctx, dout):
/src/gs25122/miniconda3/envs/mamba/lib/python3.10/site-packages/mamba_ssm/ops/triton/layer_norm.py:986: FutureWarning: `torch.cuda.amp.custom_fwd(args...)` is deprecated. Please use `torch.amp.custom_fwd(args..., device_type='cuda')` instead.
  def forward(
/src/gs25122/miniconda3/envs/mamba/lib/python3.10/site-packages/mamba_ssm/ops/triton/layer_norm.py:1045: FutureWarning: `torch.cuda.amp.custom_bwd(args...)` is deprecated. Please use `torch.amp.custom_bwd(args..., device_type='cuda')` instead.
  def backward(ctx, dout, *args):
/src/gs25122/miniconda3/envs/mamba/lib/python3.10/site-packages/mamba_ssm/distributed/tensor_parallel.py:26: FutureWarning: `torch.cuda.amp.custom_fwd(args...)` is deprecated. Please use `torch.amp.custom_fwd(args..., device_type='cuda')` instead.
  def forward(ctx, x, weight, bias, process_group=None, sequence_parallel=True):
/src/gs25122/miniconda3/envs/mamba/lib/python3.10/site-packages/mamba_ssm/distributed/tensor_parallel.py:62: FutureWarning: `torch.cuda.amp.custom_bwd(args...)` is deprecated. Please use `torch.amp.custom_bwd(args..., device_type='cuda')` instead.
  def backward(ctx, grad_output):
/src/gs25122/miniconda3/envs/mamba/lib/python3.10/site-packages/mamba_ssm/ops/triton/ssd_combined.py:758: FutureWarning: `torch.cuda.amp.custom_fwd(args...)` is deprecated. Please use `torch.amp.custom_fwd(args..., device_type='cuda')` instead.
  def forward(ctx, zxbcdt, conv1d_weight, conv1d_bias, dt_bias, A, D, chunk_size, initial_states=None, seq_idx=None, dt_limit=(0.0, float("inf")), return_final_states=False, activation="silu",
/src/gs25122/miniconda3/envs/mamba/lib/python3.10/site-packages/mamba_ssm/ops/triton/ssd_combined.py:836: FutureWarning: `torch.cuda.amp.custom_bwd(args...)` is deprecated. Please use `torch.amp.custom_bwd(args..., device_type='cuda')` instead.
  def backward(ctx, dout, *args):
mode=scratch  dataset=our2  seed=3  lr=0.000258  epochs=100  align=gravity yaw=180
  circle/spd_1             6412 samples    53.6 m
  circle/spd_3             6486 samples    47.7 m
  random/spd_1             8216 samples    29.2 m
  random/spd_3             8281 samples    70.6 m
  updown_eight/spd_1       6193 samples    47.8 m
  updown_eight/spd_3       6278 samples    69.9 m
train sequences (2): circle/spd_1 circle/spd_3
  windows our2|gravity|180.0|throttle|circle/spd_1-circle/spd_3|train: 1971 (cache)
  windows our2|gravity|180.0|throttle|circle/spd_1-circle/spd_3|val: 57 (cache)
trainable: 95,974 / 95,974 (100.0%)
Epoch   1/100 | loss 0.10564 | val ATE 3.5323 | best 3.5323 @1 | 1s
Epoch  10/100 | loss 0.01618 | val ATE 0.8528 | best 0.8528 @10 | 5s
Epoch  20/100 | loss 0.01095 | val ATE 0.6335 | best 0.6006 @19 | 9s
Epoch  30/100 | loss 0.00878 | val ATE 0.4803 | best 0.4463 @26 | 14s
Epoch  40/100 | loss 0.00851 | val ATE 0.4817 | best 0.4463 @26 | 18s
Epoch  50/100 | loss 0.00852 | val ATE 0.4902 | best 0.4463 @26 | 22s
Epoch  60/100 | loss 0.00839 | val ATE 0.4770 | best 0.4463 @26 | 26s
Epoch  70/100 | loss 0.00838 | val ATE 0.5017 | best 0.4463 @26 | 31s
Epoch  80/100 | loss 0.00829 | val ATE 0.4854 | best 0.4463 @26 | 35s
Epoch  90/100 | loss 0.00806 | val ATE 0.4674 | best 0.4463 @26 | 39s
Epoch 100/100 | loss 0.00796 | val ATE 0.4678 | best 0.4463 @26 | 44s

best val ATE 0.4463 at epoch 26

==============================================
  SCRATCH  our2 test
==============================================
trajectory           ATE [m]   TDE [%]
--------------------------------------
random/spd_1           1.008     26.85
random/spd_3           1.489     16.63
updown_eight/spd_1     0.760     12.95
updown_eight/spd_3     0.829     13.50
--------------------------------------
mean                   1.021     17.48

 SCRATCH  ATE 1.0215  TDE 17.4834
wrote /src/gs25122/MARIO/runs/transfer/our2_scratch_n2_throttle_s3
