/src/gs25122/miniconda3/envs/mamba/lib/python3.10/site-packages/mamba_ssm/ops/selective_scan_interface.py:164: FutureWarning: `torch.cuda.amp.custom_fwd(args...)` is deprecated. Please use `torch.amp.custom_fwd(args..., device_type='cuda')` instead.
  def forward(ctx, xz, conv1d_weight, conv1d_bias, x_proj_weight, delta_proj_weight,
/src/gs25122/miniconda3/envs/mamba/lib/python3.10/site-packages/mamba_ssm/ops/selective_scan_interface.py:240: FutureWarning: `torch.cuda.amp.custom_bwd(args...)` is deprecated. Please use `torch.amp.custom_bwd(args..., device_type='cuda')` instead.
  def backward(ctx, dout):
/src/gs25122/miniconda3/envs/mamba/lib/python3.10/site-packages/mamba_ssm/ops/triton/layer_norm.py:986: FutureWarning: `torch.cuda.amp.custom_fwd(args...)` is deprecated. Please use `torch.amp.custom_fwd(args..., device_type='cuda')` instead.
  def forward(
/src/gs25122/miniconda3/envs/mamba/lib/python3.10/site-packages/mamba_ssm/ops/triton/layer_norm.py:1045: FutureWarning: `torch.cuda.amp.custom_bwd(args...)` is deprecated. Please use `torch.amp.custom_bwd(args..., device_type='cuda')` instead.
  def backward(ctx, dout, *args):
/src/gs25122/miniconda3/envs/mamba/lib/python3.10/site-packages/mamba_ssm/distributed/tensor_parallel.py:26: FutureWarning: `torch.cuda.amp.custom_fwd(args...)` is deprecated. Please use `torch.amp.custom_fwd(args..., device_type='cuda')` instead.
  def forward(ctx, x, weight, bias, process_group=None, sequence_parallel=True):
/src/gs25122/miniconda3/envs/mamba/lib/python3.10/site-packages/mamba_ssm/distributed/tensor_parallel.py:62: FutureWarning: `torch.cuda.amp.custom_bwd(args...)` is deprecated. Please use `torch.amp.custom_bwd(args..., device_type='cuda')` instead.
  def backward(ctx, grad_output):
/src/gs25122/miniconda3/envs/mamba/lib/python3.10/site-packages/mamba_ssm/ops/triton/ssd_combined.py:758: FutureWarning: `torch.cuda.amp.custom_fwd(args...)` is deprecated. Please use `torch.amp.custom_fwd(args..., device_type='cuda')` instead.
  def forward(ctx, zxbcdt, conv1d_weight, conv1d_bias, dt_bias, A, D, chunk_size, initial_states=None, seq_idx=None, dt_limit=(0.0, float("inf")), return_final_states=False, activation="silu",
/src/gs25122/miniconda3/envs/mamba/lib/python3.10/site-packages/mamba_ssm/ops/triton/ssd_combined.py:836: FutureWarning: `torch.cuda.amp.custom_bwd(args...)` is deprecated. Please use `torch.amp.custom_bwd(args..., device_type='cuda')` instead.
  def backward(ctx, dout, *args):
mode=scratch  dataset=our2  seed=2  lr=0.000258  epochs=100  align=gravity yaw=180
  circle/spd_1             6412 samples    53.6 m
  circle/spd_3             6486 samples    47.7 m
  eight/spd_1              5962 samples    48.0 m
  eight/spd_3              5955 samples    86.8 m
  random/spd_1             8216 samples    29.2 m
  random/spd_3             8281 samples    70.6 m
  updown_eight/spd_1       6193 samples    47.8 m
  updown_eight/spd_3       6278 samples    69.9 m
train sequences (4): circle/spd_1 circle/spd_3 eight/spd_1 eight/spd_3
  windows our2|gravity|180.0|none|circle/spd_1-circle/spd_3-eight/spd_1-eight/spd_3|train: 3681 (cache)
  windows our2|gravity|180.0|none|circle/spd_1-circle/spd_3-eight/spd_1-eight/spd_3|val: 95 (cache)
trainable: 95,974 / 95,974 (100.0%)
Epoch   1/100 | loss 0.10370 | val ATE 1.6109 | best 1.6109 @1 | 2s
Epoch  10/100 | loss 0.01692 | val ATE 0.5677 | best 0.5677 @10 | 9s
Epoch  20/100 | loss 0.01483 | val ATE 0.4836 | best 0.4790 @19 | 17s
Epoch  30/100 | loss 0.01323 | val ATE 0.4313 | best 0.4074 @29 | 24s
Epoch  40/100 | loss 0.01212 | val ATE 0.4348 | best 0.3815 @39 | 33s
Epoch  50/100 | loss 0.01148 | val ATE 0.3623 | best 0.3623 @50 | 41s
Epoch  60/100 | loss 0.01132 | val ATE 0.3614 | best 0.3584 @58 | 48s
Epoch  70/100 | loss 0.01115 | val ATE 0.3574 | best 0.3572 @69 | 56s
Epoch  80/100 | loss 0.01113 | val ATE 0.3712 | best 0.3572 @69 | 64s
Epoch  90/100 | loss 0.01097 | val ATE 0.3658 | best 0.3540 @81 | 72s
Epoch 100/100 | loss 0.01078 | val ATE 0.3670 | best 0.3485 @91 | 80s

best val ATE 0.3485 at epoch 91

==============================================
  SCRATCH  our2 test
==============================================
trajectory           ATE [m]   TDE [%]
--------------------------------------
random/spd_1           3.204     85.36
random/spd_3           2.992     33.43
updown_eight/spd_1     0.796     13.58
updown_eight/spd_3     0.722     11.75
--------------------------------------
mean                   1.929     36.03

 SCRATCH  ATE 1.9287  TDE 36.0270
wrote /src/gs25122/MARIO/runs/transfer/our2_scratch_n4_s2
