/src/gs25122/miniconda3/envs/mamba/lib/python3.10/site-packages/mamba_ssm/ops/selective_scan_interface.py:164: FutureWarning: `torch.cuda.amp.custom_fwd(args...)` is deprecated. Please use `torch.amp.custom_fwd(args..., device_type='cuda')` instead.
  def forward(ctx, xz, conv1d_weight, conv1d_bias, x_proj_weight, delta_proj_weight,
/src/gs25122/miniconda3/envs/mamba/lib/python3.10/site-packages/mamba_ssm/ops/selective_scan_interface.py:240: FutureWarning: `torch.cuda.amp.custom_bwd(args...)` is deprecated. Please use `torch.amp.custom_bwd(args..., device_type='cuda')` instead.
  def backward(ctx, dout):
/src/gs25122/miniconda3/envs/mamba/lib/python3.10/site-packages/mamba_ssm/ops/triton/layer_norm.py:986: FutureWarning: `torch.cuda.amp.custom_fwd(args...)` is deprecated. Please use `torch.amp.custom_fwd(args..., device_type='cuda')` instead.
  def forward(
/src/gs25122/miniconda3/envs/mamba/lib/python3.10/site-packages/mamba_ssm/ops/triton/layer_norm.py:1045: FutureWarning: `torch.cuda.amp.custom_bwd(args...)` is deprecated. Please use `torch.amp.custom_bwd(args..., device_type='cuda')` instead.
  def backward(ctx, dout, *args):
/src/gs25122/miniconda3/envs/mamba/lib/python3.10/site-packages/mamba_ssm/distributed/tensor_parallel.py:26: FutureWarning: `torch.cuda.amp.custom_fwd(args...)` is deprecated. Please use `torch.amp.custom_fwd(args..., device_type='cuda')` instead.
  def forward(ctx, x, weight, bias, process_group=None, sequence_parallel=True):
/src/gs25122/miniconda3/envs/mamba/lib/python3.10/site-packages/mamba_ssm/distributed/tensor_parallel.py:62: FutureWarning: `torch.cuda.amp.custom_bwd(args...)` is deprecated. Please use `torch.amp.custom_bwd(args..., device_type='cuda')` instead.
  def backward(ctx, grad_output):
/src/gs25122/miniconda3/envs/mamba/lib/python3.10/site-packages/mamba_ssm/ops/triton/ssd_combined.py:758: FutureWarning: `torch.cuda.amp.custom_fwd(args...)` is deprecated. Please use `torch.amp.custom_fwd(args..., device_type='cuda')` instead.
  def forward(ctx, zxbcdt, conv1d_weight, conv1d_bias, dt_bias, A, D, chunk_size, initial_states=None, seq_idx=None, dt_limit=(0.0, float("inf")), return_final_states=False, activation="silu",
/src/gs25122/miniconda3/envs/mamba/lib/python3.10/site-packages/mamba_ssm/ops/triton/ssd_combined.py:836: FutureWarning: `torch.cuda.amp.custom_bwd(args...)` is deprecated. Please use `torch.amp.custom_bwd(args..., device_type='cuda')` instead.
  def backward(ctx, dout, *args):
mode=scratch  dataset=our2  seed=3  lr=0.000258  epochs=100  align=gravity yaw=180
  circle/spd_1             6412 samples    53.6 m
  circle/spd_3             6486 samples    47.7 m
  random/spd_1             8216 samples    29.2 m
  random/spd_3             8281 samples    70.6 m
  updown_eight/spd_1       6193 samples    47.8 m
  updown_eight/spd_3       6278 samples    69.9 m
train sequences (2): circle/spd_1 circle/spd_3
  windows our2|gravity|180.0|rotor|circle/spd_1-circle/spd_3|train: 1971 (cache)
  windows our2|gravity|180.0|rotor|circle/spd_1-circle/spd_3|val: 57 (cache)
trainable: 95,974 / 95,974 (100.0%)
Epoch   1/100 | loss 0.11177 | val ATE 3.7546 | best 3.7546 @1 | 1s
Epoch  10/100 | loss 0.01613 | val ATE 0.7128 | best 0.7128 @10 | 5s
Epoch  20/100 | loss 0.01070 | val ATE 0.4956 | best 0.4956 @20 | 9s
Epoch  30/100 | loss 0.00833 | val ATE 0.5558 | best 0.4584 @28 | 14s
Epoch  40/100 | loss 0.00725 | val ATE 0.4181 | best 0.4174 @37 | 18s
Epoch  50/100 | loss 0.00718 | val ATE 0.4372 | best 0.4174 @37 | 22s
Epoch  60/100 | loss 0.00709 | val ATE 0.4334 | best 0.4174 @37 | 26s
Epoch  70/100 | loss 0.00708 | val ATE 0.4448 | best 0.4174 @37 | 31s
Epoch  80/100 | loss 0.00706 | val ATE 0.4493 | best 0.4174 @37 | 35s
Epoch  90/100 | loss 0.00686 | val ATE 0.4352 | best 0.4174 @37 | 39s
Epoch 100/100 | loss 0.00681 | val ATE 0.4356 | best 0.4174 @37 | 43s

best val ATE 0.4174 at epoch 37

==============================================
  SCRATCH  our2 test
==============================================
trajectory           ATE [m]   TDE [%]
--------------------------------------
random/spd_1           1.845     49.14
random/spd_3           1.153     12.88
updown_eight/spd_1     0.939     16.01
updown_eight/spd_3     0.942     15.33
--------------------------------------
mean                   1.220     23.34

 SCRATCH  ATE 1.2196  TDE 23.3399
wrote /src/gs25122/MARIO/runs/transfer/our2_scratch_n2_rotor_s3
