/src/gs25122/miniconda3/envs/mamba/lib/python3.10/site-packages/mamba_ssm/ops/selective_scan_interface.py:164: FutureWarning: `torch.cuda.amp.custom_fwd(args...)` is deprecated. Please use `torch.amp.custom_fwd(args..., device_type='cuda')` instead.
  def forward(ctx, xz, conv1d_weight, conv1d_bias, x_proj_weight, delta_proj_weight,
/src/gs25122/miniconda3/envs/mamba/lib/python3.10/site-packages/mamba_ssm/ops/selective_scan_interface.py:240: FutureWarning: `torch.cuda.amp.custom_bwd(args...)` is deprecated. Please use `torch.amp.custom_bwd(args..., device_type='cuda')` instead.
  def backward(ctx, dout):
/src/gs25122/miniconda3/envs/mamba/lib/python3.10/site-packages/mamba_ssm/ops/triton/layer_norm.py:986: FutureWarning: `torch.cuda.amp.custom_fwd(args...)` is deprecated. Please use `torch.amp.custom_fwd(args..., device_type='cuda')` instead.
  def forward(
/src/gs25122/miniconda3/envs/mamba/lib/python3.10/site-packages/mamba_ssm/ops/triton/layer_norm.py:1045: FutureWarning: `torch.cuda.amp.custom_bwd(args...)` is deprecated. Please use `torch.amp.custom_bwd(args..., device_type='cuda')` instead.
  def backward(ctx, dout, *args):
/src/gs25122/miniconda3/envs/mamba/lib/python3.10/site-packages/mamba_ssm/distributed/tensor_parallel.py:26: FutureWarning: `torch.cuda.amp.custom_fwd(args...)` is deprecated. Please use `torch.amp.custom_fwd(args..., device_type='cuda')` instead.
  def forward(ctx, x, weight, bias, process_group=None, sequence_parallel=True):
/src/gs25122/miniconda3/envs/mamba/lib/python3.10/site-packages/mamba_ssm/distributed/tensor_parallel.py:62: FutureWarning: `torch.cuda.amp.custom_bwd(args...)` is deprecated. Please use `torch.amp.custom_bwd(args..., device_type='cuda')` instead.
  def backward(ctx, grad_output):
/src/gs25122/miniconda3/envs/mamba/lib/python3.10/site-packages/mamba_ssm/ops/triton/ssd_combined.py:758: FutureWarning: `torch.cuda.amp.custom_fwd(args...)` is deprecated. Please use `torch.amp.custom_fwd(args..., device_type='cuda')` instead.
  def forward(ctx, zxbcdt, conv1d_weight, conv1d_bias, dt_bias, A, D, chunk_size, initial_states=None, seq_idx=None, dt_limit=(0.0, float("inf")), return_final_states=False, activation="silu",
/src/gs25122/miniconda3/envs/mamba/lib/python3.10/site-packages/mamba_ssm/ops/triton/ssd_combined.py:836: FutureWarning: `torch.cuda.amp.custom_bwd(args...)` is deprecated. Please use `torch.amp.custom_bwd(args..., device_type='cuda')` instead.
  def backward(ctx, dout, *args):
mode=scratch  dataset=our2  seed=42  lr=0.000258  epochs=100  align=gravity yaw=180
  circle/spd_1             6412 samples    53.6 m
  circle/spd_3             6486 samples    47.7 m
  random/spd_1             8216 samples    29.2 m
  random/spd_3             8281 samples    70.6 m
  updown_eight/spd_1       6193 samples    47.8 m
  updown_eight/spd_3       6278 samples    69.9 m
train sequences (2): circle/spd_1 circle/spd_3
  windows our2|gravity|180.0|rotor|circle/spd_1-circle/spd_3|train: 1971 (built)
  windows our2|gravity|180.0|rotor|circle/spd_1-circle/spd_3|val: 57 (built)
trainable: 95,974 / 95,974 (100.0%)
Epoch   1/100 | loss 0.11904 | val ATE 2.8097 | best 2.8097 @1 | 1s
Epoch  10/100 | loss 0.01642 | val ATE 0.8884 | best 0.6015 @7 | 5s
Epoch  20/100 | loss 0.01256 | val ATE 0.4856 | best 0.4740 @19 | 9s
Epoch  30/100 | loss 0.01145 | val ATE 0.4523 | best 0.4400 @29 | 13s
Epoch  40/100 | loss 0.01069 | val ATE 0.4370 | best 0.4229 @39 | 17s
Epoch  50/100 | loss 0.01055 | val ATE 0.4409 | best 0.4229 @39 | 21s
Epoch  60/100 | loss 0.01038 | val ATE 0.4312 | best 0.4229 @39 | 25s
Epoch  70/100 | loss 0.01022 | val ATE 0.4381 | best 0.4229 @39 | 29s
Epoch  80/100 | loss 0.00994 | val ATE 0.4423 | best 0.4229 @39 | 33s
Epoch  90/100 | loss 0.00973 | val ATE 0.4637 | best 0.4229 @39 | 37s
Epoch 100/100 | loss 0.00964 | val ATE 0.4427 | best 0.4229 @39 | 41s

best val ATE 0.4229 at epoch 39

==============================================
  SCRATCH  our2 test
==============================================
trajectory           ATE [m]   TDE [%]
--------------------------------------
random/spd_1           2.000     53.27
random/spd_3           1.448     16.18
updown_eight/spd_1     1.641     27.97
updown_eight/spd_3     0.879     14.30
--------------------------------------
mean                   1.492     27.93

 SCRATCH  ATE 1.4918  TDE 27.9286
wrote /src/gs25122/MARIO/runs/transfer/our2_scratch_n2_rotor_s42
