/src/gs25122/miniconda3/envs/mamba/lib/python3.10/site-packages/mamba_ssm/ops/selective_scan_interface.py:164: FutureWarning: `torch.cuda.amp.custom_fwd(args...)` is deprecated. Please use `torch.amp.custom_fwd(args..., device_type='cuda')` instead.
  def forward(ctx, xz, conv1d_weight, conv1d_bias, x_proj_weight, delta_proj_weight,
/src/gs25122/miniconda3/envs/mamba/lib/python3.10/site-packages/mamba_ssm/ops/selective_scan_interface.py:240: FutureWarning: `torch.cuda.amp.custom_bwd(args...)` is deprecated. Please use `torch.amp.custom_bwd(args..., device_type='cuda')` instead.
  def backward(ctx, dout):
/src/gs25122/miniconda3/envs/mamba/lib/python3.10/site-packages/mamba_ssm/ops/triton/layer_norm.py:986: FutureWarning: `torch.cuda.amp.custom_fwd(args...)` is deprecated. Please use `torch.amp.custom_fwd(args..., device_type='cuda')` instead.
  def forward(
/src/gs25122/miniconda3/envs/mamba/lib/python3.10/site-packages/mamba_ssm/ops/triton/layer_norm.py:1045: FutureWarning: `torch.cuda.amp.custom_bwd(args...)` is deprecated. Please use `torch.amp.custom_bwd(args..., device_type='cuda')` instead.
  def backward(ctx, dout, *args):
/src/gs25122/miniconda3/envs/mamba/lib/python3.10/site-packages/mamba_ssm/distributed/tensor_parallel.py:26: FutureWarning: `torch.cuda.amp.custom_fwd(args...)` is deprecated. Please use `torch.amp.custom_fwd(args..., device_type='cuda')` instead.
  def forward(ctx, x, weight, bias, process_group=None, sequence_parallel=True):
/src/gs25122/miniconda3/envs/mamba/lib/python3.10/site-packages/mamba_ssm/distributed/tensor_parallel.py:62: FutureWarning: `torch.cuda.amp.custom_bwd(args...)` is deprecated. Please use `torch.amp.custom_bwd(args..., device_type='cuda')` instead.
  def backward(ctx, grad_output):
/src/gs25122/miniconda3/envs/mamba/lib/python3.10/site-packages/mamba_ssm/ops/triton/ssd_combined.py:758: FutureWarning: `torch.cuda.amp.custom_fwd(args...)` is deprecated. Please use `torch.amp.custom_fwd(args..., device_type='cuda')` instead.
  def forward(ctx, zxbcdt, conv1d_weight, conv1d_bias, dt_bias, A, D, chunk_size, initial_states=None, seq_idx=None, dt_limit=(0.0, float("inf")), return_final_states=False, activation="silu",
/src/gs25122/miniconda3/envs/mamba/lib/python3.10/site-packages/mamba_ssm/ops/triton/ssd_combined.py:836: FutureWarning: `torch.cuda.amp.custom_bwd(args...)` is deprecated. Please use `torch.amp.custom_bwd(args..., device_type='cuda')` instead.
  def backward(ctx, dout, *args):
mode=head  dataset=our2  seed=2  lr=2.58e-05  epochs=100  align=gravity yaw=180
  circle/spd_1             6412 samples    53.6 m
  circle/spd_3             6486 samples    47.7 m
  eight/spd_1              5962 samples    48.0 m
  eight/spd_3              5955 samples    86.8 m
  random/spd_1             8216 samples    29.2 m
  random/spd_3             8281 samples    70.6 m
  updown_eight/spd_1       6193 samples    47.8 m
  updown_eight/spd_3       6278 samples    69.9 m
train sequences (4): circle/spd_1 circle/spd_3 eight/spd_1 eight/spd_3
  windows our2|gravity|180.0|none|circle/spd_1-circle/spd_3-eight/spd_1-eight/spd_3|train: 3681 (cache)
  windows our2|gravity|180.0|none|circle/spd_1-circle/spd_3-eight/spd_1-eight/spd_3|val: 95 (cache)
trainable: 17,414 / 95,974 (18.1%)
Epoch   1/100 | loss 0.07783 | val ATE 2.1135 | best 2.1135 @1 | 1s
Epoch  10/100 | loss 0.02887 | val ATE 0.8229 | best 0.8229 @10 | 4s
Epoch  20/100 | loss 0.02376 | val ATE 0.7171 | best 0.7171 @20 | 8s
Epoch  30/100 | loss 0.02126 | val ATE 0.6627 | best 0.6592 @29 | 12s
Epoch  40/100 | loss 0.01979 | val ATE 0.6085 | best 0.6017 @39 | 16s
Epoch  50/100 | loss 0.01882 | val ATE 0.5561 | best 0.5561 @50 | 19s
Epoch  60/100 | loss 0.01806 | val ATE 0.5354 | best 0.5243 @59 | 23s
Epoch  70/100 | loss 0.01749 | val ATE 0.5024 | best 0.5024 @70 | 26s
Epoch  80/100 | loss 0.01702 | val ATE 0.4959 | best 0.4825 @78 | 30s
Epoch  90/100 | loss 0.01665 | val ATE 0.4723 | best 0.4698 @88 | 34s
Epoch 100/100 | loss 0.01632 | val ATE 0.4612 | best 0.4577 @97 | 37s

best val ATE 0.4577 at epoch 97

==============================================
  HEAD  our2 test
==============================================
trajectory           ATE [m]   TDE [%]
--------------------------------------
random/spd_1           1.816     48.38
random/spd_3           1.795     20.05
updown_eight/spd_1     0.781     13.31
updown_eight/spd_3     0.740     12.04
--------------------------------------
mean                   1.283     23.45

    HEAD  ATE 1.2829  TDE 23.4459
wrote /src/gs25122/MARIO/runs/transfer/our2_head_n4_s2
