/src/gs25122/miniconda3/envs/mamba/lib/python3.10/site-packages/mamba_ssm/ops/selective_scan_interface.py:164: FutureWarning: `torch.cuda.amp.custom_fwd(args...)` is deprecated. Please use `torch.amp.custom_fwd(args..., device_type='cuda')` instead.
  def forward(ctx, xz, conv1d_weight, conv1d_bias, x_proj_weight, delta_proj_weight,
/src/gs25122/miniconda3/envs/mamba/lib/python3.10/site-packages/mamba_ssm/ops/selective_scan_interface.py:240: FutureWarning: `torch.cuda.amp.custom_bwd(args...)` is deprecated. Please use `torch.amp.custom_bwd(args..., device_type='cuda')` instead.
  def backward(ctx, dout):
/src/gs25122/miniconda3/envs/mamba/lib/python3.10/site-packages/mamba_ssm/ops/triton/layer_norm.py:986: FutureWarning: `torch.cuda.amp.custom_fwd(args...)` is deprecated. Please use `torch.amp.custom_fwd(args..., device_type='cuda')` instead.
  def forward(
/src/gs25122/miniconda3/envs/mamba/lib/python3.10/site-packages/mamba_ssm/ops/triton/layer_norm.py:1045: FutureWarning: `torch.cuda.amp.custom_bwd(args...)` is deprecated. Please use `torch.amp.custom_bwd(args..., device_type='cuda')` instead.
  def backward(ctx, dout, *args):
/src/gs25122/miniconda3/envs/mamba/lib/python3.10/site-packages/mamba_ssm/distributed/tensor_parallel.py:26: FutureWarning: `torch.cuda.amp.custom_fwd(args...)` is deprecated. Please use `torch.amp.custom_fwd(args..., device_type='cuda')` instead.
  def forward(ctx, x, weight, bias, process_group=None, sequence_parallel=True):
/src/gs25122/miniconda3/envs/mamba/lib/python3.10/site-packages/mamba_ssm/distributed/tensor_parallel.py:62: FutureWarning: `torch.cuda.amp.custom_bwd(args...)` is deprecated. Please use `torch.amp.custom_bwd(args..., device_type='cuda')` instead.
  def backward(ctx, grad_output):
/src/gs25122/miniconda3/envs/mamba/lib/python3.10/site-packages/mamba_ssm/ops/triton/ssd_combined.py:758: FutureWarning: `torch.cuda.amp.custom_fwd(args...)` is deprecated. Please use `torch.amp.custom_fwd(args..., device_type='cuda')` instead.
  def forward(ctx, zxbcdt, conv1d_weight, conv1d_bias, dt_bias, A, D, chunk_size, initial_states=None, seq_idx=None, dt_limit=(0.0, float("inf")), return_final_states=False, activation="silu",
/src/gs25122/miniconda3/envs/mamba/lib/python3.10/site-packages/mamba_ssm/ops/triton/ssd_combined.py:836: FutureWarning: `torch.cuda.amp.custom_bwd(args...)` is deprecated. Please use `torch.amp.custom_bwd(args..., device_type='cuda')` instead.
  def backward(ctx, dout, *args):
mode=full  dataset=our2  seed=42  lr=2.58e-05  epochs=100  align=gravity yaw=180
  circle/spd_1             6412 samples    53.6 m
  circle/spd_3             6486 samples    47.7 m
  eight/spd_1              5962 samples    48.0 m
  eight/spd_3              5955 samples    86.8 m
  updown_circle/spd_1      7140 samples    61.1 m
  updown_circle/spd_3      6573 samples    47.9 m
  random/spd_1             8216 samples    29.2 m
  random/spd_3             8281 samples    70.6 m
  updown_eight/spd_1       6193 samples    47.8 m
  updown_eight/spd_3       6278 samples    69.9 m
train sequences (6): circle/spd_1 circle/spd_3 eight/spd_1 eight/spd_3 updown_circle/spd_1 updown_circle/spd_3
  windows our2|gravity|180.0|throttle|circle/spd_1-circle/spd_3-eight/spd_1-eight/spd_3-updown_circle/spd_1-updown_circle/spd_3|train: 5870 (built)
  windows our2|gravity|180.0|throttle|circle/spd_1-circle/spd_3-eight/spd_1-eight/spd_3-updown_circle/spd_1-updown_circle/spd_3|val: 168 (cache)
trainable: 95,974 / 95,974 (100.0%)
Epoch   1/100 | loss 0.20003 | val ATE 20.3525 | best 20.3525 @1 | 2s
Epoch  10/100 | loss 0.02180 | val ATE 0.7457 | best 0.7457 @10 | 13s
Epoch  20/100 | loss 0.01713 | val ATE 0.9996 | best 0.7347 @18 | 26s
Epoch  30/100 | loss 0.01597 | val ATE 0.8447 | best 0.6654 @28 | 39s
Epoch  40/100 | loss 0.01515 | val ATE 0.7757 | best 0.6654 @28 | 51s
Epoch  50/100 | loss 0.01447 | val ATE 0.6290 | best 0.6290 @50 | 64s
Epoch  60/100 | loss 0.01405 | val ATE 0.7587 | best 0.6290 @50 | 77s
Epoch  70/100 | loss 0.01364 | val ATE 0.6621 | best 0.6183 @66 | 90s
Epoch  80/100 | loss 0.01333 | val ATE 0.6470 | best 0.5526 @77 | 102s
Epoch  90/100 | loss 0.01307 | val ATE 0.5884 | best 0.5526 @77 | 115s
Epoch 100/100 | loss 0.01285 | val ATE 0.6214 | best 0.5526 @77 | 128s

best val ATE 0.5526 at epoch 77

==============================================
  FULL  our2 test
==============================================
trajectory           ATE [m]   TDE [%]
--------------------------------------
random/spd_1           3.587     95.56
random/spd_3           4.787     53.47
updown_eight/spd_1     0.484      8.25
updown_eight/spd_3     0.975     15.88
--------------------------------------
mean                   2.458     43.29

    FULL  ATE 2.4585  TDE 43.2926
wrote /src/gs25122/MARIO/runs/transfer/our2_full_n6_throttle_s42
