/src/gs25122/miniconda3/envs/mamba/lib/python3.10/site-packages/mamba_ssm/ops/selective_scan_interface.py:164: FutureWarning: `torch.cuda.amp.custom_fwd(args...)` is deprecated. Please use `torch.amp.custom_fwd(args..., device_type='cuda')` instead.
  def forward(ctx, xz, conv1d_weight, conv1d_bias, x_proj_weight, delta_proj_weight,
/src/gs25122/miniconda3/envs/mamba/lib/python3.10/site-packages/mamba_ssm/ops/selective_scan_interface.py:240: FutureWarning: `torch.cuda.amp.custom_bwd(args...)` is deprecated. Please use `torch.amp.custom_bwd(args..., device_type='cuda')` instead.
  def backward(ctx, dout):
/src/gs25122/miniconda3/envs/mamba/lib/python3.10/site-packages/mamba_ssm/ops/triton/layer_norm.py:986: FutureWarning: `torch.cuda.amp.custom_fwd(args...)` is deprecated. Please use `torch.amp.custom_fwd(args..., device_type='cuda')` instead.
  def forward(
/src/gs25122/miniconda3/envs/mamba/lib/python3.10/site-packages/mamba_ssm/ops/triton/layer_norm.py:1045: FutureWarning: `torch.cuda.amp.custom_bwd(args...)` is deprecated. Please use `torch.amp.custom_bwd(args..., device_type='cuda')` instead.
  def backward(ctx, dout, *args):
/src/gs25122/miniconda3/envs/mamba/lib/python3.10/site-packages/mamba_ssm/distributed/tensor_parallel.py:26: FutureWarning: `torch.cuda.amp.custom_fwd(args...)` is deprecated. Please use `torch.amp.custom_fwd(args..., device_type='cuda')` instead.
  def forward(ctx, x, weight, bias, process_group=None, sequence_parallel=True):
/src/gs25122/miniconda3/envs/mamba/lib/python3.10/site-packages/mamba_ssm/distributed/tensor_parallel.py:62: FutureWarning: `torch.cuda.amp.custom_bwd(args...)` is deprecated. Please use `torch.amp.custom_bwd(args..., device_type='cuda')` instead.
  def backward(ctx, grad_output):
/src/gs25122/miniconda3/envs/mamba/lib/python3.10/site-packages/mamba_ssm/ops/triton/ssd_combined.py:758: FutureWarning: `torch.cuda.amp.custom_fwd(args...)` is deprecated. Please use `torch.amp.custom_fwd(args..., device_type='cuda')` instead.
  def forward(ctx, zxbcdt, conv1d_weight, conv1d_bias, dt_bias, A, D, chunk_size, initial_states=None, seq_idx=None, dt_limit=(0.0, float("inf")), return_final_states=False, activation="silu",
/src/gs25122/miniconda3/envs/mamba/lib/python3.10/site-packages/mamba_ssm/ops/triton/ssd_combined.py:836: FutureWarning: `torch.cuda.amp.custom_bwd(args...)` is deprecated. Please use `torch.amp.custom_bwd(args..., device_type='cuda')` instead.
  def backward(ctx, dout, *args):
mode=full  dataset=our2  seed=42  lr=2.58e-05  epochs=100  align=gravity yaw=180
  circle/spd_1             6412 samples    53.6 m
  circle/spd_3             6486 samples    47.7 m
  random/spd_1             8216 samples    29.2 m
  random/spd_3             8281 samples    70.6 m
  updown_eight/spd_1       6193 samples    47.8 m
  updown_eight/spd_3       6278 samples    69.9 m
train sequences (2): circle/spd_1 circle/spd_3
  windows our2|gravity|180.0|rotor|circle/spd_1-circle/spd_3|train: 1971 (built)
  windows our2|gravity|180.0|rotor|circle/spd_1-circle/spd_3|val: 57 (cache)
trainable: 95,974 / 95,974 (100.0%)
Epoch   1/100 | loss 0.26500 | val ATE 15.9402 | best 15.9402 @1 | 1s
Epoch  10/100 | loss 0.04632 | val ATE 2.9084 | best 2.9084 @10 | 5s
Epoch  20/100 | loss 0.02231 | val ATE 1.2497 | best 1.0482 @15 | 9s
Epoch  30/100 | loss 0.01903 | val ATE 0.9886 | best 0.9841 @29 | 11s
Epoch  40/100 | loss 0.01727 | val ATE 1.0437 | best 0.8560 @39 | 14s
Epoch  50/100 | loss 0.01603 | val ATE 0.8896 | best 0.8167 @49 | 16s
Epoch  60/100 | loss 0.01494 | val ATE 0.8962 | best 0.7697 @57 | 18s
Epoch  70/100 | loss 0.01404 | val ATE 0.7702 | best 0.7697 @57 | 20s
Epoch  80/100 | loss 0.01310 | val ATE 0.9280 | best 0.7351 @79 | 25s
Epoch  90/100 | loss 0.01235 | val ATE 0.8691 | best 0.7281 @89 | 29s
Epoch 100/100 | loss 0.01184 | val ATE 0.7906 | best 0.6344 @96 | 33s

best val ATE 0.6344 at epoch 96

==============================================
  FULL  our2 test
==============================================
trajectory           ATE [m]   TDE [%]
--------------------------------------
random/spd_1           2.170     57.81
random/spd_3           2.284     25.51
updown_eight/spd_1     1.079     18.39
updown_eight/spd_3     1.042     16.96
--------------------------------------
mean                   1.644     29.67

    FULL  ATE 1.6437  TDE 29.6688
wrote /src/gs25122/MARIO/runs/transfer/our2_full_n2_rotor_s42
