/src/gs25122/miniconda3/envs/mamba/lib/python3.10/site-packages/mamba_ssm/ops/selective_scan_interface.py:164: FutureWarning: `torch.cuda.amp.custom_fwd(args...)` is deprecated. Please use `torch.amp.custom_fwd(args..., device_type='cuda')` instead.
  def forward(ctx, xz, conv1d_weight, conv1d_bias, x_proj_weight, delta_proj_weight,
/src/gs25122/miniconda3/envs/mamba/lib/python3.10/site-packages/mamba_ssm/ops/selective_scan_interface.py:240: FutureWarning: `torch.cuda.amp.custom_bwd(args...)` is deprecated. Please use `torch.amp.custom_bwd(args..., device_type='cuda')` instead.
  def backward(ctx, dout):
/src/gs25122/miniconda3/envs/mamba/lib/python3.10/site-packages/mamba_ssm/ops/triton/layer_norm.py:986: FutureWarning: `torch.cuda.amp.custom_fwd(args...)` is deprecated. Please use `torch.amp.custom_fwd(args..., device_type='cuda')` instead.
  def forward(
/src/gs25122/miniconda3/envs/mamba/lib/python3.10/site-packages/mamba_ssm/ops/triton/layer_norm.py:1045: FutureWarning: `torch.cuda.amp.custom_bwd(args...)` is deprecated. Please use `torch.amp.custom_bwd(args..., device_type='cuda')` instead.
  def backward(ctx, dout, *args):
/src/gs25122/miniconda3/envs/mamba/lib/python3.10/site-packages/mamba_ssm/distributed/tensor_parallel.py:26: FutureWarning: `torch.cuda.amp.custom_fwd(args...)` is deprecated. Please use `torch.amp.custom_fwd(args..., device_type='cuda')` instead.
  def forward(ctx, x, weight, bias, process_group=None, sequence_parallel=True):
/src/gs25122/miniconda3/envs/mamba/lib/python3.10/site-packages/mamba_ssm/distributed/tensor_parallel.py:62: FutureWarning: `torch.cuda.amp.custom_bwd(args...)` is deprecated. Please use `torch.amp.custom_bwd(args..., device_type='cuda')` instead.
  def backward(ctx, grad_output):
/src/gs25122/miniconda3/envs/mamba/lib/python3.10/site-packages/mamba_ssm/ops/triton/ssd_combined.py:758: FutureWarning: `torch.cuda.amp.custom_fwd(args...)` is deprecated. Please use `torch.amp.custom_fwd(args..., device_type='cuda')` instead.
  def forward(ctx, zxbcdt, conv1d_weight, conv1d_bias, dt_bias, A, D, chunk_size, initial_states=None, seq_idx=None, dt_limit=(0.0, float("inf")), return_final_states=False, activation="silu",
/src/gs25122/miniconda3/envs/mamba/lib/python3.10/site-packages/mamba_ssm/ops/triton/ssd_combined.py:836: FutureWarning: `torch.cuda.amp.custom_bwd(args...)` is deprecated. Please use `torch.amp.custom_bwd(args..., device_type='cuda')` instead.
  def backward(ctx, dout, *args):
mode=full  dataset=our2  seed=3  lr=2.58e-05  epochs=100  align=gravity yaw=180
  circle/spd_1             6412 samples    53.6 m
  circle/spd_3             6486 samples    47.7 m
  random/spd_1             8216 samples    29.2 m
  random/spd_3             8281 samples    70.6 m
  updown_eight/spd_1       6193 samples    47.8 m
  updown_eight/spd_3       6278 samples    69.9 m
train sequences (2): circle/spd_1 circle/spd_3
  windows our2|gravity|180.0|throttle|circle/spd_1-circle/spd_3|train: 1971 (cache)
  windows our2|gravity|180.0|throttle|circle/spd_1-circle/spd_3|val: 57 (cache)
trainable: 95,974 / 95,974 (100.0%)
Epoch   1/100 | loss 0.25641 | val ATE 22.0028 | best 22.0028 @1 | 1s
Epoch  10/100 | loss 0.05040 | val ATE 3.2022 | best 3.2022 @10 | 5s
Epoch  20/100 | loss 0.02229 | val ATE 1.1861 | best 1.1455 @18 | 9s
Epoch  30/100 | loss 0.01724 | val ATE 0.9366 | best 0.9125 @21 | 13s
Epoch  40/100 | loss 0.01577 | val ATE 1.0408 | best 0.7771 @39 | 18s
Epoch  50/100 | loss 0.01471 | val ATE 0.7975 | best 0.7596 @47 | 22s
Epoch  60/100 | loss 0.01376 | val ATE 0.9351 | best 0.7175 @59 | 26s
Epoch  70/100 | loss 0.01293 | val ATE 0.6806 | best 0.6806 @70 | 30s
Epoch  80/100 | loss 0.01234 | val ATE 0.9000 | best 0.6806 @70 | 35s
Epoch  90/100 | loss 0.01169 | val ATE 0.9238 | best 0.6367 @81 | 39s
Epoch 100/100 | loss 0.01129 | val ATE 0.6999 | best 0.6194 @92 | 43s

best val ATE 0.6194 at epoch 92

==============================================
  FULL  our2 test
==============================================
trajectory           ATE [m]   TDE [%]
--------------------------------------
random/spd_1           1.883     50.17
random/spd_3           2.435     27.21
updown_eight/spd_1     0.683     11.64
updown_eight/spd_3     0.949     15.46
--------------------------------------
mean                   1.488     26.12

    FULL  ATE 1.4878  TDE 26.1192
wrote /src/gs25122/MARIO/runs/transfer/our2_full_n2_throttle_s3
