/src/gs25122/miniconda3/envs/mamba/lib/python3.10/site-packages/mamba_ssm/ops/selective_scan_interface.py:164: FutureWarning: `torch.cuda.amp.custom_fwd(args...)` is deprecated. Please use `torch.amp.custom_fwd(args..., device_type='cuda')` instead.
  def forward(ctx, xz, conv1d_weight, conv1d_bias, x_proj_weight, delta_proj_weight,
/src/gs25122/miniconda3/envs/mamba/lib/python3.10/site-packages/mamba_ssm/ops/selective_scan_interface.py:240: FutureWarning: `torch.cuda.amp.custom_bwd(args...)` is deprecated. Please use `torch.amp.custom_bwd(args..., device_type='cuda')` instead.
  def backward(ctx, dout):
/src/gs25122/miniconda3/envs/mamba/lib/python3.10/site-packages/mamba_ssm/ops/triton/layer_norm.py:986: FutureWarning: `torch.cuda.amp.custom_fwd(args...)` is deprecated. Please use `torch.amp.custom_fwd(args..., device_type='cuda')` instead.
  def forward(
/src/gs25122/miniconda3/envs/mamba/lib/python3.10/site-packages/mamba_ssm/ops/triton/layer_norm.py:1045: FutureWarning: `torch.cuda.amp.custom_bwd(args...)` is deprecated. Please use `torch.amp.custom_bwd(args..., device_type='cuda')` instead.
  def backward(ctx, dout, *args):
/src/gs25122/miniconda3/envs/mamba/lib/python3.10/site-packages/mamba_ssm/distributed/tensor_parallel.py:26: FutureWarning: `torch.cuda.amp.custom_fwd(args...)` is deprecated. Please use `torch.amp.custom_fwd(args..., device_type='cuda')` instead.
  def forward(ctx, x, weight, bias, process_group=None, sequence_parallel=True):
/src/gs25122/miniconda3/envs/mamba/lib/python3.10/site-packages/mamba_ssm/distributed/tensor_parallel.py:62: FutureWarning: `torch.cuda.amp.custom_bwd(args...)` is deprecated. Please use `torch.amp.custom_bwd(args..., device_type='cuda')` instead.
  def backward(ctx, grad_output):
/src/gs25122/miniconda3/envs/mamba/lib/python3.10/site-packages/mamba_ssm/ops/triton/ssd_combined.py:758: FutureWarning: `torch.cuda.amp.custom_fwd(args...)` is deprecated. Please use `torch.amp.custom_fwd(args..., device_type='cuda')` instead.
  def forward(ctx, zxbcdt, conv1d_weight, conv1d_bias, dt_bias, A, D, chunk_size, initial_states=None, seq_idx=None, dt_limit=(0.0, float("inf")), return_final_states=False, activation="silu",
/src/gs25122/miniconda3/envs/mamba/lib/python3.10/site-packages/mamba_ssm/ops/triton/ssd_combined.py:836: FutureWarning: `torch.cuda.amp.custom_bwd(args...)` is deprecated. Please use `torch.amp.custom_bwd(args..., device_type='cuda')` instead.
  def backward(ctx, dout, *args):
mode=head  dataset=our2  seed=2  lr=2.58e-05  epochs=100  align=gravity yaw=180
  circle/spd_1             6412 samples    53.6 m
  random/spd_1             8216 samples    29.2 m
  random/spd_3             8281 samples    70.6 m
  updown_eight/spd_1       6193 samples    47.8 m
  updown_eight/spd_3       6278 samples    69.9 m
train sequences (1): circle/spd_1
  windows our2|gravity|180.0|none|circle/spd_1|train: 976 (cache)
  windows our2|gravity|180.0|none|circle/spd_1|val: 28 (cache)
trainable: 17,414 / 95,974 (18.1%)
Epoch   1/100 | loss 0.06194 | val ATE 2.3877 | best 2.3877 @1 | 1s
Epoch  10/100 | loss 0.03339 | val ATE 1.5365 | best 1.5365 @10 | 2s
Epoch  20/100 | loss 0.01818 | val ATE 0.7169 | best 0.7169 @20 | 3s
Epoch  30/100 | loss 0.01600 | val ATE 0.5565 | best 0.5476 @29 | 4s
Epoch  40/100 | loss 0.01498 | val ATE 0.5346 | best 0.5314 @36 | 5s
Epoch  50/100 | loss 0.01448 | val ATE 0.5348 | best 0.5257 @49 | 6s
Epoch  60/100 | loss 0.01414 | val ATE 0.5255 | best 0.5182 @57 | 7s
Epoch  70/100 | loss 0.01381 | val ATE 0.5252 | best 0.5181 @67 | 8s
Epoch  80/100 | loss 0.01349 | val ATE 0.5258 | best 0.5180 @74 | 9s
Epoch  90/100 | loss 0.01318 | val ATE 0.5098 | best 0.5098 @90 | 10s
Epoch 100/100 | loss 0.01292 | val ATE 0.5199 | best 0.5098 @90 | 11s

best val ATE 0.5098 at epoch 90

==============================================
  HEAD  our2 test
==============================================
trajectory           ATE [m]   TDE [%]
--------------------------------------
random/spd_1           1.306     34.79
random/spd_3           0.964     10.77
updown_eight/spd_1     0.552      9.41
updown_eight/spd_3     0.774     12.61
--------------------------------------
mean                   0.899     16.90

    HEAD  ATE 0.8992  TDE 16.8951
wrote /src/gs25122/MARIO/runs/transfer/our2_head_n1_s2
